<html>
<body>
<pre>
<h1>礦ision Build Log</h1>
<h2>Tool Versions:</h2>
IDE-Version: μVision V5.15
Copyright (C) 2015 ARM Ltd and ARM Germany GmbH. All rights reserved.
License Information:  ,  , LIC=D0DTG-VA3WM-AD4KK-ZTJEG-8HHEK-R58BK
 
Tool Versions:
Toolchain:       MDK-ARM Standard  Version: 5.15.0
Toolchain Path:  f:\Keil_v5\ARM\ARMCC\Bin
C Compiler:      Armcc.exe V5.05 update 2 (build 169)
Assembler:       Armasm.exe V5.05 update 2 (build 169)
Linker/Locator:  ArmLink.exe V5.05 update 2 (build 169)
Library Manager: ArmAr.exe V5.05 update 2 (build 169)
Hex Converter:   FromElf.exe V5.05 update 2 (build 169)
CPU DLL:         SARMCM3.DLL V5.15.0
Dialog DLL:      DCM.DLL V1.13.2.0
Target DLL:      Segger\JL2CM3.dll V2.99.15.0
Dialog DLL:      TCM.DLL V1.14.5.0
 
<h2>Project:</h2>
F:\01_水肥\20171112控制器接收清零 - 水肥\20181107极码平台有线SDK水肥\Project\Induction Heater.uvprojx
Project File Date:  12/04/2018

<h2>Output:</h2>
*** Using Compiler 'V5.05 update 2 (build 169)', folder: 'f:\Keil_v5\ARM\ARMCC\Bin'
Build target 'Gateway'
compiling HandleTask.c...
..\User\HandleTask.c(193): warning:  #177-D: variable "ReportData1" was declared but never referenced
  static u8  ReportData1[128];
..\User\HandleTask.c(686): warning:  #550-D: variable "RxReport1_step_flg" was set but never used
  static u8 RxReport1_step_flg = 0;//RxReport1_step_flg!=0??示?盏降??????汛???
..\User\HandleTask.c(691): warning:  #177-D: variable "RxReport2_len" was declared but never referenced
  static u8 RxReport2_len = 0;
..\User\HandleTask.c(693): warning:  #177-D: variable "RxReport4_len" was declared but never referenced
  static u8 RxReport4_len = 0;
..\User\HandleTask.c: 4 warnings, 0 errors
linking...
Program Size: Code=62640 RO-data=1136 RW-data=1564 ZI-data=20048  
FromELF: creating hex file...
"..\Output\Induction Heater.axf" - 0 Error(s), 4 Warning(s).

<h2>Collection of Component include folders:</h2>
  F:\01_水肥\20171112控制器接收清零 - 水肥\20181107极码平台有线SDK水肥\Project\RTE
  f:\Keil_v5\ARM\PACK\Keil\STM32F1xx_DFP\1.1.0\Device\Include

<h2>Collection of Component Files used:</h2>
</pre>
</body>
</html>
