Component: ARM Compiler 5.05 update 2 (build 169) Tool: armlink [4d0f33]

==============================================================================

Section Cross References

    startup_stm32f10x_hd.o(RESET) refers to startup_stm32f10x_hd.o(STACK) for __initial_sp
    startup_stm32f10x_hd.o(RESET) refers to startup_stm32f10x_hd.o(.text) for Reset_Handler
    startup_stm32f10x_hd.o(RESET) refers to stm32f10x_it.o(i.NMI_Handler) for NMI_Handler
    startup_stm32f10x_hd.o(RESET) refers to stm32f10x_it.o(i.HardFault_Handler) for HardFault_Handler
    startup_stm32f10x_hd.o(RESET) refers to stm32f10x_it.o(i.MemManage_Handler) for MemManage_Handler
    startup_stm32f10x_hd.o(RESET) refers to stm32f10x_it.o(i.BusFault_Handler) for BusFault_Handler
    startup_stm32f10x_hd.o(RESET) refers to stm32f10x_it.o(i.UsageFault_Handler) for UsageFault_Handler
    startup_stm32f10x_hd.o(RESET) refers to stm32f10x_it.o(i.SVC_Handler) for SVC_Handler
    startup_stm32f10x_hd.o(RESET) refers to stm32f10x_it.o(i.DebugMon_Handler) for DebugMon_Handler
    startup_stm32f10x_hd.o(RESET) refers to stm32f10x_it.o(i.PendSV_Handler) for PendSV_Handler
    startup_stm32f10x_hd.o(RESET) refers to stm32f10x_it.o(i.SysTick_Handler) for SysTick_Handler
    startup_stm32f10x_hd.o(RESET) refers to stm32f10x_it.o(i.EXTI0_IRQHandler) for EXTI0_IRQHandler
    startup_stm32f10x_hd.o(RESET) refers to stm32f10x_it.o(i.EXTI1_IRQHandler) for EXTI1_IRQHandler
    startup_stm32f10x_hd.o(RESET) refers to stm32f10x_it.o(i.EXTI4_IRQHandler) for EXTI4_IRQHandler
    startup_stm32f10x_hd.o(RESET) refers to stm32f10x_it.o(i.DMA1_Channel2_IRQHandler) for DMA1_Channel2_IRQHandler
    startup_stm32f10x_hd.o(RESET) refers to stm32f10x_it.o(i.DMA1_Channel4_IRQHandler) for DMA1_Channel4_IRQHandler
    startup_stm32f10x_hd.o(RESET) refers to stm32f10x_it.o(i.DMA1_Channel7_IRQHandler) for DMA1_Channel7_IRQHandler
    startup_stm32f10x_hd.o(RESET) refers to stm32f10x_it.o(i.EXTI9_5_IRQHandler) for EXTI9_5_IRQHandler
    startup_stm32f10x_hd.o(RESET) refers to stm32f10x_it.o(i.TIM2_IRQHandler) for TIM2_IRQHandler
    startup_stm32f10x_hd.o(RESET) refers to stm32f10x_it.o(i.USART1_IRQHandler) for USART1_IRQHandler
    startup_stm32f10x_hd.o(RESET) refers to stm32f10x_it.o(i.USART2_IRQHandler) for USART2_IRQHandler
    startup_stm32f10x_hd.o(RESET) refers to stm32f10x_it.o(i.USART3_IRQHandler) for USART3_IRQHandler
    startup_stm32f10x_hd.o(RESET) refers to stm32f10x_it.o(i.EXTI15_10_IRQHandler) for EXTI15_10_IRQHandler
    startup_stm32f10x_hd.o(RESET) refers to stm32f10x_it.o(i.TIM5_IRQHandler) for TIM5_IRQHandler
    startup_stm32f10x_hd.o(RESET) refers to stm32f10x_it.o(i.UART4_IRQHandler) for UART4_IRQHandler
    startup_stm32f10x_hd.o(RESET) refers to stm32f10x_it.o(i.UART5_IRQHandler) for UART5_IRQHandler
    startup_stm32f10x_hd.o(RESET) refers to stm32f10x_it.o(i.DMA2_Channel4_5_IRQHandler) for DMA2_Channel4_5_IRQHandler
    startup_stm32f10x_hd.o(.text) refers to system_stm32f10x.o(i.SystemInit) for SystemInit
    startup_stm32f10x_hd.o(.text) refers to entry.o(.ARM.Collect$$$$00000000) for __main
    stm32f10x_adc.o(i.ADC_DeInit) refers to stm32f10x_rcc.o(i.RCC_APB2PeriphResetCmd) for RCC_APB2PeriphResetCmd
    stm32f10x_dac.o(i.DAC_DeInit) refers to stm32f10x_rcc.o(i.RCC_APB1PeriphResetCmd) for RCC_APB1PeriphResetCmd
    stm32f10x_flash.o(i.FLASH_EnableWriteProtection) refers to stm32f10x_flash.o(i.FLASH_WaitForLastOperation) for FLASH_WaitForLastOperation
    stm32f10x_flash.o(i.FLASH_EraseAllBank1Pages) refers to stm32f10x_flash.o(i.FLASH_WaitForLastBank1Operation) for FLASH_WaitForLastBank1Operation
    stm32f10x_flash.o(i.FLASH_EraseAllPages) refers to stm32f10x_flash.o(i.FLASH_WaitForLastOperation) for FLASH_WaitForLastOperation
    stm32f10x_flash.o(i.FLASH_EraseOptionBytes) refers to stm32f10x_flash.o(i.FLASH_GetReadOutProtectionStatus) for FLASH_GetReadOutProtectionStatus
    stm32f10x_flash.o(i.FLASH_EraseOptionBytes) refers to stm32f10x_flash.o(i.FLASH_WaitForLastOperation) for FLASH_WaitForLastOperation
    stm32f10x_flash.o(i.FLASH_ErasePage) refers to stm32f10x_flash.o(i.FLASH_WaitForLastOperation) for FLASH_WaitForLastOperation
    stm32f10x_flash.o(i.FLASH_ProgramHalfWord) refers to stm32f10x_flash.o(i.FLASH_WaitForLastOperation) for FLASH_WaitForLastOperation
    stm32f10x_flash.o(i.FLASH_ProgramOptionByteData) refers to stm32f10x_flash.o(i.FLASH_WaitForLastOperation) for FLASH_WaitForLastOperation
    stm32f10x_flash.o(i.FLASH_ProgramWord) refers to stm32f10x_flash.o(i.FLASH_WaitForLastOperation) for FLASH_WaitForLastOperation
    stm32f10x_flash.o(i.FLASH_ReadOutProtection) refers to stm32f10x_flash.o(i.FLASH_WaitForLastOperation) for FLASH_WaitForLastOperation
    stm32f10x_flash.o(i.FLASH_UserOptionByteConfig) refers to stm32f10x_flash.o(i.FLASH_WaitForLastOperation) for FLASH_WaitForLastOperation
    stm32f10x_flash.o(i.FLASH_WaitForLastBank1Operation) refers to stm32f10x_flash.o(i.FLASH_GetBank1Status) for FLASH_GetBank1Status
[...]
    _printf_p                                0x00000000   Number         0  stubs.o ABSOLUTE
    _printf_percent                          0x00000000   Number         0  stubs.o ABSOLUTE
    _printf_pre_padding                      0x00000000   Number         0  stubs.o ABSOLUTE
    _printf_return_value                     0x00000000   Number         0  stubs.o ABSOLUTE
    _printf_s                                0x00000000   Number         0  stubs.o ABSOLUTE
    _printf_sizespec                         0x00000000   Number         0  stubs.o ABSOLUTE
    _printf_str                              0x00000000   Number         0  stubs.o ABSOLUTE
    _printf_truncate_signed                  0x00000000   Number         0  stubs.o ABSOLUTE
    _printf_truncate_unsigned                0x00000000   Number         0  stubs.o ABSOLUTE
    _printf_u                                0x00000000   Number         0  stubs.o ABSOLUTE
    _printf_wc                               0x00000000   Number         0  stubs.o ABSOLUTE
    _printf_wctomb                           0x00000000   Number         0  stubs.o ABSOLUTE
    _printf_widthprec                        0x00000000   Number         0  stubs.o ABSOLUTE
    _printf_x                                0x00000000   Number         0  stubs.o ABSOLUTE
    __cpp_initialize__aeabi_                  - Undefined Weak Reference
    __cxa_finalize                            - Undefined Weak Reference
    _clock_init                               - Undefined Weak Reference
    _microlib_exit                            - Undefined Weak Reference
    __Vectors_Size                           0x00000130   Number         0  startup_stm32f10x_hd.o ABSOLUTE
    __Vectors                                0x08000000   Data           4  startup_stm32f10x_hd.o(RESET)
    __Vectors_End                            0x08000130   Data           0  startup_stm32f10x_hd.o(RESET)
    __main                                   0x08000131   Thumb Code     0  entry.o(.ARM.Collect$$$$00000000)
    _main_stk                                0x08000131   Thumb Code     0  entry2.o(.ARM.Collect$$$$00000001)
    _main_scatterload                        0x08000135   Thumb Code     0  entry5.o(.ARM.Collect$$$$00000004)
    __main_after_scatterload                 0x08000139   Thumb Code     0  entry5.o(.ARM.Collect$$$$00000004)
    _main_clock                              0x08000139   Thumb Code     0  entry7b.o(.ARM.Collect$$$$00000008)
    _main_cpp_init                           0x08000139   Thumb Code     0  entry8b.o(.ARM.Collect$$$$0000000A)
    _main_init                               0x08000139   Thumb Code     0  entry9a.o(.ARM.Collect$$$$0000000B)
    __rt_final_cpp                           0x08000141   Thumb Code     0  entry10a.o(.ARM.Collect$$$$0000000D)
    __rt_final_exit                          0x08000141   Thumb Code     0  entry11a.o(.ARM.Collect$$$$0000000F)
    Reset_Handler                            0x08000145   Thumb Code     8  startup_stm32f10x_hd.o(.text)
    ADC1_2_IRQHandler                        0x0800015f   Thumb Code     0  startup_stm32f10x_hd.o(.text)
    ADC3_IRQHandler                          0x0800015f   Thumb Code     0  startup_stm32f10x_hd.o(.text)
    CAN1_RX1_IRQHandler                      0x0800015f   Thumb Code     0  startup_stm32f10x_hd.o(.text)
    CAN1_SCE_IRQHandler                      0x0800015f   Thumb Code     0  startup_stm32f10x_hd.o(.text)
    DMA1_Channel1_IRQHandler                 0x0800015f   Thumb Code     0  startup_stm32f10x_hd.o(.text)
    DMA1_Channel3_IRQHandler                 0x0800015f   Thumb Code     0  startup_stm32f10x_hd.o(.text)
    DMA1_Channel5_IRQHandler                 0x0800015f   Thumb Code     0  startup_stm32f10x_hd.o(.text)
    DMA1_Channel6_IRQHandler                 0x0800015f   Thumb Code     0  startup_stm32f10x_hd.o(.text)
    DMA2_Channel1_IRQHandler                 0x0800015f   Thumb Code     0  startup_stm32f10x_hd.o(.text)
    DMA2_Channel2_IRQHandler                 0x0800015f   Thumb Code     0  startup_stm32f10x_hd.o(.text)
    DMA2_Channel3_IRQHandler                 0x0800015f   Thumb Code     0  startup_stm32f10x_hd.o(.text)
    EXTI2_IRQHandler                         0x0800015f   Thumb Code     0  startup_stm32f10x_hd.o(.text)
    EXTI3_IRQHandler                         0x0800015f   Thumb Code     0  startup_stm32f10x_hd.o(.text)
    FLASH_IRQHandler                         0x0800015f   Thumb Code     0  startup_stm32f10x_hd.o(.text)
    FSMC_IRQHandler                          0x0800015f   Thumb Code     0  startup_stm32f10x_hd.o(.text)
    I2C1_ER_IRQHandler                       0x0800015f   Thumb Code     0  startup_stm32f10x_hd.o(.text)
    I2C1_EV_IRQHandler                       0x0800015f   Thumb Code     0  startup_stm32f10x_hd.o(.text)
    I2C2_ER_IRQHandler                       0x0800015f   Thumb Code     0  startup_stm32f10x_hd.o(.text)
    I2C2_EV_IRQHandler                       0x0800015f   Thumb Code     0  startup_stm32f10x_hd.o(.text)
    PVD_IRQHandler                           0x0800015f   Thumb Code     0  startup_stm32f10x_hd.o(.text)
    RCC_IRQHandler                           0x0800015f   Thumb Code     0  startup_stm32f10x_hd.o(.text)
    RTCAlarm_IRQHandler                      0x0800015f   Thumb Code     0  startup_stm32f10x_hd.o(.text)
    RTC_IRQHandler                           0x0800015f   Thumb Code     0  startup_stm32f10x_hd.o(.text)
    SDIO_IRQHandler                          0x0800015f   Thumb Code     0  startup_stm32f10x_hd.o(.text)
    SPI1_IRQHandler                          0x0800015f   Thumb Code     0  startup_stm32f10x_hd.o(.text)
    SPI2_IRQHandler                          0x0800015f   Thumb Code     0  startup_stm32f10x_hd.o(.text)
    SPI3_IRQHandler                          0x0800015f   Thumb Code     0  startup_stm32f10x_hd.o(.text)
    TAMPER_IRQHandler                        0x0800015f   Thumb Code     0  startup_stm32f10x_hd.o(.text)
    TIM1_BRK_IRQHandler                      0x0800015f   Thumb Code     0  startup_stm32f10x_hd.o(.text)
    TIM1_CC_IRQHandler                       0x0800015f   Thumb Code     0  startup_stm32f10x_hd.o(.text)
    TIM1_TRG_COM_IRQHandler                  0x0800015f   Thumb Code     0  startup_stm32f10x_hd.o(.text)
    TIM1_UP_IRQHandler                       0x0800015f   Thumb Code     0  startup_stm32f10x_hd.o(.text)
    TIM3_IRQHandler                          0x0800015f   Thumb Code     0  startup_stm32f10x_hd.o(.text)
    TIM4_IRQHandler                          0x0800015f   Thumb Code     0  startup_stm32f10x_hd.o(.text)
    TIM6_IRQHandler                          0x0800015f   Thumb Code     0  startup_stm32f10x_hd.o(.text)
    TIM7_IRQHandler                          0x0800015f   Thumb Code     0  startup_stm32f10x_hd.o(.text)
    TIM8_BRK_IRQHandler                      0x0800015f   Thumb Code     0  startup_stm32f10x_hd.o(.text)
    TIM8_CC_IRQHandler                       0x0800015f   Thumb Code     0  startup_stm32f10x_hd.o(.text)
    TIM8_TRG_COM_IRQHandler                  0x0800015f   Thumb Code     0  startup_stm32f10x_hd.o(.text)
    TIM8_UP_IRQHandler                       0x0800015f   Thumb Code     0  startup_stm32f10x_hd.o(.text)
    USBWakeUp_IRQHandler                     0x0800015f   Thumb Code     0  startup_stm32f10x_hd.o(.text)
    USB_HP_CAN1_TX_IRQHandler                0x0800015f   Thumb Code     0  startup_stm32f10x_hd.o(.text)
    USB_LP_CAN1_RX0_IRQHandler               0x0800015f   Thumb Code     0  startup_stm32f10x_hd.o(.text)
    WWDG_IRQHandler                          0x0800015f   Thumb Code     0  startup_stm32f10x_hd.o(.text)
    __aeabi_memcpy                           0x08000169   Thumb Code    36  memcpya.o(.text)
    __aeabi_memcpy4                          0x08000169   Thumb Code     0  memcpya.o(.text)
    __aeabi_memcpy8                          0x08000169   Thumb Code     0  memcpya.o(.text)
    __aeabi_memset                           0x0800018d   Thumb Code    14  memseta.o(.text)
    __aeabi_memset4                          0x0800018d   Thumb Code     0  memseta.o(.text)
    __aeabi_memset8                          0x0800018d   Thumb Code     0  memseta.o(.text)
    __aeabi_memclr                           0x0800019b   Thumb Code     4  memseta.o(.text)
    __aeabi_memclr4                          0x0800019b   Thumb Code     0  memseta.o(.text)
    __aeabi_memclr8                          0x0800019b   Thumb Code     0  memseta.o(.text)
    _memset$wrapper                          0x0800019f   Thumb Code    18  memseta.o(.text)
    strstr                                   0x080001b1   Thumb Code    36  strstr.o(.text)
    strlen                                   0x080001d5   Thumb Code    14  strlen.o(.text)
    __aeabi_fadd                             0x080001e3   Thumb Code   164  fadd.o(.text)
    __aeabi_fsub                             0x08000287   Thumb Code     6  fadd.o(.text)
    __aeabi_frsub                            0x0800028d   Thumb Code     6  fadd.o(.text)
    __aeabi_fmul                             0x08000293   Thumb Code   100  fmul.o(.text)
    __aeabi_fdiv                             0x080002f7   Thumb Code   124  fdiv.o(.text)
    __aeabi_dmul                             0x08000373   Thumb Code   228  dmul.o(.text)
    __aeabi_ddiv                             0x08000457   Thumb Code   222  ddiv.o(.text)
    __aeabi_i2f                              0x08000535   Thumb Code    18  fflti.o(.text)
    __aeabi_ui2f                             0x08000547   Thumb Code    10  ffltui.o(.text)
    __aeabi_ui2d                             0x08000551   Thumb Code    26  dfltui.o(.text)
    __aeabi_f2iz                             0x0800056b   Thumb Code    50  ffixi.o(.text)
    __aeabi_f2uiz                            0x0800059d   Thumb Code    40  ffixui.o(.text)
    __aeabi_d2uiz                            0x080005c5   Thumb Code    50  dfixui.o(.text)
    __aeabi_f2d                              0x080005f7   Thumb Code    38  f2d.o(.text)
    __aeabi_d2f                              0x0800061d   Thumb Code    56  d2f.o(.text)
    __aeabi_llsr                             0x08000655   Thumb Code    32  llushr.o(.text)
    _ll_ushift_r                             0x08000655   Thumb Code     0  llushr.o(.text)
    __I$use$fp                               0x08000675   Thumb Code     0  iusefp.o(.text)
    _float_round                             0x08000675   Thumb Code    18  fepilogue.o(.text)
    _float_epilogue                          0x08000687   Thumb Code    92  fepilogue.o(.text)
    _double_round                            0x080006e3   Thumb Code    30  depilogue.o(.text)
    _double_epilogue                         0x08000701   Thumb Code   156  depilogue.o(.text)
    __aeabi_dadd                             0x0800079d   Thumb Code   322  dadd.o(.text)
    __aeabi_dsub                             0x080008df   Thumb Code     6  dadd.o(.text)
    __aeabi_drsub                            0x080008e5   Thumb Code     6  dadd.o(.text)
    __ARM_scalbn                             0x080008eb   Thumb Code    46  dscalb.o(.text)
    scalbn                                   0x080008eb   Thumb Code     0  dscalb.o(.text)
    __aeabi_i2d                              0x08000919   Thumb Code    34  dflti.o(.text)
    __aeabi_cdrcmple                         0x0800093d   Thumb Code    48  cdrcmple.o(.text)
    __scatterload                            0x0800096d   Thumb Code    28  init.o(.text)
    __scatterload_rt2                        0x0800096d   Thumb Code     0  init.o(.text)
    __aeabi_llsl                             0x08000991   Thumb Code    30  llshl.o(.text)
    _ll_shift_l                              0x08000991   Thumb Code     0  llshl.o(.text)
    __aeabi_lasr                             0x080009af   Thumb Code    36  llsshr.o(.text)
    _ll_sshift_r                             0x080009af   Thumb Code     0  llsshr.o(.text)
    _dsqrt                                   0x080009d3   Thumb Code   162  dsqrt.o(.text)
    __decompress                             0x08000a75   Thumb Code     0  __dczerorl2.o(.text)
    __decompress1                            0x08000a75   Thumb Code    86  __dczerorl2.o(.text)
    ADC1_Configuration                       0x08000acd   Thumb Code   186  stm32_configuration.o(i.ADC1_Configuration)
    ADC_Cmd                                  0x08000b99   Thumb Code    24  stm32f10x_adc.o(i.ADC_Cmd)
    ADC_DMACmd                               0x08000bb1   Thumb Code    24  stm32f10x_adc.o(i.ADC_DMACmd)
    ADC_GetCalibrationStatus                 0x08000bc9   Thumb Code    16  stm32f10x_adc.o(i.ADC_GetCalibrationStatus)
    ADC_GetResetCalibrationStatus            0x08000bd9   Thumb Code    16  stm32f10x_adc.o(i.ADC_GetResetCalibrationStatus)
    ADC_Init                                 0x08000be9   Thumb Code    72  stm32f10x_adc.o(i.ADC_Init)
    ADC_RegularChannelConfig                 0x08000c35   Thumb Code   144  stm32f10x_adc.o(i.ADC_RegularChannelConfig)
    ADC_ResetCalibration                     0x08000cc5   Thumb Code    10  stm32f10x_adc.o(i.ADC_ResetCalibration)
    ADC_SoftwareStartConvCmd                 0x08000ccf   Thumb Code    24  stm32f10x_adc.o(i.ADC_SoftwareStartConvCmd)
    ADC_StartCalibration                     0x08000ce7   Thumb Code    10  stm32f10x_adc.o(i.ADC_StartCalibration)
    BusFault_Handler                         0x08000d39   Thumb Code     2  stm32f10x_it.o(i.BusFault_Handler)
    CPS131_Read                              0x08000d3d   Thumb Code   194  si7021.o(i.CPS131_Read)
    CPS131_Send                              0x08000e0d   Thumb Code   196  si7021.o(i.CPS131_Send)
    CPS131_Transtart                         0x08000edd   Thumb Code    82  si7021.o(i.CPS131_Transtart)
    CPS131_Transtop                          0x08000f3d   Thumb Code    90  si7021.o(i.CPS131_Transtop)
    DMA1_Channel2_IRQHandler                 0x08000fb9   Thumb Code    92  stm32f10x_it.o(i.DMA1_Channel2_IRQHandler)
    DMA1_Channel4_IRQHandler                 0x08001029   Thumb Code    72  stm32f10x_it.o(i.DMA1_Channel4_IRQHandler)
    DMA1_Channel7_IRQHandler                 0x08001081   Thumb Code    72  stm32f10x_it.o(i.DMA1_Channel7_IRQHandler)
    DMA2_Channel4_5_IRQHandler               0x080010d9   Thumb Code    80  stm32f10x_it.o(i.DMA2_Channel4_5_IRQHandler)
    DMA_ClearFlag                            0x08001145   Thumb Code    18  stm32f10x_dma.o(i.DMA_ClearFlag)
    DMA_Cmd                                  0x08001161   Thumb Code    26  stm32f10x_dma.o(i.DMA_Cmd)
    DMA_DeInit                               0x0800117d   Thumb Code   216  stm32f10x_dma.o(i.DMA_DeInit)
    DMA_GetCurrDataCounter                   0x08001289   Thumb Code     6  stm32f10x_dma.o(i.DMA_GetCurrDataCounter)
    DMA_GetITStatus                          0x08001291   Thumb Code    28  stm32f10x_dma.o(i.DMA_GetITStatus)
    DMA_ITConfig                             0x080012b5   Thumb Code    22  stm32f10x_dma.o(i.DMA_ITConfig)
    DMA_Init                                 0x080012cb   Thumb Code    84  stm32f10x_dma.o(i.DMA_Init)
    DMA_Uart1_Init                           0x08001321   Thumb Code   178  stm32_configuration.o(i.DMA_Uart1_Init)
    DMA_Uart2_Init                           0x080013e9   Thumb Code   178  stm32_configuration.o(i.DMA_Uart2_Init)
    DMA_Uart3_Init                           0x080014b1   Thumb Code   100  stm32_configuration.o(i.DMA_Uart3_Init)
    DMA_Uart4_Init                           0x08001521   Thumb Code   140  stm32_configuration.o(i.DMA_Uart4_Init)
    DebugMon_Handler                         0x080015c9   Thumb Code     2  stm32f10x_it.o(i.DebugMon_Handler)
    Delayms                                  0x080015cb   Thumb Code    16  si4463.o(i.Delayms)
    Delayus                                  0x080015db   Thumb Code    16  systemclock.o(i.Delayus)
    EXIT0_Enable                             0x080015f5   Thumb Code    96  stm32_configuration.o(i.EXIT0_Enable)
    EXTI0_IRQHandler                         0x08001655   Thumb Code    22  stm32f10x_it.o(i.EXTI0_IRQHandler)
    EXTI15_10_IRQHandler                     0x08001675   Thumb Code     2  stm32f10x_it.o(i.EXTI15_10_IRQHandler)
    EXTI1_Enable                             0x08001677   Thumb Code    98  stm32_configuration.o(i.EXTI1_Enable)
    EXTI1_IRQHandler                         0x080016d9   Thumb Code    30  stm32f10x_it.o(i.EXTI1_IRQHandler)
    EXTI4_IRQHandler                         0x08001705   Thumb Code    88  stm32f10x_it.o(i.EXTI4_IRQHandler)
    EXTI9_5_IRQHandler                       0x08001761   Thumb Code     2  stm32f10x_it.o(i.EXTI9_5_IRQHandler)
    EXTI_ClearITPendingBit                   0x08001765   Thumb Code     6  stm32f10x_exti.o(i.EXTI_ClearITPendingBit)
    EXTI_Configuration                       0x08001771   Thumb Code    50  stm32_configuration.o(i.EXTI_Configuration)
    EXTI_Init                                0x080017a5   Thumb Code   136  stm32f10x_exti.o(i.EXTI_Init)
    FLASH_ErasePage                          0x0800243d   Thumb Code    56  stm32f10x_flash.o(i.FLASH_ErasePage)
    FLASH_GetBank1Status                     0x08002479   Thumb Code    40  stm32f10x_flash.o(i.FLASH_GetBank1Status)
    FLASH_LockBank1                          0x080024a5   Thumb Code    12  stm32f10x_flash.o(i.FLASH_LockBank1)
    FLASH_PrefetchBufferCmd                  0x080024b5   Thumb Code    18  stm32f10x_flash.o(i.FLASH_PrefetchBufferCmd)
    FLASH_ProgramHalfWord                    0x080024cd   Thumb Code    50  stm32f10x_flash.o(i.FLASH_ProgramHalfWord)
    FLASH_SetLatency                         0x08002505   Thumb Code    14  stm32f10x_flash.o(i.FLASH_SetLatency)
    FLASH_UnlockBank1                        0x08002519   Thumb Code    12  stm32f10x_flash.o(i.FLASH_UnlockBank1)
    FLASH_WaitForLastOperation               0x08002531   Thumb Code    32  stm32f10x_flash.o(i.FLASH_WaitForLastOperation)
    First_Getaverage                         0x0800256d   Thumb Code    40  handletask.o(i.First_Getaverage)
    Flash_Read                               0x08002599   Thumb Code    24  dataflash.o(i.Flash_Read)
    Flash_Write                              0x080025b1   Thumb Code   142  dataflash.o(i.Flash_Write)
    Flash_Write_Without_check                0x08002645   Thumb Code    50  dataflash.o(i.Flash_Write_Without_check)
    GET_PRESSUE0                             0x08002677   Thumb Code   134  max44009.o(i.GET_PRESSUE0)
    GET_PRESSUE1                             0x080026fd   Thumb Code   134  si7021.o(i.GET_PRESSUE1)
    GET_PRESSUE4                             0x08002783   Thumb Code   134  si7021.o(i.GET_PRESSUE4)
    GET_level0                               0x08002809   Thumb Code   120  max44009.o(i.GET_level0)
    GET_level1                               0x08002881   Thumb Code   134  si7021.o(i.GET_level1)
    GET_level4                               0x0800290d   Thumb Code   120  si7021.o(i.GET_level4)
    GPIO_Configuration                       0x08002985   Thumb Code   748  stm32_configuration.o(i.GPIO_Configuration)
    GPIO_EXTILineConfig                      0x08002c89   Thumb Code    40  stm32f10x_gpio.o(i.GPIO_EXTILineConfig)
    GPIO_Init                                0x08002cb1   Thumb Code   186  stm32f10x_gpio.o(i.GPIO_Init)
    GPIO_PinRemapConfig                      0x08002d6d   Thumb Code   120  stm32f10x_gpio.o(i.GPIO_PinRemapConfig)
    GPIO_ReadInputDataBit                    0x08002de9   Thumb Code    14  stm32f10x_gpio.o(i.GPIO_ReadInputDataBit)
    GPIO_ReadOutputDataBit                   0x08002df7   Thumb Code    14  stm32f10x_gpio.o(i.GPIO_ReadOutputDataBit)
    GPIO_ResetBits                           0x08002e05   Thumb Code     4  stm32f10x_gpio.o(i.GPIO_ResetBits)
    GPIO_SetBits                             0x08002e09   Thumb Code     4  stm32f10x_gpio.o(i.GPIO_SetBits)
    GPIO_WriteBit                            0x08002e0d   Thumb Code    12  stm32f10x_gpio.o(i.GPIO_WriteBit)
    Get_Adclvbo                              0x08002e85   Thumb Code   128  handletask.o(i.Get_Adclvbo)
    Get_Carbon                               0x08002f0d   Thumb Code    96  si7021.o(i.Get_Carbon)
    Get_Illuminance                          0x08002f6d   Thumb Code    90  max44009.o(i.Get_Illuminance)
    HardFault_Handler                        0x08002fd5   Thumb Code     2  stm32f10x_it.o(i.HardFault_Handler)
    IWDG_Configuration                       0x08003045   Thumb Code    52  stm32_configuration.o(i.IWDG_Configuration)
    IWDG_Enable                              0x08003079   Thumb Code    10  stm32f10x_iwdg.o(i.IWDG_Enable)
    IWDG_ReloadCounter                       0x08003089   Thumb Code    10  stm32f10x_iwdg.o(i.IWDG_ReloadCounter)
    IWDG_SetPrescaler                        0x08003099   Thumb Code     6  stm32f10x_iwdg.o(i.IWDG_SetPrescaler)
    IWDG_SetReload                           0x080030a5   Thumb Code     6  stm32f10x_iwdg.o(i.IWDG_SetReload)
    IWDG_WriteAccessCmd                      0x080030b1   Thumb Code     6  stm32f10x_iwdg.o(i.IWDG_WriteAccessCmd)
    MAX44009_Read                            0x080030bd   Thumb Code   180  max44009.o(i.MAX44009_Read)
    MAX44009_Send                            0x08003179   Thumb Code   174  max44009.o(i.MAX44009_Send)
    MAX44009_Transtart                       0x08003231   Thumb Code    70  max44009.o(i.MAX44009_Transtart)
    MAX44009_Transtop                        0x08003281   Thumb Code    74  max44009.o(i.MAX44009_Transtop)
    MD5Decode                                0x080032d5   Thumb Code    52  password_md5.o(i.MD5Decode)
    MD5Encode                                0x08003309   Thumb Code    60  password_md5.o(i.MD5Encode)
    MD5Final                                 0x08003345   Thumb Code    74  password_md5.o(i.MD5Final)
    MD5Init                                  0x08003395   Thumb Code    24  password_md5.o(i.MD5Init)
    MD5Transform                             0x080033bd   Thumb Code  1868  password_md5.o(i.MD5Transform)
    MD5Update                                0x08003b71   Thumb Code   124  password_md5.o(i.MD5Update)
    MQTTPacket_encode                        0x08003bed   Thumb Code    42  mqttpacket.o(i.MQTTPacket_encode)
    MQTTPacket_len                           0x08003c19   Thumb Code    34  mqttpacket.o(i.MQTTPacket_len)
    MQTTSerialize_connect                    0x08003c41   Thumb Code   314  mqttconnectclient.o(i.MQTTSerialize_connect)
    MQTTSerialize_connectLength              0x08003d8d   Thumb Code   114  mqttconnectclient.o(i.MQTTSerialize_connectLength)
    MQTTSerialize_publish                    0x08003dff   Thumb Code   150  mqttserializepublish.o(i.MQTTSerialize_publish)
    MQTTSerialize_publishLength              0x08003e95   Thumb Code    30  mqttserializepublish.o(i.MQTTSerialize_publishLength)
    MQTTSerialize_subscribe                  0x08003eb3   Thumb Code   172  mqttsubscribeclient.o(i.MQTTSerialize_subscribe)
    MQTTSerialize_subscribeLength            0x08003f5f   Thumb Code    50  mqttsubscribeclient.o(i.MQTTSerialize_subscribeLength)
    MQTTstrlen                               0x08003f91   Thumb Code    26  mqttpacket.o(i.MQTTstrlen)
    MemManage_Handler                        0x08003fab   Thumb Code     2  stm32f10x_it.o(i.MemManage_Handler)
    NMI_Handler                              0x08003fad   Thumb Code     2  stm32f10x_it.o(i.NMI_Handler)
    NVIC_Configuration                       0x08003faf   Thumb Code   244  stm32_configuration.o(i.NVIC_Configuration)
    NVIC_Init                                0x080040a5   Thumb Code   116  misc.o(i.NVIC_Init)
    NVIC_PriorityGroupConfig                 0x0800411d   Thumb Code    14  misc.o(i.NVIC_PriorityGroupConfig)
    NVIC_SetVectorTable                      0x08004131   Thumb Code    16  misc.o(i.NVIC_SetVectorTable)
    PRESSUE_level1                           0x08004221   Thumb Code   150  si7021.o(i.PRESSUE_level1)
    PRESSUE_level2                           0x080042bd   Thumb Code   150  max44009.o(i.PRESSUE_level2)
    PendSV_Handler                           0x08004359   Thumb Code     2  stm32f10x_it.o(i.PendSV_Handler)
    Period_Events_Handle                     0x0800435d   Thumb Code  2028  handletask.o(i.Period_Events_Handle)
    RCC_ADCCLKConfig                         0x08004ba9   Thumb Code    14  stm32f10x_rcc.o(i.RCC_ADCCLKConfig)
    RCC_AHBPeriphClockCmd                    0x08004bbd   Thumb Code    24  stm32f10x_rcc.o(i.RCC_AHBPeriphClockCmd)
    RCC_APB1PeriphClockCmd                   0x08004bd9   Thumb Code    24  stm32f10x_rcc.o(i.RCC_APB1PeriphClockCmd)
    RCC_APB1PeriphResetCmd                   0x08004bf5   Thumb Code    24  stm32f10x_rcc.o(i.RCC_APB1PeriphResetCmd)
    RCC_APB2PeriphClockCmd                   0x08004c11   Thumb Code    24  stm32f10x_rcc.o(i.RCC_APB2PeriphClockCmd)
    RCC_APB2PeriphResetCmd                   0x08004c2d   Thumb Code    24  stm32f10x_rcc.o(i.RCC_APB2PeriphResetCmd)
    RCC_ClearFlag                            0x08004c49   Thumb Code    12  stm32f10x_rcc.o(i.RCC_ClearFlag)
    RCC_Configuration                        0x08004c59   Thumb Code   112  stm32_configuration.o(i.RCC_Configuration)
    RCC_DeInit                               0x08004ccd   Thumb Code    54  stm32f10x_rcc.o(i.RCC_DeInit)
    RCC_GetClocksFreq                        0x08004d0d   Thumb Code   166  stm32f10x_rcc.o(i.RCC_GetClocksFreq)
    RCC_GetFlagStatus                        0x08004dc5   Thumb Code    44  stm32f10x_rcc.o(i.RCC_GetFlagStatus)
    RCC_GetSYSCLKSource                      0x08004df5   Thumb Code    10  stm32f10x_rcc.o(i.RCC_GetSYSCLKSource)
    RCC_HCLKConfig                           0x08004e05   Thumb Code    14  stm32f10x_rcc.o(i.RCC_HCLKConfig)
    RCC_HSEConfig                            0x08004e19   Thumb Code    50  stm32f10x_rcc.o(i.RCC_HSEConfig)
    RCC_LSICmd                               0x08004e51   Thumb Code     6  stm32f10x_rcc.o(i.RCC_LSICmd)
    RCC_PCLK1Config                          0x08004e5d   Thumb Code    14  stm32f10x_rcc.o(i.RCC_PCLK1Config)
    RCC_PCLK2Config                          0x08004e71   Thumb Code    16  stm32f10x_rcc.o(i.RCC_PCLK2Config)
    RCC_PLLCmd                               0x08004e85   Thumb Code     6  stm32f10x_rcc.o(i.RCC_PLLCmd)
    RCC_PLLConfig                            0x08004e91   Thumb Code    16  stm32f10x_rcc.o(i.RCC_PLLConfig)
    RCC_SYSCLKConfig                         0x08004ea5   Thumb Code    14  stm32f10x_rcc.o(i.RCC_SYSCLKConfig)
    RCC_WaitForHSEStartUp                    0x08004eb9   Thumb Code    46  stm32f10x_rcc.o(i.RCC_WaitForHSEStartUp)
    SF_Flow_Measu                            0x080069e9   Thumb Code   502  handletask.o(i.SF_Flow_Measu)
    SF_Flow_Trans                            0x08006c05   Thumb Code   114  handletask.o(i.SF_Flow_Trans)
    SI4463_CMD                               0x08006f2d   Thumb Code    54  si4463.o(i.SI4463_CMD)
    SI4463_CONFIG_INIT                       0x08006f69   Thumb Code    60  si4463.o(i.SI4463_CONFIG_INIT)
    SI4463_GPIO_CONFIG                       0x08006fa9   Thumb Code    66  si4463.o(i.SI4463_GPIO_CONFIG)
    SI4463_INT_STATUS                        0x08006feb   Thumb Code    42  si4463.o(i.SI4463_INT_STATUS)
    SI4463_Init                              0x08007015   Thumb Code    20  si4463.o(i.SI4463_Init)
    SI4463_READ_PACKET                       0x0800702d   Thumb Code    74  si4463.o(i.SI4463_READ_PACKET)
    SI4463_READ_RESPONSE                     0x0800707d   Thumb Code    62  si4463.o(i.SI4463_READ_RESPONSE)
    SI4463_RESET                             0x080070c1   Thumb Code    44  si4463.o(i.SI4463_RESET)
    SI4463_RX_FIFO_RESET                     0x080070f5   Thumb Code    24  si4463.o(i.SI4463_RX_FIFO_RESET)
    SI4463_SEND_PACKET                       0x080073e5   Thumb Code   124  si4463.o(i.SI4463_SEND_PACKET)
    SI4463_SET_PROPERTY_1                    0x08007465   Thumb Code    42  si4463.o(i.SI4463_SET_PROPERTY_1)
    SI4463_SPI_Active                        0x0800748f   Thumb Code    24  si4463.o(i.SI4463_SPI_Active)
    SI4463_START_RX                          0x080074a7   Thumb Code    76  si4463.o(i.SI4463_START_RX)
    SI4463_TX_FIFO_RESET                     0x080074f3   Thumb Code    24  si4463.o(i.SI4463_TX_FIFO_RESET)
    SI4463_WAIT_CTS                          0x0800750d   Thumb Code    72  si4463.o(i.SI4463_WAIT_CTS)
    SI7021_HumiMeasurement                   0x08007561   Thumb Code    72  si7021.o(i.SI7021_HumiMeasurement)
    SI7021_ReadByte                          0x080075a9   Thumb Code   184  si7021.o(i.SI7021_ReadByte)
    SI7021_TempMeasurement                   0x0800766d   Thumb Code    54  si7021.o(i.SI7021_TempMeasurement)
    SI7021_TransStart                        0x080076a5   Thumb Code    82  si7021.o(i.SI7021_TransStart)
    SI7021_TransStop                         0x08007705   Thumb Code    90  si7021.o(i.SI7021_TransStop)
    SI7021_WriteByte                         0x0800776d   Thumb Code   178  si7021.o(i.SI7021_WriteByte)
    SPI1_Configuration                       0x0800782d   Thumb Code   188  stm32_configuration.o(i.SPI1_Configuration)
    SPI_Cmd                                  0x080078f5   Thumb Code    24  stm32f10x_spi.o(i.SPI_Cmd)
    SPI_I2S_GetFlagStatus                    0x0800790d   Thumb Code    14  stm32f10x_spi.o(i.SPI_I2S_GetFlagStatus)
    SPI_I2S_ReceiveData                      0x0800791b   Thumb Code     4  stm32f10x_spi.o(i.SPI_I2S_ReceiveData)
    SPI_I2S_SendData                         0x0800791f   Thumb Code     4  stm32f10x_spi.o(i.SPI_I2S_SendData)
    SPI_Init                                 0x08007923   Thumb Code    84  stm32f10x_spi.o(i.SPI_Init)
    SPI_SSOutputCmd                          0x08007977   Thumb Code    24  stm32f10x_spi.o(i.SPI_SSOutputCmd)
    SPI_WriteByte                            0x08007991   Thumb Code   148  si4463.o(i.SPI_WriteByte)
    SVC_Handler                              0x08007a31   Thumb Code     2  stm32f10x_it.o(i.SVC_Handler)
    SYS_Confgiuration                        0x08007a35   Thumb Code   142  stm32_configuration.o(i.SYS_Confgiuration)
    Scan_Events_Handle                       0x08007ad5   Thumb Code     4  handletask.o(i.Scan_Events_Handle)
    Set_Event                                0x08007e51   Thumb Code    10  systemclock.o(i.Set_Event)
    Start_timerEx                            0x08007e61   Thumb Code    28  systemclock.o(i.Start_timerEx)
    Stop_timerEx                             0x08007e7d   Thumb Code    38  systemclock.o(i.Stop_timerEx)
    SysClock                                 0x08007ea5   Thumb Code   128  systemclock.o(i.SysClock)
    SysTick_Handler                          0x08007f51   Thumb Code     2  stm32f10x_it.o(i.SysTick_Handler)
    SystemInit                               0x08007f55   Thumb Code    68  system_stm32f10x.o(i.SystemInit)
    TD_Getaverage                            0x08007fa5   Thumb Code    60  handletask.o(i.TD_Getaverage)
    TIM2_Configuration                       0x080081a1   Thumb Code   112  stm32_configuration.o(i.TIM2_Configuration)
    TIM2_IRQHandler                          0x08008211   Thumb Code   198  stm32f10x_it.o(i.TIM2_IRQHandler)
    TIM5_Configuration                       0x080082f5   Thumb Code   110  stm32_configuration.o(i.TIM5_Configuration)
    TIM5_IRQHandler                          0x08008369   Thumb Code   214  stm32f10x_it.o(i.TIM5_IRQHandler)
    TIM_ClearITPendingBit                    0x0800845d   Thumb Code     6  stm32f10x_tim.o(i.TIM_ClearITPendingBit)
    TIM_Cmd                                  0x08008463   Thumb Code    24  stm32f10x_tim.o(i.TIM_Cmd)
    TIM_DeInit                               0x0800847b   Thumb Code   484  stm32f10x_tim.o(i.TIM_DeInit)
    TIM_GetCapture2                          0x0800865f   Thumb Code     4  stm32f10x_tim.o(i.TIM_GetCapture2)
    TIM_GetITStatus                          0x08008663   Thumb Code    22  stm32f10x_tim.o(i.TIM_GetITStatus)
    TIM_ICInit                               0x08008679   Thumb Code   122  stm32f10x_tim.o(i.TIM_ICInit)
    TIM_ITConfig                             0x080086f3   Thumb Code    22  stm32f10x_tim.o(i.TIM_ITConfig)
    TIM_SetIC1Prescaler                      0x08008709   Thumb Code    16  stm32f10x_tim.o(i.TIM_SetIC1Prescaler)
    TIM_SetIC2Prescaler                      0x08008719   Thumb Code    24  stm32f10x_tim.o(i.TIM_SetIC2Prescaler)
    TIM_SetIC3Prescaler                      0x08008731   Thumb Code    16  stm32f10x_tim.o(i.TIM_SetIC3Prescaler)
    TIM_SetIC4Prescaler                      0x08008741   Thumb Code    24  stm32f10x_tim.o(i.TIM_SetIC4Prescaler)
    TIM_TimeBaseInit                         0x08008759   Thumb Code   130  stm32f10x_tim.o(i.TIM_TimeBaseInit)
    TimerInit                                0x080087e5   Thumb Code     8  systemclock.o(i.TimerInit)
    UART4_IRQHandler                         0x08008875   Thumb Code    96  stm32f10x_it.o(i.UART4_IRQHandler)
    UART5_Configuration                      0x080088ed   Thumb Code   136  stm32_configuration.o(i.UART5_Configuration)
    UART5_IRQHandler                         0x0800897d   Thumb Code   202  stm32f10x_it.o(i.UART5_IRQHandler)
    USART1_IRQHandler                        0x08008a5d   Thumb Code    98  stm32f10x_it.o(i.USART1_IRQHandler)
    USART2_IRQHandler                        0x08008ad9   Thumb Code    98  stm32f10x_it.o(i.USART2_IRQHandler)
    USART3_IRQHandler                        0x08008b55   Thumb Code    64  stm32f10x_it.o(i.USART3_IRQHandler)
    USART_ClearFlag                          0x08008ba1   Thumb Code    10  stm32f10x_usart.o(i.USART_ClearFlag)
    USART_ClearITPendingBit                  0x08008bab   Thumb Code    18  stm32f10x_usart.o(i.USART_ClearITPendingBit)
    USART_Cmd                                0x08008bbd   Thumb Code    24  stm32f10x_usart.o(i.USART_Cmd)
    USART_DMACmd                             0x08008bd5   Thumb Code    22  stm32f10x_usart.o(i.USART_DMACmd)
    USART_GetFlagStatus                      0x08008beb   Thumb Code    14  stm32f10x_usart.o(i.USART_GetFlagStatus)
    USART_GetITStatus                        0x08008bf9   Thumb Code    72  stm32f10x_usart.o(i.USART_GetITStatus)
    USART_ITConfig                           0x08008c41   Thumb Code    58  stm32f10x_usart.o(i.USART_ITConfig)
    USART_Init                               0x08008c7d   Thumb Code   194  stm32f10x_usart.o(i.USART_Init)
    USART_ReceiveData                        0x08008d45   Thumb Code    24  stm32f10x_usart.o(i.USART_ReceiveData)
    USART_SendData                           0x08008d5d   Thumb Code    34  stm32f10x_usart.o(i.USART_SendData)
    Uart1_Init                               0x08008d85   Thumb Code   224  stm32_configuration.o(i.Uart1_Init)
    Uart2_Init                               0x08008e71   Thumb Code   216  stm32_configuration.o(i.Uart2_Init)
    Uart3_Init                               0x08008f51   Thumb Code   208  stm32_configuration.o(i.Uart3_Init)
    Uart4_Init                               0x08009029   Thumb Code   222  stm32_configuration.o(i.Uart4_Init)
    UsageFault_Handler                       0x08009111   Thumb Code     2  stm32f10x_it.o(i.UsageFault_Handler)
    __ARM_fpclassify                         0x080093d5   Thumb Code    40  fpclassify.o(i.__ARM_fpclassify)
    __kernel_poly                            0x080093fd   Thumb Code   170  poly.o(i.__kernel_poly)
    __mathlib_dbl_divzero                    0x080094a9   Thumb Code    12  dunder.o(i.__mathlib_dbl_divzero)
    __mathlib_dbl_infnan2                    0x080094b9   Thumb Code     4  dunder.o(i.__mathlib_dbl_infnan2)
    __mathlib_dbl_invalid                    0x080094bd   Thumb Code    12  dunder.o(i.__mathlib_dbl_invalid)
    __mathlib_dbl_overflow                   0x080094c9   Thumb Code    14  dunder.o(i.__mathlib_dbl_overflow)
    __mathlib_dbl_underflow                  0x080094d9   Thumb Code    10  dunder.o(i.__mathlib_dbl_underflow)
    __scatterload_copy                       0x080094e9   Thumb Code    14  handlers.o(i.__scatterload_copy)
    __scatterload_null                       0x080094f7   Thumb Code     2  handlers.o(i.__scatterload_null)
    __scatterload_zeroinit                   0x080094f9   Thumb Code    14  handlers.o(i.__scatterload_zeroinit)
    __set_errno                              0x08009509   Thumb Code     6  errno.o(i.__set_errno)
    free                                     0x0800c005   Thumb Code    76  malloc.o(i.free)
    get_light                                0x0800c055   Thumb Code    80  max44009.o(i.get_light)
    initialRealSendBuff                      0x0800c9f5   Thumb Code    98  handletask.o(i.initialRealSendBuff)
    main                                     0x0800cf9d   Thumb Code    20  main.o(i.main)
    malloc                                   0x0800cfb5   Thumb Code    92  malloc.o(i.malloc)
    mqtt_connect                             0x0800d081   Thumb Code   288  handletask.o(i.mqtt_connect)
    mqtt_publish                             0x0800d1c1   Thumb Code   176  handletask.o(i.mqtt_publish)
    mqtt_publish1                            0x0800d285   Thumb Code    50  handletask.o(i.mqtt_publish1)
    mqtt_subscribe                           0x0800d2c5   Thumb Code   150  handletask.o(i.mqtt_subscribe)
    pow                                      0x0800d375   Thumb Code  2478  pow.o(i.pow)
    sqrt                                     0x0800e419   Thumb Code    76  sqrt.o(i.sqrt)
    wgfrist_init_readflash                   0x0800f50d   Thumb Code    46  stm32_configuration.o(i.wgfrist_init_readflash)
    writeCString                             0x0800f545   Thumb Code    40  mqttpacket.o(i.writeCString)
    writeChar                                0x0800f56d   Thumb Code    12  mqttpacket.o(i.writeChar)
    writeInt                                 0x0800f579   Thumb Code    32  mqttpacket.o(i.writeInt)
    writeMQTTString                          0x0800f599   Thumb Code    72  mqttpacket.o(i.writeMQTTString)
    uart1_cmd_csb                            0x0800f5e0   Data           1  handletask.o(.constdata)
    uart5_cmd_csb                            0x0800f5e1   Data           8  handletask.o(.constdata)
    uart5_cmd_dc                             0x0800f5e9   Data           8  handletask.o(.constdata)
    uart5_cmd_fydc                           0x0800f5f1   Data           8  handletask.o(.constdata)
    uart5_cmd_LEL                            0x0800f5f9   Data           8  handletask.o(.constdata)
    uart5_cmd_PM                             0x0800f601   Data           8  handletask.o(.constdata)
    uart5_cmd_FSFX                           0x0800f609   Data           8  handletask.o(.constdata)
    crc_lo                                   0x0800f611   Data         256  handletask.o(.constdata)
    crc_hi                                   0x0800f711   Data         256  handletask.o(.constdata)
    __mathlib_zero                           0x0800f8f8   Data           8  qnan.o(.constdata)
    Region$$Table$$Base                      0x0800f900   Number         0  anon$$obj.o(Region$$Table)
    Region$$Table$$Limit                     0x0800f920   Number         0  anon$$obj.o(Region$$Table)
    RxFlag2                                  0x20000018   Data           1  stm32f10x_it.o(.data)
    TxFlag2                                  0x20000019   Data           1  stm32f10x_it.o(.data)
    RecLen2                                  0x2000001a   Data           1  stm32f10x_it.o(.data)
    RxFlag1                                  0x2000001b   Data           1  stm32f10x_it.o(.data)
    TxFlag1                                  0x2000001c   Data           1  stm32f10x_it.o(.data)
    RecLen1                                  0x2000001d   Data           1  stm32f10x_it.o(.data)
    RxFlag3                                  0x2000001e   Data           1  stm32f10x_it.o(.data)
    TxFlag3                                  0x2000001f   Data           1  stm32f10x_it.o(.data)
    RecLen3                                  0x20000020   Data           1  stm32f10x_it.o(.data)
    RxFlag4                                  0x20000021   Data           1  stm32f10x_it.o(.data)
    TxFlag4                                  0x20000022   Data           1  stm32f10x_it.o(.data)
    RecLen4                                  0x20000023   Data           1  stm32f10x_it.o(.data)
    RxFlag5                                  0x20000024   Data           1  stm32f10x_it.o(.data)
    TxFlag5                                  0x20000025   Data           1  stm32f10x_it.o(.data)
    RecLen5                                  0x20000026   Data           1  stm32f10x_it.o(.data)
    TxCount5                                 0x20000027   Data           1  stm32f10x_it.o(.data)
    UART5BufferCNT                           0x20000028   Data           1  stm32f10x_it.o(.data)
    Capture_time                             0x20000034   Data           4  stm32f10x_it.o(.data)
    USART2BufferCNT                          0x20000038   Data           1  stm32f10x_it.o(.data)
    USART1BufferCNT                          0x20000039   Data           1  stm32f10x_it.o(.data)
    USART3BufferCNT                          0x2000003a   Data           1  stm32f10x_it.o(.data)
    UART4BufferCNT                           0x2000003b   Data           1  stm32f10x_it.o(.data)
    SI4463_RxLenth                           0x2000003c   Data           1  stm32f10x_it.o(.data)
    HSEStartUpStatus                         0x2000003f   Data           1  stm32_configuration.o(.data)
    ADC_ConvertedValue                       0x20000040   Data           4  stm32_configuration.o(.data)
    timerhead                                0x20000054   Data           4  systemclock.o(.data)
    close_433MHZ                             0x2000008a   Data           1  handletask.o(.data)
    TIM5_pulsePA1_NUM                        0x2000009b   Data           1  handletask.o(.data)
    level_num_err                            0x2000009c   Data           1  handletask.o(.data)
    SF_Qeury_index                           0x200000a1   Data           1  handletask.o(.data)
    SF_Trans_flg                             0x200000a2   Data           1  handletask.o(.data)
    SF_TD_param_num                          0x200000a3   Data           1  handletask.o(.data)
    SF_Flow_Trans_Flg                        0x200000a4   Data           1  handletask.o(.data)
    SF_Flow_Total_I                          0x200000a5   Data           1  handletask.o(.data)
    SF_Flow_Total_flg                        0x200000a6   Data           1  handletask.o(.data)
    freq_I                                   0x200000b1   Data           1  handletask.o(.data)
    SF_collector_temp                        0x200000c0   Data           2  handletask.o(.data)
    level1_temperature                       0x200000de   Data           2  handletask.o(.data)
    factory_gateway_set                      0x20000138   Data         255  handletask.o(.data)
    level2_temperature                       0x20000458   Data           2  handletask.o(.data)
    config_table                             0x20000464   Data         364  si4463.o(.data)
    PADDING                                  0x200005d0   Data          64  password_md5.o(.data)
    __microlib_freelist                      0x20000610   Data           4  mvars.o(.data)
    __microlib_freelist_initialised          0x20000614   Data           4  mvars.o(.data)
    SI4463_RxBUFF                            0x2000061c   Data         128  stm32f10x_it.o(.bss)
    Int_BUFF                                 0x2000069c   Data           9  stm32f10x_it.o(.bss)
    RecDataBuffer2                           0x200006a5   Data         256  stm32f10x_it.o(.bss)
    RecDataBuffer1                           0x200007a5   Data         256  stm32f10x_it.o(.bss)
    RecDataBuffer3                           0x200008a5   Data         128  stm32f10x_it.o(.bss)
    RecDataBuffer4                           0x20000925   Data         256  stm32f10x_it.o(.bss)
    RecDataBuffer5                           0x20000a25   Data         128  stm32f10x_it.o(.bss)
    UART5SendTCB                             0x20000aa5   Data         128  stm32f10x_it.o(.bss)
    USART2SendTCB                            0x20000b25   Data         256  stm32f10x_it.o(.bss)
    USART1SendTCB                            0x20000c25   Data         256  stm32f10x_it.o(.bss)
    USART3SendTCB                            0x20000d25   Data         128  stm32f10x_it.o(.bss)
    SF_USART3SendTCB                         0x20000da5   Data         128  stm32f10x_it.o(.bss)
    UART4SendTCB                             0x20000e25   Data         256  stm32f10x_it.o(.bss)
    fertigation52databuf                     0x20000f71   Data          12  handletask.o(.bss)
    SF_cmd_num                               0x20000f7d   Data          56  handletask.o(.bss)
    SF_wgcollector_data_buff                 0x20000fb5   Data          16  handletask.o(.bss)
    SF_Flow_Total                            0x20000fc6   Data          12  handletask.o(.bss)
    ReceiveData1                             0x20000ff2   Data         256  handletask.o(.bss)
    ReceiveData2                             0x200010f2   Data         256  handletask.o(.bss)
    ReceiveData3                             0x200012f2   Data         128  handletask.o(.bss)
    ReceiveData4                             0x200013f2   Data         256  handletask.o(.bss)
    First                                    0x200042d8   Data           9  si4463.o(.bss)
    __heap_base                              0x200042e8   Data           0  startup_stm32f10x_hd.o(HEAP)
    __heap_limit                             0x200044e8   Data           0  startup_stm32f10x_hd.o(HEAP)
    __initial_sp                             0x200048e8   Data           0  startup_stm32f10x_hd.o(STACK)
    report_last_rain                         0x2000e836   Data         180  handletask.o(NO_INIT)
    absolute_pressure_zero                   0x2000e8ea   Data         100  handletask.o(NO_INIT)
    TIM2_FrequencyPA0                        0x2000e94e   Data         122  handletask.o(NO_INIT)
    TIM2_FrequencyPC0                        0x2000e9c8   Data         122  handletask.o(NO_INIT)
    TIM2_FrequencyPA1                        0x2000ea42   Data         122  handletask.o(NO_INIT)
    TIM5_pulsePA1                            0x2000eabc   Data         200  handletask.o(NO_INIT)



==============================================================================

Memory Map of the image

  Image Entry point : 0x08000131

  Load Region LR_IROM1 (Base: 0x08000000, Size: 0x0000ff3c, Max: 0x00080000, ABSOLUTE, COMPRESSED[0x0000fbf4])

    Execution Region ER_IROM1 (Base: 0x08000000, Size: 0x0000f920, Max: 0x00080000, ABSOLUTE)

    Base Addr    Size         Type   Attr      Idx    E Section Name        Object

    0x08000000   0x00000130   Data   RO            3    RESET               startup_stm32f10x_hd.o
    0x08000130   0x00000000   Code   RO         3957  * .ARM.Collect$$$$00000000  mc_w.l(entry.o)
    0x08000130   0x00000004   Code   RO         4316    .ARM.Collect$$$$00000001  mc_w.l(entry2.o)
    0x08000134   0x00000004   Code   RO         4319    .ARM.Collect$$$$00000004  mc_w.l(entry5.o)
    0x08000138   0x00000000   Code   RO         4321    .ARM.Collect$$$$00000008  mc_w.l(entry7b.o)
    0x08000138   0x00000000   Code   RO         4323    .ARM.Collect$$$$0000000A  mc_w.l(entry8b.o)
    0x08000138   0x00000008   Code   RO         4324    .ARM.Collect$$$$0000000B  mc_w.l(entry9a.o)
    0x08000140   0x00000000   Code   RO         4326    .ARM.Collect$$$$0000000D  mc_w.l(entry10a.o)
    0x08000140   0x00000000   Code   RO         4328    .ARM.Collect$$$$0000000F  mc_w.l(entry11a.o)
    0x08000140   0x00000004   Code   RO         4317    .ARM.Collect$$$$00002712  mc_w.l(entry2.o)
    0x08000144   0x00000024   Code   RO            4    .text               startup_stm32f10x_hd.o
    0x08000168   0x00000024   Code   RO         3960    .text               mc_w.l(memcpya.o)
    0x0800018c   0x00000024   Code   RO         3962    .text               mc_w.l(memseta.o)
    0x080001b0   0x00000024   Code   RO         3964    .text               mc_w.l(strstr.o)
    0x080001d4   0x0000000e   Code   RO         3966    .text               mc_w.l(strlen.o)
    0x080001e2   0x000000b0   Code   RO         4263    .text               mf_w.l(fadd.o)
    0x08000292   0x00000064   Code   RO         4265    .text               mf_w.l(fmul.o)
    0x080002f6   0x0000007c   Code   RO         4267    .text               mf_w.l(fdiv.o)
    0x08000372   0x000000e4   Code   RO         4269    .text               mf_w.l(dmul.o)
    0x08000456   0x000000de   Code   RO         4271    .text               mf_w.l(ddiv.o)
    0x08000534   0x00000012   Code   RO         4273    .text               mf_w.l(fflti.o)
    0x08000546   0x0000000a   Code   RO         4275    .text               mf_w.l(ffltui.o)
    0x08000550   0x0000001a   Code   RO         4277    .text               mf_w.l(dfltui.o)
    0x0800056a   0x00000032   Code   RO         4279    .text               mf_w.l(ffixi.o)
    0x0800059c   0x00000028   Code   RO         4281    .text               mf_w.l(ffixui.o)
    0x080005c4   0x00000032   Code   RO         4283    .text               mf_w.l(dfixui.o)
    0x080005f6   0x00000026   Code   RO         4285    .text               mf_w.l(f2d.o)
    0x0800061c   0x00000038   Code   RO         4287    .text               mf_w.l(d2f.o)
    0x08000654   0x00000020   Code   RO         4337    .text               mc_w.l(llushr.o)
    0x08000674   0x00000000   Code   RO         4348    .text               mc_w.l(iusefp.o)
    0x08000674   0x0000006e   Code   RO         4349    .text               mf_w.l(fepilogue.o)
    0x080006e2   0x000000ba   Code   RO         4351    .text               mf_w.l(depilogue.o)
    0x0800079c   0x0000014e   Code   RO         4353    .text               mf_w.l(dadd.o)
    0x080008ea   0x0000002e   Code   RO         4355    .text               mf_w.l(dscalb.o)
    0x08000918   0x00000022   Code   RO         4357    .text               mf_w.l(dflti.o)
    0x0800093a   0x00000002   PAD
    0x0800093c   0x00000030   Code   RO         4361    .text               mf_w.l(cdrcmple.o)
    0x0800096c   0x00000024   Code   RO         4363    .text               mc_w.l(init.o)
    0x08000990   0x0000001e   Code   RO         4366    .text               mc_w.l(llshl.o)
    0x080009ae   0x00000024   Code   RO         4368    .text               mc_w.l(llsshr.o)
    0x080009d2   0x000000a2   Code   RO         4371    .text               mf_w.l(dsqrt.o)
    0x08000a74   0x00000056   Code   RO         4383    .text               mc_w.l(__dczerorl2.o)
    0x08000aca   0x00000002   PAD
    0x08000acc   0x000000cc   Code   RO         2300    i.ADC1_Configuration  stm32_configuration.o
    0x08000b98   0x00000018   Code   RO          139    i.ADC_Cmd           stm32f10x_adc.o
    0x08000bb0   0x00000018   Code   RO          140    i.ADC_DMACmd        stm32f10x_adc.o
    0x08000bc8   0x00000010   Code   RO          147    i.ADC_GetCalibrationStatus  stm32f10x_adc.o
    0x08000bd8   0x00000010   Code   RO          153    i.ADC_GetResetCalibrationStatus  stm32f10x_adc.o
    0x08000be8   0x0000004c   Code   RO          157    i.ADC_Init          stm32f10x_adc.o
    0x08000c34   0x00000090   Code   RO          161    i.ADC_RegularChannelConfig  stm32f10x_adc.o
    0x08000cc4   0x0000000a   Code   RO          162    i.ADC_ResetCalibration  stm32f10x_adc.o
    0x08000cce   0x00000018   Code   RO          164    i.ADC_SoftwareStartConvCmd  stm32f10x_adc.o
    0x08000ce6   0x0000000a   Code   RO          166    i.ADC_StartCalibration  stm32f10x_adc.o
    0x08000cf0   0x00000048   Code   RO         2463    i.AddTimer          systemclock.o
    0x08000d38   0x00000002   Code   RO         2109    i.BusFault_Handler  stm32f10x_it.o
    0x08000d3a   0x00000002   PAD
    0x08000d3c   0x000000d0   Code   RO         3245    i.CPS131_Read       si7021.o
    0x08000e0c   0x000000d0   Code   RO         3246    i.CPS131_Send       si7021.o
    0x08000edc   0x00000060   Code   RO         3247    i.CPS131_Transtart  si7021.o
    0x08000f3c   0x00000068   Code   RO         3248    i.CPS131_Transtop   si7021.o
    0x08000fa4   0x00000012   Code   RO         2570    i.Clear_Buf         handletask.o
    0x08000fb6   0x00000002   PAD
    0x08000fb8   0x00000070   Code   RO         2110    i.DMA1_Channel2_IRQHandler  stm32f10x_it.o
    0x08001028   0x00000058   Code   RO         2111    i.DMA1_Channel4_IRQHandler  stm32f10x_it.o
    0x08001080   0x00000058   Code   RO         2112    i.DMA1_Channel7_IRQHandler  stm32f10x_it.o
    0x080010d8   0x0000006c   Code   RO         2113    i.DMA2_Channel4_5_IRQHandler  stm32f10x_it.o
    0x08001144   0x0000001c   Code   RO         1703    i.DMA_ClearFlag     stm32f10x_dma.o
    0x08001160   0x0000001a   Code   RO         1705    i.DMA_Cmd           stm32f10x_dma.o
    0x0800117a   0x00000002   PAD
    0x0800117c   0x0000010c   Code   RO         1706    i.DMA_DeInit        stm32f10x_dma.o
    0x08001288   0x00000006   Code   RO         1707    i.DMA_GetCurrDataCounter  stm32f10x_dma.o
    0x0800128e   0x00000002   PAD
    0x08001290   0x00000024   Code   RO         1709    i.DMA_GetITStatus   stm32f10x_dma.o
    0x080012b4   0x00000016   Code   RO         1710    i.DMA_ITConfig      stm32f10x_dma.o
    0x080012ca   0x00000054   Code   RO         1711    i.DMA_Init          stm32f10x_dma.o
    0x0800131e   0x00000002   PAD
    0x08001320   0x000000c8   Code   RO         2304    i.DMA_Uart1_Init    stm32_configuration.o
    0x080013e8   0x000000c8   Code   RO         2305    i.DMA_Uart2_Init    stm32_configuration.o
    0x080014b0   0x00000070   Code   RO         2306    i.DMA_Uart3_Init    stm32_configuration.o
    0x08001520   0x000000a8   Code   RO         2307    i.DMA_Uart4_Init    stm32_configuration.o
    0x080015c8   0x00000002   Code   RO         2114    i.DebugMon_Handler  stm32f10x_it.o
    0x080015ca   0x00000010   Code   RO         3357    i.Delayms           si4463.o
    0x080015da   0x00000010   Code   RO         2465    i.Delayus           systemclock.o
    0x080015ea   0x0000000a   Code   RO         2466    i.DeleteTimer       systemclock.o
    0x080015f4   0x00000060   Code   RO         2308    i.EXIT0_Enable      stm32_configuration.o
    0x08001654   0x00000020   Code   RO         2115    i.EXTI0_IRQHandler  stm32f10x_it.o
    0x08001674   0x00000002   Code   RO         2116    i.EXTI15_10_IRQHandler  stm32f10x_it.o
    0x08001676   0x00000062   Code   RO         2309    i.EXTI1_Enable      stm32_configuration.o
    0x080016d8   0x0000002c   Code   RO         2117    i.EXTI1_IRQHandler  stm32f10x_it.o
    0x08001704   0x0000005c   Code   RO         2118    i.EXTI4_IRQHandler  stm32f10x_it.o
    0x08001760   0x00000002   Code   RO         2119    i.EXTI9_5_IRQHandler  stm32f10x_it.o
    0x08001762   0x00000002   PAD
    0x08001764   0x0000000c   Code   RO          434    i.EXTI_ClearITPendingBit  stm32f10x_exti.o
    0x08001770   0x00000032   Code   RO         2310    i.EXTI_Configuration  stm32_configuration.o
    0x080017a2   0x00000002   PAD
    0x080017a4   0x00000090   Code   RO          439    i.EXTI_Init         stm32f10x_exti.o
    0x08001834   0x00000002   Code   RO         2571    i.Ethernet_mqtt_receive  handletask.o
    0x08001836   0x00000002   Code   RO         2572    i.Ethernet_mqtt_reply  handletask.o
    0x08001838   0x0000000c   Code   RO         2573    i.Ethernet_mqtt_sdk_init  handletask.o
    0x08001844   0x0000000c   Code   RO         2574    i.Ethernet_mqtt_send  handletask.o
    0x08001850   0x0000000c   Code   RO         2575    i.Ethernet_other_init  handletask.o
    0x0800185c   0x00000002   Code   RO         2576    i.Ethernet_other_receive  handletask.o
    0x0800185e   0x00000002   Code   RO         2577    i.Ethernet_other_reply  handletask.o
    0x08001860   0x0000000c   Code   RO         2578    i.Ethernet_other_send  handletask.o
    0x0800186c   0x00000178   Code   RO         2579    i.Ethernet_sdk_receive  handletask.o
    0x080019e4   0x000000b0   Code   RO         2580    i.Ethernet_sdk_reply  handletask.o
    0x08001a94   0x000004c0   Code   RO         2581    i.Ethernet_sdk_send  handletask.o
    0x08001f54   0x0000002c   Code   RO         2582    i.Ethernet_tcp_init  handletask.o
    0x08001f80   0x0000006c   Code   RO         2583    i.Ethernet_tcp_receive  handletask.o
    0x08001fec   0x0000009c   Code   RO         2584    i.Ethernet_tcp_reply  handletask.o
    0x08002088   0x000003b4   Code   RO         2585    i.Ethernet_tcp_send  handletask.o
    0x0800243c   0x0000003c   Code   RO          492    i.FLASH_ErasePage   stm32f10x_flash.o
    0x08002478   0x0000002c   Code   RO          493    i.FLASH_GetBank1Status  stm32f10x_flash.o
    0x080024a4   0x00000010   Code   RO          503    i.FLASH_LockBank1   stm32f10x_flash.o
    0x080024b4   0x00000018   Code   RO          504    i.FLASH_PrefetchBufferCmd  stm32f10x_flash.o
    0x080024cc   0x00000038   Code   RO          505    i.FLASH_ProgramHalfWord  stm32f10x_flash.o
    0x08002504   0x00000014   Code   RO          509    i.FLASH_SetLatency  stm32f10x_flash.o
    0x08002518   0x00000018   Code   RO          511    i.FLASH_UnlockBank1  stm32f10x_flash.o
    0x08002530   0x00000020   Code   RO          514    i.FLASH_WaitForLastOperation  stm32f10x_flash.o
    0x08002550   0x0000001c   Code   RO         2467    i.FindTimer         systemclock.o
    0x0800256c   0x0000002c   Code   RO         2586    i.First_Getaverage  handletask.o
    0x08002598   0x00000018   Code   RO         3145    i.Flash_Read        dataflash.o
    0x080025b0   0x00000094   Code   RO         3146    i.Flash_Write       dataflash.o
    0x08002644   0x00000032   Code   RO         3147    i.Flash_Write_Without_check  dataflash.o
    0x08002676   0x00000086   Code   RO         3171    i.GET_PRESSUE0      max44009.o
    0x080026fc   0x00000086   Code   RO         3249    i.GET_PRESSUE1      si7021.o
    0x08002782   0x00000086   Code   RO         3250    i.GET_PRESSUE4      si7021.o
    0x08002808   0x00000078   Code   RO         3172    i.GET_level0        max44009.o
    0x08002880   0x0000008c   Code   RO         3251    i.GET_level1        si7021.o
    0x0800290c   0x00000078   Code   RO         3252    i.GET_level4        si7021.o
    0x08002984   0x00000304   Code   RO         2311    i.GPIO_Configuration  stm32_configuration.o
    0x08002c88   0x00000028   Code   RO          664    i.GPIO_EXTILineConfig  stm32f10x_gpio.o
    0x08002cb0   0x000000ba   Code   RO          667    i.GPIO_Init         stm32f10x_gpio.o
    0x08002d6a   0x00000002   PAD
    0x08002d6c   0x0000007c   Code   RO          669    i.GPIO_PinRemapConfig  stm32f10x_gpio.o
    0x08002de8   0x0000000e   Code   RO          671    i.GPIO_ReadInputDataBit  stm32f10x_gpio.o
    0x08002df6   0x0000000e   Code   RO          673    i.GPIO_ReadOutputDataBit  stm32f10x_gpio.o
    0x08002e04   0x00000004   Code   RO          674    i.GPIO_ResetBits    stm32f10x_gpio.o
    0x08002e08   0x00000004   Code   RO          675    i.GPIO_SetBits      stm32f10x_gpio.o
    0x08002e0c   0x0000000c   Code   RO          678    i.GPIO_WriteBit     stm32f10x_gpio.o
    0x08002e18   0x0000006c   Code   RO         2587    i.GetCRC16          handletask.o
    0x08002e84   0x00000088   Code   RO         2588    i.Get_Adclvbo       handletask.o
    0x08002f0c   0x00000060   Code   RO         3253    i.Get_Carbon        si7021.o
    0x08002f6c   0x00000068   Code   RO         3173    i.Get_Illuminance   max44009.o
    0x08002fd4   0x00000002   Code   RO         2120    i.HardFault_Handler  stm32f10x_it.o
    0x08002fd6   0x00000002   PAD
    0x08002fd8   0x0000006c   Code   RO         2589    i.IOxh_send_cmd     handletask.o
    0x08003044   0x00000034   Code   RO         2312    i.IWDG_Configuration  stm32_configuration.o
    0x08003078   0x00000010   Code   RO         1775    i.IWDG_Enable       stm32f10x_iwdg.o
    0x08003088   0x00000010   Code   RO         1777    i.IWDG_ReloadCounter  stm32f10x_iwdg.o
    0x08003098   0x0000000c   Code   RO         1778    i.IWDG_SetPrescaler  stm32f10x_iwdg.o
    0x080030a4   0x0000000c   Code   RO         1779    i.IWDG_SetReload    stm32f10x_iwdg.o
    0x080030b0   0x0000000c   Code   RO         1780    i.IWDG_WriteAccessCmd  stm32f10x_iwdg.o
    0x080030bc   0x000000bc   Code   RO         3175    i.MAX44009_Read     max44009.o
    0x08003178   0x000000b8   Code   RO         3176    i.MAX44009_Send     max44009.o
    0x08003230   0x00000050   Code   RO         3177    i.MAX44009_Transtart  max44009.o
    0x08003280   0x00000054   Code   RO         3178    i.MAX44009_Transtop  max44009.o
    0x080032d4   0x00000034   Code   RO         3500    i.MD5Decode         password_md5.o
    0x08003308   0x0000003c   Code   RO         3501    i.MD5Encode         password_md5.o
    0x08003344   0x00000050   Code   RO         3502    i.MD5Final          password_md5.o
    0x08003394   0x00000028   Code   RO         3503    i.MD5Init           password_md5.o
    0x080033bc   0x000007b4   Code   RO         3504    i.MD5Transform      password_md5.o
    0x08003b70   0x0000007c   Code   RO         3505    i.MD5Update         password_md5.o
    0x08003bec   0x0000002a   Code   RO         3709    i.MQTTPacket_encode  mqttpacket.o
    0x08003c16   0x00000002   PAD
    0x08003c18   0x00000028   Code   RO         3711    i.MQTTPacket_len    mqttpacket.o
    0x08003c40   0x0000014c   Code   RO         3546    i.MQTTSerialize_connect  mqttconnectclient.o
    0x08003d8c   0x00000072   Code   RO         3547    i.MQTTSerialize_connectLength  mqttconnectclient.o
    0x08003dfe   0x00000096   Code   RO         3824    i.MQTTSerialize_publish  mqttserializepublish.o
    0x08003e94   0x0000001e   Code   RO         3825    i.MQTTSerialize_publishLength  mqttserializepublish.o
    0x08003eb2   0x000000ac   Code   RO         3864    i.MQTTSerialize_subscribe  mqttsubscribeclient.o
    0x08003f5e   0x00000032   Code   RO         3865    i.MQTTSerialize_subscribeLength  mqttsubscribeclient.o
    0x08003f90   0x0000001a   Code   RO         3714    i.MQTTstrlen        mqttpacket.o
    0x08003faa   0x00000002   Code   RO         2121    i.MemManage_Handler  stm32f10x_it.o
    0x08003fac   0x00000002   Code   RO         2122    i.NMI_Handler       stm32f10x_it.o
    0x08003fae   0x000000f4   Code   RO         2313    i.NVIC_Configuration  stm32_configuration.o
    0x080040a2   0x00000002   PAD
    0x080040a4   0x00000078   Code   RO           10    i.NVIC_Init         misc.o
    0x0800411c   0x00000014   Code   RO           11    i.NVIC_PriorityGroupConfig  misc.o
    0x08004130   0x00000014   Code   RO           12    i.NVIC_SetVectorTable  misc.o
    0x08004144   0x000000dc   Code   RO         2590    i.Net_connect_init  handletask.o
    0x08004220   0x0000009c   Code   RO         3254    i.PRESSUE_level1    si7021.o
    0x080042bc   0x0000009c   Code   RO         3179    i.PRESSUE_level2    max44009.o
    0x08004358   0x00000002   Code   RO         2123    i.PendSV_Handler    stm32f10x_it.o
    0x0800435a   0x00000002   PAD
    0x0800435c   0x0000084c   Code   RO         2591    i.Period_Events_Handle  handletask.o
    0x08004ba8   0x00000014   Code   RO          775    i.RCC_ADCCLKConfig  stm32f10x_rcc.o
    0x08004bbc   0x0000001c   Code   RO          776    i.RCC_AHBPeriphClockCmd  stm32f10x_rcc.o
    0x08004bd8   0x0000001c   Code   RO          777    i.RCC_APB1PeriphClockCmd  stm32f10x_rcc.o
    0x08004bf4   0x0000001c   Code   RO          778    i.RCC_APB1PeriphResetCmd  stm32f10x_rcc.o
    0x08004c10   0x0000001c   Code   RO          779    i.RCC_APB2PeriphClockCmd  stm32f10x_rcc.o
    0x08004c2c   0x0000001c   Code   RO          780    i.RCC_APB2PeriphResetCmd  stm32f10x_rcc.o
    0x08004c48   0x00000010   Code   RO          783    i.RCC_ClearFlag     stm32f10x_rcc.o
    0x08004c58   0x00000074   Code   RO         2314    i.RCC_Configuration  stm32_configuration.o
    0x08004ccc   0x00000040   Code   RO          786    i.RCC_DeInit        stm32f10x_rcc.o
    0x08004d0c   0x000000b8   Code   RO          787    i.RCC_GetClocksFreq  stm32f10x_rcc.o
    0x08004dc4   0x00000030   Code   RO          788    i.RCC_GetFlagStatus  stm32f10x_rcc.o
    0x08004df4   0x00000010   Code   RO          790    i.RCC_GetSYSCLKSource  stm32f10x_rcc.o
    0x08004e04   0x00000014   Code   RO          791    i.RCC_HCLKConfig    stm32f10x_rcc.o
    0x08004e18   0x00000038   Code   RO          792    i.RCC_HSEConfig     stm32f10x_rcc.o
    0x08004e50   0x0000000c   Code   RO          796    i.RCC_LSICmd        stm32f10x_rcc.o
    0x08004e5c   0x00000014   Code   RO          798    i.RCC_PCLK1Config   stm32f10x_rcc.o
    0x08004e70   0x00000014   Code   RO          799    i.RCC_PCLK2Config   stm32f10x_rcc.o
    0x08004e84   0x0000000c   Code   RO          800    i.RCC_PLLCmd        stm32f10x_rcc.o
    0x08004e90   0x00000014   Code   RO          801    i.RCC_PLLConfig     stm32f10x_rcc.o
    0x08004ea4   0x00000014   Code   RO          804    i.RCC_SYSCLKConfig  stm32f10x_rcc.o
    0x08004eb8   0x0000002e   Code   RO          806    i.RCC_WaitForHSEStartUp  stm32f10x_rcc.o
    0x08004ee6   0x00000002   PAD
    0x08004ee8   0x00000030   Code   RO         2592    i.ReadData          handletask.o
    0x08004f18   0x00000030   Code   RO         2593    i.RxReport1         handletask.o
    0x08004f48   0x000000f0   Code   RO         2594    i.RxReport1_YANHUA_touch_screen  handletask.o
    0x08005038   0x000000a0   Code   RO         2595    i.RxReport1_csb_yw  handletask.o
    0x080050d8   0x00000180   Code   RO         2596    i.RxReport2         handletask.o
    0x08005258   0x00000128   Code   RO         2597    i.RxReport3         handletask.o
    0x08005380   0x00001328   Code   RO         2598    i.RxReport4         handletask.o
    0x080066a8   0x00000340   Code   RO         2599    i.RxReport5         handletask.o
    0x080069e8   0x0000021c   Code   RO         2600    i.SF_Flow_Measu     handletask.o
    0x08006c04   0x00000084   Code   RO         2601    i.SF_Flow_Trans     handletask.o
    0x08006c88   0x000000fc   Code   RO         2602    i.SF_Para_Trans     handletask.o
    0x08006d84   0x0000004c   Code   RO         2603    i.SF_WriteDataToDMA_BufferTX3  handletask.o
    0x08006dd0   0x0000015c   Code   RO         2604    i.SI4463Receive     handletask.o
    0x08006f2c   0x0000003c   Code   RO         3358    i.SI4463_CMD        si4463.o
    0x08006f68   0x00000040   Code   RO         3359    i.SI4463_CONFIG_INIT  si4463.o
    0x08006fa8   0x00000042   Code   RO         3362    i.SI4463_GPIO_CONFIG  si4463.o
    0x08006fea   0x0000002a   Code   RO         3363    i.SI4463_INT_STATUS  si4463.o
    0x08007014   0x00000018   Code   RO         3365    i.SI4463_Init       si4463.o
    0x0800702c   0x00000050   Code   RO         3367    i.SI4463_READ_PACKET  si4463.o
    0x0800707c   0x00000044   Code   RO         3368    i.SI4463_READ_RESPONSE  si4463.o
    0x080070c0   0x00000034   Code   RO         3369    i.SI4463_RESET      si4463.o
    0x080070f4   0x00000018   Code   RO         3370    i.SI4463_RX_FIFO_RESET  si4463.o
    0x0800710c   0x000002d8   Code   RO         2605    i.SI4463_SENDZZ     handletask.o
    0x080073e4   0x00000080   Code   RO         3372    i.SI4463_SEND_PACKET  si4463.o
    0x08007464   0x0000002a   Code   RO         3373    i.SI4463_SET_PROPERTY_1  si4463.o
    0x0800748e   0x00000018   Code   RO         3374    i.SI4463_SPI_Active  si4463.o
    0x080074a6   0x0000004c   Code   RO         3375    i.SI4463_START_RX   si4463.o
    0x080074f2   0x00000018   Code   RO         3376    i.SI4463_TX_FIFO_RESET  si4463.o
    0x0800750a   0x00000002   PAD
    0x0800750c   0x00000054   Code   RO         3377    i.SI4463_WAIT_CTS   si4463.o
    0x08007560   0x00000048   Code   RO         3255    i.SI7021_HumiMeasurement  si7021.o
    0x080075a8   0x000000c4   Code   RO         3257    i.SI7021_ReadByte   si7021.o
    0x0800766c   0x00000036   Code   RO         3258    i.SI7021_TempMeasurement  si7021.o
    0x080076a2   0x00000002   PAD
    0x080076a4   0x00000060   Code   RO         3259    i.SI7021_TransStart  si7021.o
    0x08007704   0x00000068   Code   RO         3260    i.SI7021_TransStop  si7021.o
    0x0800776c   0x000000c0   Code   RO         3261    i.SI7021_WriteByte  si7021.o
    0x0800782c   0x000000c8   Code   RO         2315    i.SPI1_Configuration  stm32_configuration.o
    0x080078f4   0x00000018   Code   RO         1897    i.SPI_Cmd           stm32f10x_spi.o
    0x0800790c   0x0000000e   Code   RO         1905    i.SPI_I2S_GetFlagStatus  stm32f10x_spi.o
    0x0800791a   0x00000004   Code   RO         1908    i.SPI_I2S_ReceiveData  stm32f10x_spi.o
    0x0800791e   0x00000004   Code   RO         1909    i.SPI_I2S_SendData  stm32f10x_spi.o
    0x08007922   0x00000054   Code   RO         1910    i.SPI_Init          stm32f10x_spi.o
    0x08007976   0x00000018   Code   RO         1912    i.SPI_SSOutputCmd   stm32f10x_spi.o
    0x0800798e   0x00000002   PAD
    0x08007990   0x000000a0   Code   RO         3378    i.SPI_WriteByte     si4463.o
    0x08007a30   0x00000002   Code   RO         2124    i.SVC_Handler       stm32f10x_it.o
    0x08007a32   0x00000002   PAD
    0x08007a34   0x000000a0   Code   RO         2316    i.SYS_Confgiuration  stm32_configuration.o
    0x08007ad4   0x00000004   Code   RO         2606    i.Scan_Events_Handle  handletask.o
    0x08007ad8   0x000002c0   Code   RO         2607    i.Send_slave_cmd    handletask.o
    0x08007d98   0x00000004   Code   RO         2046    i.SetSysClock       system_stm32f10x.o
    0x08007d9c   0x000000b4   Code   RO         2047    i.SetSysClockTo72   system_stm32f10x.o
    0x08007e50   0x00000010   Code   RO         2470    i.Set_Event         systemclock.o
    0x08007e60   0x0000001c   Code   RO         2472    i.Start_timerEx     systemclock.o
    0x08007e7c   0x00000026   Code   RO         2473    i.Stop_timerEx      systemclock.o
    0x08007ea2   0x00000002   PAD
    0x08007ea4   0x00000090   Code   RO         2474    i.SysClock          systemclock.o
    0x08007f34   0x0000001c   Code   RO         2475    i.SysHandleEvent    systemclock.o
    0x08007f50   0x00000002   Code   RO         2125    i.SysTick_Handler   stm32f10x_it.o
    0x08007f52   0x00000002   PAD
    0x08007f54   0x00000050   Code   RO         2049    i.SystemInit        system_stm32f10x.o
    0x08007fa4   0x00000040   Code   RO         2608    i.TD_Getaverage     handletask.o
    0x08007fe4   0x0000006a   Code   RO          975    i.TI1_Config        stm32f10x_tim.o
    0x0800804e   0x00000072   Code   RO          976    i.TI2_Config        stm32f10x_tim.o
    0x080080c0   0x0000006e   Code   RO          977    i.TI3_Config        stm32f10x_tim.o
    0x0800812e   0x00000072   Code   RO          978    i.TI4_Config        stm32f10x_tim.o
    0x080081a0   0x00000070   Code   RO         2317    i.TIM2_Configuration  stm32_configuration.o
    0x08008210   0x000000e4   Code   RO         2126    i.TIM2_IRQHandler   stm32f10x_it.o
    0x080082f4   0x00000074   Code   RO         2318    i.TIM5_Configuration  stm32_configuration.o
    0x08008368   0x000000f4   Code   RO         2127    i.TIM5_IRQHandler   stm32f10x_it.o
    0x0800845c   0x00000006   Code   RO          986    i.TIM_ClearITPendingBit  stm32f10x_tim.o
    0x08008462   0x00000018   Code   RO          991    i.TIM_Cmd           stm32f10x_tim.o
    0x0800847a   0x000001e4   Code   RO          996    i.TIM_DeInit        stm32f10x_tim.o
    0x0800865e   0x00000004   Code   RO         1007    i.TIM_GetCapture2   stm32f10x_tim.o
    0x08008662   0x00000016   Code   RO         1012    i.TIM_GetITStatus   stm32f10x_tim.o
    0x08008678   0x0000007a   Code   RO         1014    i.TIM_ICInit        stm32f10x_tim.o
    0x080086f2   0x00000016   Code   RO         1016    i.TIM_ITConfig      stm32f10x_tim.o
    0x08008708   0x00000010   Code   RO         1057    i.TIM_SetIC1Prescaler  stm32f10x_tim.o
    0x08008718   0x00000018   Code   RO         1058    i.TIM_SetIC2Prescaler  stm32f10x_tim.o
    0x08008730   0x00000010   Code   RO         1059    i.TIM_SetIC3Prescaler  stm32f10x_tim.o
    0x08008740   0x00000018   Code   RO         1060    i.TIM_SetIC4Prescaler  stm32f10x_tim.o
    0x08008758   0x0000008c   Code   RO         1062    i.TIM_TimeBaseInit  stm32f10x_tim.o
    0x080087e4   0x0000000c   Code   RO         2476    i.TimerInit         systemclock.o
    0x080087f0   0x00000084   Code   RO         2477    i.TimerUpdate       systemclock.o
    0x08008874   0x00000078   Code   RO         2128    i.UART4_IRQHandler  stm32f10x_it.o
    0x080088ec   0x00000090   Code   RO         2319    i.UART5_Configuration  stm32_configuration.o
    0x0800897c   0x000000e0   Code   RO         2129    i.UART5_IRQHandler  stm32f10x_it.o
    0x08008a5c   0x0000007c   Code   RO         2130    i.USART1_IRQHandler  stm32f10x_it.o
    0x08008ad8   0x0000007c   Code   RO         2131    i.USART2_IRQHandler  stm32f10x_it.o
    0x08008b54   0x0000004c   Code   RO         2132    i.USART3_IRQHandler  stm32f10x_it.o
    0x08008ba0   0x0000000a   Code   RO         1523    i.USART_ClearFlag   stm32f10x_usart.o
    0x08008baa   0x00000012   Code   RO         1524    i.USART_ClearITPendingBit  stm32f10x_usart.o
    0x08008bbc   0x00000018   Code   RO         1527    i.USART_Cmd         stm32f10x_usart.o
    0x08008bd4   0x00000016   Code   RO         1528    i.USART_DMACmd      stm32f10x_usart.o
    0x08008bea   0x0000000e   Code   RO         1530    i.USART_GetFlagStatus  stm32f10x_usart.o
    0x08008bf8   0x00000048   Code   RO         1531    i.USART_GetITStatus  stm32f10x_usart.o
    0x08008c40   0x0000003a   Code   RO         1533    i.USART_ITConfig    stm32f10x_usart.o
    0x08008c7a   0x00000002   PAD
    0x08008c7c   0x000000c8   Code   RO         1534    i.USART_Init        stm32f10x_usart.o
    0x08008d44   0x00000018   Code   RO         1541    i.USART_ReceiveData  stm32f10x_usart.o
    0x08008d5c   0x00000028   Code   RO         1544    i.USART_SendData    stm32f10x_usart.o
    0x08008d84   0x000000ec   Code   RO         2320    i.Uart1_Init        stm32_configuration.o
    0x08008e70   0x000000e0   Code   RO         2321    i.Uart2_Init        stm32_configuration.o
    0x08008f50   0x000000d8   Code   RO         2322    i.Uart3_Init        stm32_configuration.o
    0x08009028   0x000000e8   Code   RO         2323    i.Uart4_Init        stm32_configuration.o
    0x08009110   0x00000002   Code   RO         2133    i.UsageFault_Handler  stm32f10x_it.o
    0x08009112   0x00000002   PAD
    0x08009114   0x00000144   Code   RO         2609    i.WriteDataToBuffer  handletask.o
    0x08009258   0x00000034   Code   RO         2610    i.WriteDataToDMA_BufferTX1  handletask.o
    0x0800928c   0x00000034   Code   RO         2611    i.WriteDataToDMA_BufferTX2  handletask.o
    0x080092c0   0x0000004c   Code   RO         2612    i.WriteDataToDMA_BufferTX3  handletask.o
    0x0800930c   0x00000044   Code   RO         2613    i.WriteDataToDMA_BufferTX4  handletask.o
    0x08009350   0x00000050   Code   RO         2614    i.WriteMultipleRegister  handletask.o
    0x080093a0   0x00000034   Code   RO         2615    i.WriteSingleRegister  handletask.o
    0x080093d4   0x00000028   Code   RO         4303    i.__ARM_fpclassify  m_ws.l(fpclassify.o)
    0x080093fc   0x000000aa   Code   RO         4305    i.__kernel_poly     m_ws.l(poly.o)
    0x080094a6   0x00000002   PAD
    0x080094a8   0x00000010   Code   RO         4289    i.__mathlib_dbl_divzero  m_ws.l(dunder.o)
    0x080094b8   0x00000004   Code   RO         4291    i.__mathlib_dbl_infnan2  m_ws.l(dunder.o)
    0x080094bc   0x0000000c   Code   RO         4292    i.__mathlib_dbl_invalid  m_ws.l(dunder.o)
    0x080094c8   0x0000000e   Code   RO         4293    i.__mathlib_dbl_overflow  m_ws.l(dunder.o)
    0x080094d6   0x00000002   PAD
    0x080094d8   0x00000010   Code   RO         4295    i.__mathlib_dbl_underflow  m_ws.l(dunder.o)
    0x080094e8   0x0000000e   Code   RO         4377    i.__scatterload_copy  mc_w.l(handlers.o)
    0x080094f6   0x00000002   Code   RO         4378    i.__scatterload_null  mc_w.l(handlers.o)
    0x080094f8   0x0000000e   Code   RO         4379    i.__scatterload_zeroinit  mc_w.l(handlers.o)
    0x08009506   0x00000002   PAD
    0x08009508   0x0000000c   Code   RO         4343    i.__set_errno       mc_w.l(errno.o)
    0x08009514   0x00000070   Code   RO         2616    i.alter_hand_auto   handletask.o
    0x08009584   0x00000070   Code   RO         2617    i.alter_send        handletask.o
    0x080095f4   0x00000024   Code   RO         2618    i.byte_to_asc       handletask.o
    0x08009618   0x00000034   Code   RO         2619    i.bytelen_to_asc    handletask.o
    0x0800964c   0x00000654   Code   RO         2620    i.cdma_SMS_receive  handletask.o
    0x08009ca0   0x00000314   Code   RO         2621    i.cdma_cmd_receive  handletask.o
    0x08009fb4   0x00000184   Code   RO         2622    i.cdma_mqtt_receive  handletask.o
    0x0800a138   0x000000f0   Code   RO         2623    i.cdma_mqtt_reply   handletask.o
    0x0800a228   0x000004f8   Code   RO         2624    i.cdma_mqtt_send    handletask.o
    0x0800a720   0x00000002   Code   RO         2625    i.cdma_other_reply  handletask.o
    0x0800a722   0x00000002   PAD
    0x0800a724   0x00000258   Code   RO         2626    i.cdma_sdk_receive  handletask.o
    0x0800a97c   0x000001c8   Code   RO         2627    i.cdma_sdk_reply    handletask.o
    0x0800ab44   0x000005d4   Code   RO         2628    i.cdma_sdk_send     handletask.o
    0x0800b118   0x000004ec   Code   RO         2629    i.cdma_tcp_init     handletask.o
    0x0800b604   0x000000bc   Code   RO         2630    i.cdma_tcp_receive  handletask.o
    0x0800b6c0   0x000000c0   Code   RO         2631    i.cdma_tcp_reply    handletask.o
    0x0800b780   0x000005f0   Code   RO         2632    i.cdma_tcp_send     handletask.o
    0x0800bd70   0x00000068   Code   RO         2633    i.chge_coltsnd      handletask.o
    0x0800bdd8   0x00000068   Code   RO         2634    i.chge_fertisnd     handletask.o
    0x0800be40   0x00000040   Code   RO         2635    i.cycle_cmd         handletask.o
    0x0800be80   0x0000004a   Code   RO         2636    i.dword_asc_hex     handletask.o
    0x0800beca   0x00000002   PAD
    0x0800becc   0x00000138   Code   RO         2637    i.float_to_string   handletask.o
    0x0800c004   0x00000050   Code   RO         4235    i.free              mc_w.l(malloc.o)
    0x0800c054   0x00000050   Code   RO         3180    i.get_light         max44009.o
    0x0800c0a4   0x00000340   Code   RO         2638    i.gprs_cmd_receive  handletask.o
    0x0800c3e4   0x0000000c   Code   RO         2639    i.gprs_other_init   handletask.o
    0x0800c3f0   0x00000002   Code   RO         2640    i.gprs_other_receive  handletask.o
    0x0800c3f2   0x00000002   Code   RO         2641    i.gprs_other_reply  handletask.o
    0x0800c3f4   0x0000000c   Code   RO         2642    i.gprs_other_send   handletask.o
    0x0800c400   0x00000590   Code   RO         2643    i.gprs_tcp_init     handletask.o
    0x0800c990   0x00000064   Code   RO         2644    i.handlecmd         handletask.o
    0x0800c9f4   0x0000006c   Code   RO         2645    i.initialRealSendBuff  handletask.o
    0x0800ca60   0x0000003a   Code   RO         2646    i.is_number         handletask.o
    0x0800ca9a   0x00000002   PAD
    0x0800ca9c   0x000000e4   Code   RO         2647    i.jm_platform_reply  handletask.o
    0x0800cb80   0x000000d0   Code   RO         2648    i.made_keyX_value   handletask.o
    0x0800cc50   0x000000d6   Code   RO         2649    i.made_keyX_value4  handletask.o
    0x0800cd26   0x00000002   PAD
    0x0800cd28   0x00000138   Code   RO         2650    i.made_keyX_valueF  handletask.o
    0x0800ce60   0x0000013c   Code   RO         2651    i.made_keyX_valueF4  handletask.o
    0x0800cf9c   0x00000018   Code   RO         2080    i.main              main.o
    0x0800cfb4   0x0000006c   Code   RO         4236    i.malloc            mc_w.l(malloc.o)
    0x0800d020   0x0000005e   Code   RO         2652    i.match_str         handletask.o
    0x0800d07e   0x00000002   PAD
    0x0800d080   0x00000140   Code   RO         2653    i.mqtt_connect      handletask.o
    0x0800d1c0   0x000000c4   Code   RO         2654    i.mqtt_publish      handletask.o
    0x0800d284   0x00000040   Code   RO         2655    i.mqtt_publish1     handletask.o
    0x0800d2c4   0x000000b0   Code   RO         2656    i.mqtt_subscribe    handletask.o
    0x0800d374   0x000009b8   Code   RO         3948    i.pow               m_ws.l(pow.o)
    0x0800dd2c   0x00000044   Code   RO         2657    i.send_Ethernet_module  handletask.o
    0x0800dd70   0x00000030   Code   RO         2658    i.send_at_cdma      handletask.o
    0x0800dda0   0x00000030   Code   RO         2659    i.send_at_gprs      handletask.o
    0x0800ddd0   0x00000044   Code   RO         2660    i.send_data_module  handletask.o
    0x0800de14   0x000000fc   Code   RO         2661    i.send_platform     handletask.o
    0x0800df10   0x0000009c   Code   RO         2662    i.set_ctrl_data     handletask.o
    0x0800dfac   0x00000234   Code   RO         2663    i.set_slave_param   handletask.o
    0x0800e1e0   0x00000238   Code   RO         2664    i.set_slave_paramWX  handletask.o
    0x0800e418   0x0000004c   Code   RO         4309    i.sqrt              m_ws.l(sqrt.o)
    0x0800e464   0x00000020   Code   RO         2665    i.startadc          handletask.o
    0x0800e484   0x0000029c   Code   RO         2666    i.uart5_send_cmd    handletask.o
    0x0800e720   0x0000012c   Code   RO         2667    i.wg_init_readflash  handletask.o
    0x0800e84c   0x00000078   Code   RO         2668    i.wg_reply_cmd      handletask.o
    0x0800e8c4   0x00000c48   Code   RO         2669    i.wgcollector_data  handletask.o
    0x0800f50c   0x00000038   Code   RO         2324    i.wgfrist_init_readflash  stm32_configuration.o
    0x0800f544   0x00000028   Code   RO         3720    i.writeCString      mqttpacket.o
    0x0800f56c   0x0000000c   Code   RO         3721    i.writeChar         mqttpacket.o
    0x0800f578   0x00000020   Code   RO         3722    i.writeInt          mqttpacket.o
    0x0800f598   0x00000048   Code   RO         3723    i.writeMQTTString   mqttpacket.o
    0x0800f5e0   0x0000028c   Data   RO         2671    .constdata          handletask.o
    0x0800f86c   0x00000004   PAD
    0x0800f870   0x00000088   Data   RO         3949    .constdata          m_ws.l(pow.o)
    0x0800f8f8   0x00000008   Data   RO         4307    .constdata          m_ws.l(qnan.o)
    0x0800f900   0x00000020   Data   RO         4375    Region$$Table       anon$$obj.o


    Execution Region RW_IRAM1 (Base: 0x20000000, Size: 0x000048e8, Max: 0x0000e000, ABSOLUTE, COMPRESSED[0x000002d4])

    Base Addr    Size         Type   Attr      Idx    E Section Name        Object

    0x20000000   0x00000014   Data   RW          807    .data               stm32f10x_rcc.o
    0x20000014   0x00000001   Data   RW         2081    .data               main.o
    0x20000015   0x00000003   PAD
    0x20000018   0x00000020   Data   RW         2141    .data               stm32f10x_it.o
    0x20000038   0x00000001   Data   RW         2143    .data               stm32f10x_it.o
    0x20000039   0x00000001   Data   RW         2145    .data               stm32f10x_it.o
    0x2000003a   0x00000001   Data   RW         2147    .data               stm32f10x_it.o
    0x2000003b   0x00000001   Data   RW         2149    .data               stm32f10x_it.o
    0x2000003c   0x00000001   Data   RW         2152    .data               stm32f10x_it.o
    0x2000003d   0x00000001   PAD
    0x2000003e   0x00000006   Data   RW         2325    .data               stm32_configuration.o
    0x20000044   0x00000014   Data   RW         2479    .data               systemclock.o
    0x20000058   0x00000400   Data   RW         2674    .data               handletask.o
    0x20000458   0x00000002   Data   RW         2675    .data               handletask.o
    0x2000045a   0x00000002   PAD
    0x2000045c   0x00000174   Data   RW         3380    .data               si4463.o
    0x200005d0   0x00000040   Data   RW         3506    .data               password_md5.o
    0x20000610   0x00000004   Data   RW         4339    .data               mc_w.l(mvars.o)
    0x20000614   0x00000004   Data   RW         4340    .data               mc_w.l(mvars.o)
    0x20000618   0x00000004   Data   RW         4344    .data               mc_w.l(errno.o)
    0x2000061c   0x00000080   Zero   RW         2134    .bss                stm32f10x_it.o
    0x2000069c   0x00000489   Zero   RW         2135    .bss                stm32f10x_it.o
    0x20000b25   0x00000100   Zero   RW         2136    .bss                stm32f10x_it.o
    0x20000c25   0x00000100   Zero   RW         2137    .bss                stm32f10x_it.o
    0x20000d25   0x00000080   Zero   RW         2138    .bss                stm32f10x_it.o
    0x20000da5   0x00000080   Zero   RW         2139    .bss                stm32f10x_it.o
    0x20000e25   0x00000100   Zero   RW         2140    .bss                stm32f10x_it.o
    0x20000f25   0x00000003   PAD
    0x20000f28   0x00002bb0   Zero   RW         2670    .bss                handletask.o
    0x20003ad8   0x00000800   Zero   RW         3148    .bss                dataflash.o
    0x200042d8   0x00000009   Zero   RW         3379    .bss                si4463.o
    0x200042e1   0x00000007   PAD
    0x200042e8   0x00000200   Zero   RW            2    HEAP                startup_stm32f10x_hd.o
    0x200044e8   0x00000400   Zero   RW            1    STACK               startup_stm32f10x_hd.o


    Execution Region MYRAM (Base: 0x2000e000, Size: 0x00000b84, Max: 0x00002000, ABSOLUTE, UNINIT)

    Base Addr    Size         Type   Attr      Idx    E Section Name        Object

    0x2000e000   0x00000b84   Zero   RW         2676    NO_INIT             handletask.o


==============================================================================

Image component sizes


      Code (inc. data)   RO Data    RW Data    ZI Data      Debug   Object Name

       222          6          0          0       2048       3035   dataflash.o
     38004       3102        652       1026      14132     121227   handletask.o
        24          4          0          1          0      10067   main.o
      1130         58          0          0          0       5944   max44009.o
       160         14          0          0          0     290033   misc.o
       446         18          0          0          0       2186   mqttconnectclient.o
       264          6          0          0          0       4350   mqttpacket.o
       180          0          0          0          0       1866   mqttserializepublish.o
       222          0          0          0          0       2330   mqttsubscribeclient.o
      2328        274          0         64          0       6242   password_md5.o
      1034         62          0        372          9      11333   si4463.o
      2110        120          0          0          0      10341   si7021.o
        36          8        304          0       1536        864   startup_stm32f10x_hd.o
      4008        222          0          6          0      16668   stm32_configuration.o
       344          4          0          0          0       7981   stm32f10x_adc.o
       470         70          0          0          0       6124   stm32f10x_dma.o
       156         14          0          0          0       1609   stm32f10x_exti.o
       276         42          0          0          0       4813   stm32f10x_flash.o
       398          4          0          0          0       6665   stm32f10x_gpio.o
      1726        278          0         37       2313      16783   stm32f10x_it.o
        68         30          0          0          0       2562   stm32f10x_iwdg.o
       714        112          0         20          0      14568   stm32f10x_rcc.o
       154          0          0          0          0       4568   stm32f10x_spi.o
      1348         10          0          0          0      12594   stm32f10x_tim.o
       482         12          0          0          0       8532   stm32f10x_usart.o
       264         22          0          0          0       2261   system_stm32f10x.o
       524         46          0         20          0      23219   systemclock.o

    ----------------------------------------------------------------------
     57144       4538        992       1552      20048     598765   Object Totals
         0          0         32          0          0          0   (incl. Generated)
        52          0          4          6         10          0   (incl. Padding)

    ----------------------------------------------------------------------

      Code (inc. data)   RO Data    RW Data    ZI Data      Debug   Library Member Name

        62         10          0          0          0        340   dunder.o
        40          0          0          0          0         68   fpclassify.o
       170          0          0          0          0         96   poly.o
      2488        190        136          0          0        300   pow.o
         0          0          8          0          0          0   qnan.o
        76          0          0          0          0         84   sqrt.o
        86          0          0          0          0          0   __dczerorl2.o
         0          0          0          0          0          0   entry.o
         0          0          0          0          0          0   entry10a.o
         0          0          0          0          0          0   entry11a.o
         8          4          0          0          0          0   entry2.o
         4          0          0          0          0          0   entry5.o
         0          0          0          0          0          0   entry7b.o
         0          0          0          0          0          0   entry8b.o
         8          4          0          0          0          0   entry9a.o
        12          6          0          4          0         68   errno.o
        30          0          0          0          0          0   handlers.o
        36          8          0          0          0         68   init.o
         0          0          0          0          0          0   iusefp.o
        30          0          0          0          0         68   llshl.o
        36          0          0          0          0         68   llsshr.o
        32          0          0          0          0         68   llushr.o
       188         20          0          0          0        160   malloc.o
        36          0          0          0          0         68   memcpya.o
        36          0          0          0          0        108   memseta.o
         0          0          0          8          0          0   mvars.o
        14          0          0          0          0         68   strlen.o
        36          0          0          0          0         80   strstr.o
        48          0          0          0          0         68   cdrcmple.o
        56          0          0          0          0         88   d2f.o
       334          0          0          0          0        148   dadd.o
       222          0          0          0          0        100   ddiv.o
       186          0          0          0          0        176   depilogue.o
        50          0          0          0          0         76   dfixui.o
        34          0          0          0          0         76   dflti.o
        26          0          0          0          0         76   dfltui.o
       228          0          0          0          0         96   dmul.o
        46          0          0          0          0         80   dscalb.o
       162          0          0          0          0        100   dsqrt.o
        38          0          0          0          0         68   f2d.o
       176          0          0          0          0        140   fadd.o
       124          0          0          0          0         88   fdiv.o
       110          0          0          0          0        168   fepilogue.o
        50          0          0          0          0         68   ffixi.o
        40          0          0          0          0         68   ffixui.o
        18          0          0          0          0         68   fflti.o
        10          0          0          0          0         68   ffltui.o
       100          0          0          0          0         76   fmul.o

    ----------------------------------------------------------------------
      5496        242        144         12          0       3608   Library Totals
        10          0          0          0          0          0   (incl. Padding)

    ----------------------------------------------------------------------

      Code (inc. data)   RO Data    RW Data    ZI Data      Debug   Library Name

      2836        200        144          0          0        888   m_ws.l
       592         42          0         12          0        824   mc_w.l
      2058          0          0          0          0       1896   mf_w.l

    ----------------------------------------------------------------------
      5496        242        144         12          0       3608   Library Totals

    ----------------------------------------------------------------------

==============================================================================


      Code (inc. data)   RO Data    RW Data    ZI Data      Debug   

     62640       4780       1136       1564      20048     584249   Grand Totals
     62640       4780       1136        724      20048     584249   ELF Image Totals (compressed)
     62640       4780       1136        724          0          0   ROM Totals

==============================================================================

    Total RO  Size (Code + RO Data)                63776 (  62.28kB)
    Total RW  Size (RW Data + ZI Data)             21612 (  21.11kB)
    Total ROM Size (Code + RO Data + RW Data)      64500 (  62.99kB)

==============================================================================

