Component: ARM Compiler 5.05 update 2 (build 169) Tool: armlink [4d0f33]

==============================================================================

Section Cross References

    startup_stm32f10x_hd.o(RESET) refers to startup_stm32f10x_hd.o(STACK) for __initial_sp
    startup_stm32f10x_hd.o(RESET) refers to startup_stm32f10x_hd.o(.text) for Reset_Handler
    startup_stm32f10x_hd.o(RESET) refers to stm32f10x_it.o(i.NMI_Handler) for NMI_Handler
    startup_stm32f10x_hd.o(RESET) refers to stm32f10x_it.o(i.HardFault_Handler) for HardFault_Handler
    startup_stm32f10x_hd.o(RESET) refers to stm32f10x_it.o(i.MemManage_Handler) for MemManage_Handler
    startup_stm32f10x_hd.o(RESET) refers to stm32f10x_it.o(i.BusFault_Handler) for BusFault_Handler
    startup_stm32f10x_hd.o(RESET) refers to stm32f10x_it.o(i.UsageFault_Handler) for UsageFault_Handler
    startup_stm32f10x_hd.o(RESET) refers to stm32f10x_it.o(i.SVC_Handler) for SVC_Handler
    startup_stm32f10x_hd.o(RESET) refers to stm32f10x_it.o(i.DebugMon_Handler) for DebugMon_Handler
    startup_stm32f10x_hd.o(RESET) refers to stm32f10x_it.o(i.PendSV_Handler) for PendSV_Handler
    startup_stm32f10x_hd.o(RESET) refers to stm32f10x_it.o(i.SysTick_Handler) for SysTick_Handler
    startup_stm32f10x_hd.o(RESET) refers to stm32f10x_it.o(i.EXTI0_IRQHandler) for EXTI0_IRQHandler
    startup_stm32f10x_hd.o(RESET) refers to stm32f10x_it.o(i.EXTI1_IRQHandler) for EXTI1_IRQHandler
    startup_stm32f10x_hd.o(RESET) refers to stm32f10x_it.o(i.EXTI4_IRQHandler) for EXTI4_IRQHandler
    startup_stm32f10x_hd.o(RESET) refers to stm32f10x_it.o(i.DMA1_Channel2_IRQHandler) for DMA1_Channel2_IRQHandler
    startup_stm32f10x_hd.o(RESET) refers to stm32f10x_it.o(i.DMA1_Channel4_IRQHandler) for DMA1_Channel4_IRQHandler
    startup_stm32f10x_hd.o(RESET) refers to stm32f10x_it.o(i.DMA1_Channel7_IRQHandler) for DMA1_Channel7_IRQHandler
    startup_stm32f10x_hd.o(RESET) refers to stm32f10x_it.o(i.EXTI9_5_IRQHandler) for EXTI9_5_IRQHandler
    startup_stm32f10x_hd.o(RESET) refers to stm32f10x_it.o(i.TIM2_IRQHandler) for TIM2_IRQHandler
    startup_stm32f10x_hd.o(RESET) refers to stm32f10x_it.o(i.USART1_IRQHandler) for USART1_IRQHandler
    startup_stm32f10x_hd.o(RESET) refers to stm32f10x_it.o(i.USART2_IRQHandler) for USART2_IRQHandler
    startup_stm32f10x_hd.o(RESET) refers to stm32f10x_it.o(i.USART3_IRQHandler) for USART3_IRQHandler
    startup_stm32f10x_hd.o(RESET) refers to stm32f10x_it.o(i.EXTI15_10_IRQHandler) for EXTI15_10_IRQHandler
    startup_stm32f10x_hd.o(RESET) refers to stm32f10x_it.o(i.TIM5_IRQHandler) for TIM5_IRQHandler
    startup_stm32f10x_hd.o(RESET) refers to stm32f10x_it.o(i.UART4_IRQHandler) for UART4_IRQHandler
    startup_stm32f10x_hd.o(RESET) refers to stm32f10x_it.o(i.UART5_IRQHandler) for UART5_IRQHandler
    startup_stm32f10x_hd.o(RESET) refers to stm32f10x_it.o(i.DMA2_Channel4_5_IRQHandler) for DMA2_Channel4_5_IRQHandler
    startup_stm32f10x_hd.o(.text) refers to system_stm32f10x.o(i.SystemInit) for SystemInit
    startup_stm32f10x_hd.o(.text) refers to entry.o(.ARM.Collect$$$$00000000) for __main
    stm32f10x_adc.o(i.ADC_DeInit) refers to stm32f10x_rcc.o(i.RCC_APB2PeriphResetCmd) for RCC_APB2PeriphResetCmd
    stm32f10x_dac.o(i.DAC_DeInit) refers to stm32f10x_rcc.o(i.RCC_APB1PeriphResetCmd) for RCC_APB1PeriphResetCmd
    stm32f10x_flash.o(i.FLASH_EnableWriteProtection) refers to stm32f10x_flash.o(i.FLASH_WaitForLastOperation) for FLASH_WaitForLastOperation
    stm32f10x_flash.o(i.FLASH_EraseAllBank1Pages) refers to stm32f10x_flash.o(i.FLASH_WaitForLastBank1Operation) for FLASH_WaitForLastBank1Operation
    stm32f10x_flash.o(i.FLASH_EraseAllPages) refers to stm32f10x_flash.o(i.FLASH_WaitForLastOperation) for FLASH_WaitForLastOperation
    stm32f10x_flash.o(i.FLASH_EraseOptionBytes) refers to stm32f10x_flash.o(i.FLASH_GetReadOutProtectionStatus) for FLASH_GetReadOutProtectionStatus
    stm32f10x_flash.o(i.FLASH_EraseOptionBytes) refers to stm32f10x_flash.o(i.FLASH_WaitForLastOperation) for FLASH_WaitForLastOperation
    stm32f10x_flash.o(i.FLASH_ErasePage) refers to stm32f10x_flash.o(i.FLASH_WaitForLastOperation) for FLASH_WaitForLastOperation
    stm32f10x_flash.o(i.FLASH_ProgramHalfWord) refers to stm32f10x_flash.o(i.FLASH_WaitForLastOperation) for FLASH_WaitForLastOperation
    stm32f10x_flash.o(i.FLASH_ProgramOptionByteData) refers to stm32f10x_flash.o(i.FLASH_WaitForLastOperation) for FLASH_WaitForLastOperation
    stm32f10x_flash.o(i.FLASH_ProgramWord) refers to stm32f10x_flash.o(i.FLASH_WaitForLastOperation) for FLASH_WaitForLastOperation
    stm32f10x_flash.o(i.FLASH_ReadOutProtection) refers to stm32f10x_flash.o(i.FLASH_WaitForLastOperation) for FLASH_WaitForLastOperation
    stm32f10x_flash.o(i.FLASH_UserOptionByteConfig) refers to stm32f10x_flash.o(i.FLASH_WaitForLastOperation) for FLASH_WaitForLastOperation
    stm32f10x_flash.o(i.FLASH_WaitForLastBank1Operation) refers to stm32f10x_flash.o(i.FLASH_GetBank1Status) for FLASH_GetBank1Status
[...]
    _printf_g                                0x00000000   Number         0  stubs.o ABSOLUTE
    _printf_i                                0x00000000   Number         0  stubs.o ABSOLUTE
    _printf_int_dec                          0x00000000   Number         0  stubs.o ABSOLUTE
    _printf_l                                0x00000000   Number         0  stubs.o ABSOLUTE
    _printf_lc                               0x00000000   Number         0  stubs.o ABSOLUTE
    _printf_ll                               0x00000000   Number         0  stubs.o ABSOLUTE
    _printf_lld                              0x00000000   Number         0  stubs.o ABSOLUTE
    _printf_lli                              0x00000000   Number         0  stubs.o ABSOLUTE
    _printf_llo                              0x00000000   Number         0  stubs.o ABSOLUTE
    _printf_llu                              0x00000000   Number         0  stubs.o ABSOLUTE
    _printf_llx                              0x00000000   Number         0  stubs.o ABSOLUTE
    _printf_longlong_dec                     0x00000000   Number         0  stubs.o ABSOLUTE
    _printf_longlong_hex                     0x00000000   Number         0  stubs.o ABSOLUTE
    _printf_longlong_oct                     0x00000000   Number         0  stubs.o ABSOLUTE
    _printf_ls                               0x00000000   Number         0  stubs.o ABSOLUTE
    _printf_mbtowc                           0x00000000   Number         0  stubs.o ABSOLUTE
    _printf_n                                0x00000000   Number         0  stubs.o ABSOLUTE
    _printf_o                                0x00000000   Number         0  stubs.o ABSOLUTE
    _printf_p                                0x00000000   Number         0  stubs.o ABSOLUTE
    _printf_percent                          0x00000000   Number         0  stubs.o ABSOLUTE
    _printf_pre_padding                      0x00000000   Number         0  stubs.o ABSOLUTE
    _printf_return_value                     0x00000000   Number         0  stubs.o ABSOLUTE
    _printf_s                                0x00000000   Number         0  stubs.o ABSOLUTE
    _printf_sizespec                         0x00000000   Number         0  stubs.o ABSOLUTE
    _printf_str                              0x00000000   Number         0  stubs.o ABSOLUTE
    _printf_truncate_signed                  0x00000000   Number         0  stubs.o ABSOLUTE
    _printf_truncate_unsigned                0x00000000   Number         0  stubs.o ABSOLUTE
    _printf_u                                0x00000000   Number         0  stubs.o ABSOLUTE
    _printf_wc                               0x00000000   Number         0  stubs.o ABSOLUTE
    _printf_wctomb                           0x00000000   Number         0  stubs.o ABSOLUTE
    _printf_widthprec                        0x00000000   Number         0  stubs.o ABSOLUTE
    _printf_x                                0x00000000   Number         0  stubs.o ABSOLUTE
    __cpp_initialize__aeabi_                  - Undefined Weak Reference
    __cxa_finalize                            - Undefined Weak Reference
    _clock_init                               - Undefined Weak Reference
    _microlib_exit                            - Undefined Weak Reference
    __Vectors_Size                           0x00000130   Number         0  startup_stm32f10x_hd.o ABSOLUTE
    __Vectors                                0x08000000   Data           4  startup_stm32f10x_hd.o(RESET)
    __Vectors_End                            0x08000130   Data           0  startup_stm32f10x_hd.o(RESET)
    __main                                   0x08000131   Thumb Code     0  entry.o(.ARM.Collect$$$$00000000)
    _main_stk                                0x08000131   Thumb Code     0  entry2.o(.ARM.Collect$$$$00000001)
    _main_scatterload                        0x08000135   Thumb Code     0  entry5.o(.ARM.Collect$$$$00000004)
    __main_after_scatterload                 0x08000139   Thumb Code     0  entry5.o(.ARM.Collect$$$$00000004)
    _main_clock                              0x08000139   Thumb Code     0  entry7b.o(.ARM.Collect$$$$00000008)
    _main_cpp_init                           0x08000139   Thumb Code     0  entry8b.o(.ARM.Collect$$$$0000000A)
    _main_init                               0x08000139   Thumb Code     0  entry9a.o(.ARM.Collect$$$$0000000B)
    __rt_final_cpp                           0x08000141   Thumb Code     0  entry10a.o(.ARM.Collect$$$$0000000D)
    __rt_final_exit                          0x08000141   Thumb Code     0  entry11a.o(.ARM.Collect$$$$0000000F)
    Reset_Handler                            0x08000145   Thumb Code     8  startup_stm32f10x_hd.o(.text)
    ADC1_2_IRQHandler                        0x0800015f   Thumb Code     0  startup_stm32f10x_hd.o(.text)
    ADC3_IRQHandler                          0x0800015f   Thumb Code     0  startup_stm32f10x_hd.o(.text)
    CAN1_RX1_IRQHandler                      0x0800015f   Thumb Code     0  startup_stm32f10x_hd.o(.text)
    CAN1_SCE_IRQHandler                      0x0800015f   Thumb Code     0  startup_stm32f10x_hd.o(.text)
    DMA1_Channel1_IRQHandler                 0x0800015f   Thumb Code     0  startup_stm32f10x_hd.o(.text)
    DMA1_Channel3_IRQHandler                 0x0800015f   Thumb Code     0  startup_stm32f10x_hd.o(.text)
    DMA1_Channel5_IRQHandler                 0x0800015f   Thumb Code     0  startup_stm32f10x_hd.o(.text)
    DMA1_Channel6_IRQHandler                 0x0800015f   Thumb Code     0  startup_stm32f10x_hd.o(.text)
    DMA2_Channel1_IRQHandler                 0x0800015f   Thumb Code     0  startup_stm32f10x_hd.o(.text)
    DMA2_Channel2_IRQHandler                 0x0800015f   Thumb Code     0  startup_stm32f10x_hd.o(.text)
    DMA2_Channel3_IRQHandler                 0x0800015f   Thumb Code     0  startup_stm32f10x_hd.o(.text)
    EXTI2_IRQHandler                         0x0800015f   Thumb Code     0  startup_stm32f10x_hd.o(.text)
    EXTI3_IRQHandler                         0x0800015f   Thumb Code     0  startup_stm32f10x_hd.o(.text)
    FLASH_IRQHandler                         0x0800015f   Thumb Code     0  startup_stm32f10x_hd.o(.text)
    FSMC_IRQHandler                          0x0800015f   Thumb Code     0  startup_stm32f10x_hd.o(.text)
    I2C1_ER_IRQHandler                       0x0800015f   Thumb Code     0  startup_stm32f10x_hd.o(.text)
    I2C1_EV_IRQHandler                       0x0800015f   Thumb Code     0  startup_stm32f10x_hd.o(.text)
    I2C2_ER_IRQHandler                       0x0800015f   Thumb Code     0  startup_stm32f10x_hd.o(.text)
    I2C2_EV_IRQHandler                       0x0800015f   Thumb Code     0  startup_stm32f10x_hd.o(.text)
    PVD_IRQHandler                           0x0800015f   Thumb Code     0  startup_stm32f10x_hd.o(.text)
    RCC_IRQHandler                           0x0800015f   Thumb Code     0  startup_stm32f10x_hd.o(.text)
    RTCAlarm_IRQHandler                      0x0800015f   Thumb Code     0  startup_stm32f10x_hd.o(.text)
    RTC_IRQHandler                           0x0800015f   Thumb Code     0  startup_stm32f10x_hd.o(.text)
    SDIO_IRQHandler                          0x0800015f   Thumb Code     0  startup_stm32f10x_hd.o(.text)
    SPI1_IRQHandler                          0x0800015f   Thumb Code     0  startup_stm32f10x_hd.o(.text)
    SPI2_IRQHandler                          0x0800015f   Thumb Code     0  startup_stm32f10x_hd.o(.text)
    SPI3_IRQHandler                          0x0800015f   Thumb Code     0  startup_stm32f10x_hd.o(.text)
    TAMPER_IRQHandler                        0x0800015f   Thumb Code     0  startup_stm32f10x_hd.o(.text)
    TIM1_BRK_IRQHandler                      0x0800015f   Thumb Code     0  startup_stm32f10x_hd.o(.text)
    TIM1_CC_IRQHandler                       0x0800015f   Thumb Code     0  startup_stm32f10x_hd.o(.text)
    TIM1_TRG_COM_IRQHandler                  0x0800015f   Thumb Code     0  startup_stm32f10x_hd.o(.text)
    TIM1_UP_IRQHandler                       0x0800015f   Thumb Code     0  startup_stm32f10x_hd.o(.text)
    TIM3_IRQHandler                          0x0800015f   Thumb Code     0  startup_stm32f10x_hd.o(.text)
    TIM4_IRQHandler                          0x0800015f   Thumb Code     0  startup_stm32f10x_hd.o(.text)
    TIM6_IRQHandler                          0x0800015f   Thumb Code     0  startup_stm32f10x_hd.o(.text)
    TIM7_IRQHandler                          0x0800015f   Thumb Code     0  startup_stm32f10x_hd.o(.text)
    TIM8_BRK_IRQHandler                      0x0800015f   Thumb Code     0  startup_stm32f10x_hd.o(.text)
    TIM8_CC_IRQHandler                       0x0800015f   Thumb Code     0  startup_stm32f10x_hd.o(.text)
    TIM8_TRG_COM_IRQHandler                  0x0800015f   Thumb Code     0  startup_stm32f10x_hd.o(.text)
    TIM8_UP_IRQHandler                       0x0800015f   Thumb Code     0  startup_stm32f10x_hd.o(.text)
    USBWakeUp_IRQHandler                     0x0800015f   Thumb Code     0  startup_stm32f10x_hd.o(.text)
    USB_HP_CAN1_TX_IRQHandler                0x0800015f   Thumb Code     0  startup_stm32f10x_hd.o(.text)
    USB_LP_CAN1_RX0_IRQHandler               0x0800015f   Thumb Code     0  startup_stm32f10x_hd.o(.text)
    WWDG_IRQHandler                          0x0800015f   Thumb Code     0  startup_stm32f10x_hd.o(.text)
    __aeabi_memcpy                           0x08000169   Thumb Code    36  memcpya.o(.text)
    __aeabi_memcpy4                          0x08000169   Thumb Code     0  memcpya.o(.text)
    __aeabi_memcpy8                          0x08000169   Thumb Code     0  memcpya.o(.text)
    __aeabi_memset                           0x0800018d   Thumb Code    14  memseta.o(.text)
    __aeabi_memset4                          0x0800018d   Thumb Code     0  memseta.o(.text)
    __aeabi_memset8                          0x0800018d   Thumb Code     0  memseta.o(.text)
    __aeabi_memclr                           0x0800019b   Thumb Code     4  memseta.o(.text)
    __aeabi_memclr4                          0x0800019b   Thumb Code     0  memseta.o(.text)
    __aeabi_memclr8                          0x0800019b   Thumb Code     0  memseta.o(.text)
    _memset$wrapper                          0x0800019f   Thumb Code    18  memseta.o(.text)
    strstr                                   0x080001b1   Thumb Code    36  strstr.o(.text)
    strlen                                   0x080001d5   Thumb Code    14  strlen.o(.text)
    __aeabi_fadd                             0x080001e3   Thumb Code   164  fadd.o(.text)
    __aeabi_fsub                             0x08000287   Thumb Code     6  fadd.o(.text)
    __aeabi_frsub                            0x0800028d   Thumb Code     6  fadd.o(.text)
    __aeabi_fmul                             0x08000293   Thumb Code   100  fmul.o(.text)
    __aeabi_fdiv                             0x080002f7   Thumb Code   124  fdiv.o(.text)
    __aeabi_dmul                             0x08000373   Thumb Code   228  dmul.o(.text)
    __aeabi_ddiv                             0x08000457   Thumb Code   222  ddiv.o(.text)
    __aeabi_i2f                              0x08000535   Thumb Code    18  fflti.o(.text)
    __aeabi_ui2f                             0x08000547   Thumb Code    10  ffltui.o(.text)
    __aeabi_ui2d                             0x08000551   Thumb Code    26  dfltui.o(.text)
    __aeabi_f2iz                             0x0800056b   Thumb Code    50  ffixi.o(.text)
    __aeabi_f2uiz                            0x0800059d   Thumb Code    40  ffixui.o(.text)
    __aeabi_d2uiz                            0x080005c5   Thumb Code    50  dfixui.o(.text)
    __aeabi_f2d                              0x080005f7   Thumb Code    38  f2d.o(.text)
    __aeabi_d2f                              0x0800061d   Thumb Code    56  d2f.o(.text)
    __aeabi_llsr                             0x08000655   Thumb Code    32  llushr.o(.text)
    _ll_ushift_r                             0x08000655   Thumb Code     0  llushr.o(.text)
    __I$use$fp                               0x08000675   Thumb Code     0  iusefp.o(.text)
    _float_round                             0x08000675   Thumb Code    18  fepilogue.o(.text)
    _float_epilogue                          0x08000687   Thumb Code    92  fepilogue.o(.text)
    _double_round                            0x080006e3   Thumb Code    30  depilogue.o(.text)
    _double_epilogue                         0x08000701   Thumb Code   156  depilogue.o(.text)
    __aeabi_dadd                             0x0800079d   Thumb Code   322  dadd.o(.text)
    __aeabi_dsub                             0x080008df   Thumb Code     6  dadd.o(.text)
    __aeabi_drsub                            0x080008e5   Thumb Code     6  dadd.o(.text)
    __ARM_scalbn                             0x080008eb   Thumb Code    46  dscalb.o(.text)
    scalbn                                   0x080008eb   Thumb Code     0  dscalb.o(.text)
    __aeabi_i2d                              0x08000919   Thumb Code    34  dflti.o(.text)
    __aeabi_cdrcmple                         0x0800093d   Thumb Code    48  cdrcmple.o(.text)
    __scatterload                            0x0800096d   Thumb Code    28  init.o(.text)
    __scatterload_rt2                        0x0800096d   Thumb Code     0  init.o(.text)
    __aeabi_llsl                             0x08000991   Thumb Code    30  llshl.o(.text)
    _ll_shift_l                              0x08000991   Thumb Code     0  llshl.o(.text)
    __aeabi_lasr                             0x080009af   Thumb Code    36  llsshr.o(.text)
    _ll_sshift_r                             0x080009af   Thumb Code     0  llsshr.o(.text)
    _dsqrt                                   0x080009d3   Thumb Code   162  dsqrt.o(.text)
    __decompress                             0x08000a75   Thumb Code     0  __dczerorl2.o(.text)
    __decompress1                            0x08000a75   Thumb Code    86  __dczerorl2.o(.text)
    ADC1_Configuration                       0x08000acd   Thumb Code   188  stm32_configuration.o(i.ADC1_Configuration)
    ADC_Cmd                                  0x08000b95   Thumb Code    24  stm32f10x_adc.o(i.ADC_Cmd)
    ADC_DMACmd                               0x08000bad   Thumb Code    24  stm32f10x_adc.o(i.ADC_DMACmd)
    ADC_GetCalibrationStatus                 0x08000bc5   Thumb Code    14  stm32f10x_adc.o(i.ADC_GetCalibrationStatus)
    ADC_GetResetCalibrationStatus            0x08000bd3   Thumb Code    14  stm32f10x_adc.o(i.ADC_GetResetCalibrationStatus)
    ADC_Init                                 0x08000be1   Thumb Code    62  stm32f10x_adc.o(i.ADC_Init)
    ADC_RegularChannelConfig                 0x08000c29   Thumb Code   116  stm32f10x_adc.o(i.ADC_RegularChannelConfig)
    ADC_ResetCalibration                     0x08000c9d   Thumb Code    10  stm32f10x_adc.o(i.ADC_ResetCalibration)
    ADC_SoftwareStartConvCmd                 0x08000ca7   Thumb Code    24  stm32f10x_adc.o(i.ADC_SoftwareStartConvCmd)
    ADC_StartCalibration                     0x08000cbf   Thumb Code    10  stm32f10x_adc.o(i.ADC_StartCalibration)
    BusFault_Handler                         0x08000d0d   Thumb Code     2  stm32f10x_it.o(i.BusFault_Handler)
    CPS131_Read                              0x08000d11   Thumb Code   190  si7021.o(i.CPS131_Read)
    CPS131_Send                              0x08000ddd   Thumb Code   184  si7021.o(i.CPS131_Send)
    CPS131_Transtart                         0x08000ea1   Thumb Code    80  si7021.o(i.CPS131_Transtart)
    CPS131_Transtop                          0x08000efd   Thumb Code    88  si7021.o(i.CPS131_Transtop)
    DMA1_Channel2_IRQHandler                 0x08000f71   Thumb Code    94  stm32f10x_it.o(i.DMA1_Channel2_IRQHandler)
    DMA1_Channel4_IRQHandler                 0x08000fe1   Thumb Code    74  stm32f10x_it.o(i.DMA1_Channel4_IRQHandler)
    DMA1_Channel7_IRQHandler                 0x08001039   Thumb Code    74  stm32f10x_it.o(i.DMA1_Channel7_IRQHandler)
    DMA2_Channel4_5_IRQHandler               0x08001091   Thumb Code    82  stm32f10x_it.o(i.DMA2_Channel4_5_IRQHandler)
    DMA_ClearFlag                            0x080010fd   Thumb Code    16  stm32f10x_dma.o(i.DMA_ClearFlag)
    DMA_Cmd                                  0x08001115   Thumb Code    26  stm32f10x_dma.o(i.DMA_Cmd)
    DMA_DeInit                               0x08001131   Thumb Code   238  stm32f10x_dma.o(i.DMA_DeInit)
    DMA_GetCurrDataCounter                   0x08001229   Thumb Code     6  stm32f10x_dma.o(i.DMA_GetCurrDataCounter)
    DMA_GetITStatus                          0x08001231   Thumb Code    26  stm32f10x_dma.o(i.DMA_GetITStatus)
    DMA_ITConfig                             0x08001255   Thumb Code    20  stm32f10x_dma.o(i.DMA_ITConfig)
    DMA_Init                                 0x08001269   Thumb Code    58  stm32f10x_dma.o(i.DMA_Init)
    DMA_Uart1_Init                           0x080012a5   Thumb Code   182  stm32_configuration.o(i.DMA_Uart1_Init)
    DMA_Uart2_Init                           0x0800136d   Thumb Code   182  stm32_configuration.o(i.DMA_Uart2_Init)
    DMA_Uart3_Init                           0x08001435   Thumb Code   100  stm32_configuration.o(i.DMA_Uart3_Init)
    DMA_Uart4_Init                           0x080014a5   Thumb Code   142  stm32_configuration.o(i.DMA_Uart4_Init)
    DebugMon_Handler                         0x0800154d   Thumb Code     2  stm32f10x_it.o(i.DebugMon_Handler)
    Delayms                                  0x0800154f   Thumb Code    16  si4463.o(i.Delayms)
    Delayus                                  0x0800155f   Thumb Code    16  systemclock.o(i.Delayus)
    EXIT0_Enable                             0x08001579   Thumb Code    92  stm32_configuration.o(i.EXIT0_Enable)
    EXTI0_IRQHandler                         0x080015d5   Thumb Code    22  stm32f10x_it.o(i.EXTI0_IRQHandler)
    EXTI15_10_IRQHandler                     0x080015f5   Thumb Code     2  stm32f10x_it.o(i.EXTI15_10_IRQHandler)
    EXTI1_Enable                             0x080015f7   Thumb Code    94  stm32_configuration.o(i.EXTI1_Enable)
    EXTI1_IRQHandler                         0x08001655   Thumb Code    30  stm32f10x_it.o(i.EXTI1_IRQHandler)
    EXTI4_IRQHandler                         0x08001681   Thumb Code    80  stm32f10x_it.o(i.EXTI4_IRQHandler)
    EXTI9_5_IRQHandler                       0x080016d5   Thumb Code     2  stm32f10x_it.o(i.EXTI9_5_IRQHandler)
    EXTI_ClearITPendingBit                   0x080016d9   Thumb Code     6  stm32f10x_exti.o(i.EXTI_ClearITPendingBit)
    EXTI_Configuration                       0x080016e5   Thumb Code    46  stm32_configuration.o(i.EXTI_Configuration)
    EXTI_Init                                0x08001715   Thumb Code   110  stm32f10x_exti.o(i.EXTI_Init)
    FLASH_ErasePage                          0x080022dd   Thumb Code    56  stm32f10x_flash.o(i.FLASH_ErasePage)
    FLASH_GetBank1Status                     0x08002319   Thumb Code    34  stm32f10x_flash.o(i.FLASH_GetBank1Status)
    FLASH_LockBank1                          0x08002341   Thumb Code    12  stm32f10x_flash.o(i.FLASH_LockBank1)
    FLASH_PrefetchBufferCmd                  0x08002351   Thumb Code    18  stm32f10x_flash.o(i.FLASH_PrefetchBufferCmd)
    FLASH_ProgramHalfWord                    0x08002369   Thumb Code    48  stm32f10x_flash.o(i.FLASH_ProgramHalfWord)
    FLASH_SetLatency                         0x0800239d   Thumb Code    14  stm32f10x_flash.o(i.FLASH_SetLatency)
    FLASH_UnlockBank1                        0x080023b1   Thumb Code    12  stm32f10x_flash.o(i.FLASH_UnlockBank1)
    FLASH_WaitForLastOperation               0x080023c9   Thumb Code    32  stm32f10x_flash.o(i.FLASH_WaitForLastOperation)
    First_Getaverage                         0x08002405   Thumb Code    38  handletask.o(i.First_Getaverage)
    Flash_Read                               0x08002431   Thumb Code    22  dataflash.o(i.Flash_Read)
    Flash_Write                              0x08002449   Thumb Code   136  dataflash.o(i.Flash_Write)
    Flash_Write_Without_check                0x080024d5   Thumb Code    50  dataflash.o(i.Flash_Write_Without_check)
    GET_PRESSUE0                             0x08002507   Thumb Code   128  max44009.o(i.GET_PRESSUE0)
    GET_PRESSUE1                             0x08002587   Thumb Code   128  si7021.o(i.GET_PRESSUE1)
    GET_PRESSUE4                             0x08002607   Thumb Code   128  si7021.o(i.GET_PRESSUE4)
    GET_level0                               0x08002687   Thumb Code   114  max44009.o(i.GET_level0)
    GET_level1                               0x080026f9   Thumb Code   128  si7021.o(i.GET_level1)
    GET_level4                               0x0800277d   Thumb Code   114  si7021.o(i.GET_level4)
    GPIO_Configuration                       0x080027f1   Thumb Code   748  stm32_configuration.o(i.GPIO_Configuration)
    GPIO_EXTILineConfig                      0x08002af5   Thumb Code    34  stm32f10x_gpio.o(i.GPIO_EXTILineConfig)
    GPIO_Init                                0x08002b1d   Thumb Code   166  stm32f10x_gpio.o(i.GPIO_Init)
    GPIO_PinRemapConfig                      0x08002bc5   Thumb Code    86  stm32f10x_gpio.o(i.GPIO_PinRemapConfig)
    GPIO_ReadInputDataBit                    0x08002c21   Thumb Code    14  stm32f10x_gpio.o(i.GPIO_ReadInputDataBit)
    GPIO_ReadOutputDataBit                   0x08002c2f   Thumb Code    14  stm32f10x_gpio.o(i.GPIO_ReadOutputDataBit)
    GPIO_ResetBits                           0x08002c3d   Thumb Code     4  stm32f10x_gpio.o(i.GPIO_ResetBits)
    GPIO_SetBits                             0x08002c41   Thumb Code     4  stm32f10x_gpio.o(i.GPIO_SetBits)
    GPIO_WriteBit                            0x08002c45   Thumb Code    12  stm32f10x_gpio.o(i.GPIO_WriteBit)
    Get_Adclvbo                              0x08002ca9   Thumb Code   112  handletask.o(i.Get_Adclvbo)
    Get_Carbon                               0x08002d1d   Thumb Code    94  si7021.o(i.Get_Carbon)
    Get_Illuminance                          0x08002d7d   Thumb Code    90  max44009.o(i.Get_Illuminance)
    HardFault_Handler                        0x08002de5   Thumb Code     2  stm32f10x_it.o(i.HardFault_Handler)
    IWDG_Configuration                       0x08002e51   Thumb Code    52  stm32_configuration.o(i.IWDG_Configuration)
    IWDG_Enable                              0x08002e85   Thumb Code    10  stm32f10x_iwdg.o(i.IWDG_Enable)
    IWDG_ReloadCounter                       0x08002e95   Thumb Code    10  stm32f10x_iwdg.o(i.IWDG_ReloadCounter)
    IWDG_SetPrescaler                        0x08002ea5   Thumb Code     6  stm32f10x_iwdg.o(i.IWDG_SetPrescaler)
    IWDG_SetReload                           0x08002eb1   Thumb Code     6  stm32f10x_iwdg.o(i.IWDG_SetReload)
    IWDG_WriteAccessCmd                      0x08002ebd   Thumb Code     6  stm32f10x_iwdg.o(i.IWDG_WriteAccessCmd)
    MAX44009_Read                            0x08002ec9   Thumb Code   180  max44009.o(i.MAX44009_Read)
    MAX44009_Send                            0x08002f85   Thumb Code   172  max44009.o(i.MAX44009_Send)
    MAX44009_Transtart                       0x08003039   Thumb Code    70  max44009.o(i.MAX44009_Transtart)
    MAX44009_Transtop                        0x08003089   Thumb Code    74  max44009.o(i.MAX44009_Transtop)
    MD5Decode                                0x080030dd   Thumb Code    44  password_md5.o(i.MD5Decode)
    MD5Encode                                0x08003109   Thumb Code    50  password_md5.o(i.MD5Encode)
    MD5Final                                 0x0800313d   Thumb Code    70  password_md5.o(i.MD5Final)
    MD5Init                                  0x08003189   Thumb Code    28  password_md5.o(i.MD5Init)
    MD5Transform                             0x080031ad   Thumb Code  1758  password_md5.o(i.MD5Transform)
    MD5Update                                0x080038e9   Thumb Code   124  password_md5.o(i.MD5Update)
    MQTTPacket_encode                        0x08003965   Thumb Code    42  mqttpacket.o(i.MQTTPacket_encode)
    MQTTPacket_len                           0x08003991   Thumb Code    34  mqttpacket.o(i.MQTTPacket_len)
    MQTTSerialize_connect                    0x080039b9   Thumb Code   298  mqttconnectclient.o(i.MQTTSerialize_connect)
    MQTTSerialize_connectLength              0x08003af5   Thumb Code   114  mqttconnectclient.o(i.MQTTSerialize_connectLength)
    MQTTSerialize_publish                    0x08003b67   Thumb Code   136  mqttserializepublish.o(i.MQTTSerialize_publish)
    MQTTSerialize_publishLength              0x08003bef   Thumb Code    28  mqttserializepublish.o(i.MQTTSerialize_publishLength)
    MQTTSerialize_subscribe                  0x08003c0b   Thumb Code   148  mqttsubscribeclient.o(i.MQTTSerialize_subscribe)
    MQTTSerialize_subscribeLength            0x08003c9f   Thumb Code    44  mqttsubscribeclient.o(i.MQTTSerialize_subscribeLength)
    MQTTstrlen                               0x08003ccb   Thumb Code    22  mqttpacket.o(i.MQTTstrlen)
    MemManage_Handler                        0x08003ce1   Thumb Code     2  stm32f10x_it.o(i.MemManage_Handler)
    NMI_Handler                              0x08003ce3   Thumb Code     2  stm32f10x_it.o(i.NMI_Handler)
    NVIC_Configuration                       0x08003ce5   Thumb Code   244  stm32_configuration.o(i.NVIC_Configuration)
    NVIC_Init                                0x08003dd9   Thumb Code    96  misc.o(i.NVIC_Init)
    NVIC_PriorityGroupConfig                 0x08003e3d   Thumb Code    10  misc.o(i.NVIC_PriorityGroupConfig)
    NVIC_SetVectorTable                      0x08003e51   Thumb Code    12  misc.o(i.NVIC_SetVectorTable)
    PRESSUE_level1                           0x08003f55   Thumb Code   146  si7021.o(i.PRESSUE_level1)
    PRESSUE_level2                           0x08003fed   Thumb Code   146  max44009.o(i.PRESSUE_level2)
    PendSV_Handler                           0x08004085   Thumb Code     2  stm32f10x_it.o(i.PendSV_Handler)
    Period_Events_Handle                     0x08004089   Thumb Code  1774  handletask.o(i.Period_Events_Handle)
    RCC_ADCCLKConfig                         0x080047c5   Thumb Code    14  stm32f10x_rcc.o(i.RCC_ADCCLKConfig)
    RCC_AHBPeriphClockCmd                    0x080047d9   Thumb Code    22  stm32f10x_rcc.o(i.RCC_AHBPeriphClockCmd)
    RCC_APB1PeriphClockCmd                   0x080047f5   Thumb Code    22  stm32f10x_rcc.o(i.RCC_APB1PeriphClockCmd)
    RCC_APB1PeriphResetCmd                   0x08004811   Thumb Code    22  stm32f10x_rcc.o(i.RCC_APB1PeriphResetCmd)
    RCC_APB2PeriphClockCmd                   0x0800482d   Thumb Code    22  stm32f10x_rcc.o(i.RCC_APB2PeriphClockCmd)
    RCC_APB2PeriphResetCmd                   0x08004849   Thumb Code    22  stm32f10x_rcc.o(i.RCC_APB2PeriphResetCmd)
    RCC_ClearFlag                            0x08004865   Thumb Code    12  stm32f10x_rcc.o(i.RCC_ClearFlag)
    RCC_Configuration                        0x08004875   Thumb Code   110  stm32_configuration.o(i.RCC_Configuration)
    RCC_DeInit                               0x080048e9   Thumb Code    50  stm32f10x_rcc.o(i.RCC_DeInit)
    RCC_GetClocksFreq                        0x08004929   Thumb Code   154  stm32f10x_rcc.o(i.RCC_GetClocksFreq)
    RCC_GetFlagStatus                        0x080049d5   Thumb Code    42  stm32f10x_rcc.o(i.RCC_GetFlagStatus)
    RCC_GetSYSCLKSource                      0x08004a05   Thumb Code    10  stm32f10x_rcc.o(i.RCC_GetSYSCLKSource)
    RCC_HCLKConfig                           0x08004a15   Thumb Code    14  stm32f10x_rcc.o(i.RCC_HCLKConfig)
    RCC_HSEConfig                            0x08004a29   Thumb Code    50  stm32f10x_rcc.o(i.RCC_HSEConfig)
    RCC_LSICmd                               0x08004a61   Thumb Code     6  stm32f10x_rcc.o(i.RCC_LSICmd)
    RCC_PCLK1Config                          0x08004a6d   Thumb Code    14  stm32f10x_rcc.o(i.RCC_PCLK1Config)
    RCC_PCLK2Config                          0x08004a81   Thumb Code    16  stm32f10x_rcc.o(i.RCC_PCLK2Config)
    RCC_PLLCmd                               0x08004a95   Thumb Code     6  stm32f10x_rcc.o(i.RCC_PLLCmd)
    RCC_PLLConfig                            0x08004aa1   Thumb Code    16  stm32f10x_rcc.o(i.RCC_PLLConfig)
    RCC_SYSCLKConfig                         0x08004ab5   Thumb Code    14  stm32f10x_rcc.o(i.RCC_SYSCLKConfig)
    RCC_WaitForHSEStartUp                    0x08004ac9   Thumb Code    48  stm32f10x_rcc.o(i.RCC_WaitForHSEStartUp)
    SI4463_CMD                               0x08006591   Thumb Code    48  si4463.o(i.SI4463_CMD)
    SI4463_CONFIG_INIT                       0x080065c5   Thumb Code    52  si4463.o(i.SI4463_CONFIG_INIT)
    SI4463_GPIO_CONFIG                       0x080065fd   Thumb Code    58  si4463.o(i.SI4463_GPIO_CONFIG)
    SI4463_INT_STATUS                        0x08006637   Thumb Code    42  si4463.o(i.SI4463_INT_STATUS)
    SI4463_Init                              0x08006661   Thumb Code    20  si4463.o(i.SI4463_Init)
    SI4463_READ_PACKET                       0x08006679   Thumb Code    72  si4463.o(i.SI4463_READ_PACKET)
    SI4463_READ_RESPONSE                     0x080066c5   Thumb Code    56  si4463.o(i.SI4463_READ_RESPONSE)
    SI4463_RESET                             0x08006701   Thumb Code    44  si4463.o(i.SI4463_RESET)
    SI4463_RX_FIFO_RESET                     0x08006735   Thumb Code    24  si4463.o(i.SI4463_RX_FIFO_RESET)
    SI4463_SEND_PACKET                       0x08006a09   Thumb Code   112  si4463.o(i.SI4463_SEND_PACKET)
    SI4463_SET_PROPERTY_1                    0x08006a7d   Thumb Code    38  si4463.o(i.SI4463_SET_PROPERTY_1)
    SI4463_SPI_Active                        0x08006aa3   Thumb Code    24  si4463.o(i.SI4463_SPI_Active)
    SI4463_START_RX                          0x08006abb   Thumb Code    72  si4463.o(i.SI4463_START_RX)
    SI4463_TX_FIFO_RESET                     0x08006b03   Thumb Code    24  si4463.o(i.SI4463_TX_FIFO_RESET)
    SI4463_WAIT_CTS                          0x08006b1d   Thumb Code    72  si4463.o(i.SI4463_WAIT_CTS)
    SI7021_HumiMeasurement                   0x08006b71   Thumb Code    72  si7021.o(i.SI7021_HumiMeasurement)
    SI7021_ReadByte                          0x08006bb9   Thumb Code   184  si7021.o(i.SI7021_ReadByte)
    SI7021_TempMeasurement                   0x08006c7d   Thumb Code    54  si7021.o(i.SI7021_TempMeasurement)
    SI7021_TransStart                        0x08006cb5   Thumb Code    82  si7021.o(i.SI7021_TransStart)
    SI7021_TransStop                         0x08006d15   Thumb Code    90  si7021.o(i.SI7021_TransStop)
    SI7021_WriteByte                         0x08006d7d   Thumb Code   176  si7021.o(i.SI7021_WriteByte)
    SPI1_Configuration                       0x08006e39   Thumb Code   188  stm32_configuration.o(i.SPI1_Configuration)
    SPI_Cmd                                  0x08006f01   Thumb Code    24  stm32f10x_spi.o(i.SPI_Cmd)
    SPI_I2S_GetFlagStatus                    0x08006f19   Thumb Code    14  stm32f10x_spi.o(i.SPI_I2S_GetFlagStatus)
    SPI_I2S_ReceiveData                      0x08006f27   Thumb Code     4  stm32f10x_spi.o(i.SPI_I2S_ReceiveData)
    SPI_I2S_SendData                         0x08006f2b   Thumb Code     4  stm32f10x_spi.o(i.SPI_I2S_SendData)
    SPI_Init                                 0x08006f2f   Thumb Code    56  stm32f10x_spi.o(i.SPI_Init)
    SPI_SSOutputCmd                          0x08006f67   Thumb Code    24  stm32f10x_spi.o(i.SPI_SSOutputCmd)
    SPI_WriteByte                            0x08006f81   Thumb Code   144  si4463.o(i.SPI_WriteByte)
    SVC_Handler                              0x0800701d   Thumb Code     2  stm32f10x_it.o(i.SVC_Handler)
    SYS_Confgiuration                        0x08007021   Thumb Code   142  stm32_configuration.o(i.SYS_Confgiuration)
    Scan_Events_Handle                       0x080070c1   Thumb Code     4  handletask.o(i.Scan_Events_Handle)
    Set_Event                                0x08007435   Thumb Code    10  systemclock.o(i.Set_Event)
    Start_timerEx                            0x08007445   Thumb Code    28  systemclock.o(i.Start_timerEx)
    Stop_timerEx                             0x08007461   Thumb Code    38  systemclock.o(i.Stop_timerEx)
    SysClock                                 0x08007489   Thumb Code   134  systemclock.o(i.SysClock)
    SysTick_Handler                          0x08007539   Thumb Code     2  stm32f10x_it.o(i.SysTick_Handler)
    SystemInit                               0x0800753d   Thumb Code    64  system_stm32f10x.o(i.SystemInit)
    TD_Getaverage                            0x0800758d   Thumb Code    54  handletask.o(i.TD_Getaverage)
    TIM2_Configuration                       0x080077ad   Thumb Code   112  stm32_configuration.o(i.TIM2_Configuration)
    TIM2_IRQHandler                          0x0800781d   Thumb Code   122  stm32f10x_it.o(i.TIM2_IRQHandler)
    TIM5_Configuration                       0x080078b1   Thumb Code   110  stm32_configuration.o(i.TIM5_Configuration)
    TIM5_IRQHandler                          0x08007925   Thumb Code   216  stm32f10x_it.o(i.TIM5_IRQHandler)
    TIM_ClearITPendingBit                    0x08007a15   Thumb Code     6  stm32f10x_tim.o(i.TIM_ClearITPendingBit)
    TIM_Cmd                                  0x08007a1b   Thumb Code    24  stm32f10x_tim.o(i.TIM_Cmd)
    TIM_DeInit                               0x08007a35   Thumb Code   464  stm32f10x_tim.o(i.TIM_DeInit)
    TIM_GetCapture2                          0x08007c45   Thumb Code     4  stm32f10x_tim.o(i.TIM_GetCapture2)
    TIM_GetITStatus                          0x08007c49   Thumb Code    24  stm32f10x_tim.o(i.TIM_GetITStatus)
    TIM_ICInit                               0x08007c61   Thumb Code   122  stm32f10x_tim.o(i.TIM_ICInit)
    TIM_ITConfig                             0x08007ced   Thumb Code    20  stm32f10x_tim.o(i.TIM_ITConfig)
    TIM_SetIC1Prescaler                      0x08007d01   Thumb Code    16  stm32f10x_tim.o(i.TIM_SetIC1Prescaler)
    TIM_SetIC2Prescaler                      0x08007d11   Thumb Code    24  stm32f10x_tim.o(i.TIM_SetIC2Prescaler)
    TIM_SetIC3Prescaler                      0x08007d29   Thumb Code    16  stm32f10x_tim.o(i.TIM_SetIC3Prescaler)
    TIM_SetIC4Prescaler                      0x08007d39   Thumb Code    24  stm32f10x_tim.o(i.TIM_SetIC4Prescaler)
    TIM_TimeBaseInit                         0x08007d51   Thumb Code   114  stm32f10x_tim.o(i.TIM_TimeBaseInit)
    TimerInit                                0x08007ded   Thumb Code     8  systemclock.o(i.TimerInit)
    UART4_IRQHandler                         0x08007e7d   Thumb Code    96  stm32f10x_it.o(i.UART4_IRQHandler)
    UART5_Configuration                      0x08007ef5   Thumb Code   132  stm32_configuration.o(i.UART5_Configuration)
    UART5_IRQHandler                         0x08007f81   Thumb Code   208  stm32f10x_it.o(i.UART5_IRQHandler)
    USART1_IRQHandler                        0x08008061   Thumb Code    98  stm32f10x_it.o(i.USART1_IRQHandler)
    USART2_IRQHandler                        0x080080d9   Thumb Code    98  stm32f10x_it.o(i.USART2_IRQHandler)
    USART3_IRQHandler                        0x08008151   Thumb Code    64  stm32f10x_it.o(i.USART3_IRQHandler)
    USART_ClearFlag                          0x0800819d   Thumb Code     8  stm32f10x_usart.o(i.USART_ClearFlag)
    USART_ClearITPendingBit                  0x080081a5   Thumb Code    16  stm32f10x_usart.o(i.USART_ClearITPendingBit)
    USART_Cmd                                0x080081b5   Thumb Code    24  stm32f10x_usart.o(i.USART_Cmd)
    USART_DMACmd                             0x080081cd   Thumb Code    20  stm32f10x_usart.o(i.USART_DMACmd)
    USART_GetFlagStatus                      0x080081e1   Thumb Code    14  stm32f10x_usart.o(i.USART_GetFlagStatus)
    USART_GetITStatus                        0x080081ef   Thumb Code    64  stm32f10x_usart.o(i.USART_GetITStatus)
    USART_ITConfig                           0x0800822f   Thumb Code    54  stm32f10x_usart.o(i.USART_ITConfig)
    USART_Init                               0x08008265   Thumb Code   182  stm32f10x_usart.o(i.USART_Init)
    USART_ReceiveData                        0x08008321   Thumb Code    24  stm32f10x_usart.o(i.USART_ReceiveData)
    USART_SendData                           0x08008339   Thumb Code    34  stm32f10x_usart.o(i.USART_SendData)
    Uart1_Init                               0x08008361   Thumb Code   224  stm32_configuration.o(i.Uart1_Init)
    Uart2_Init                               0x0800844d   Thumb Code   216  stm32_configuration.o(i.Uart2_Init)
    Uart3_Init                               0x0800852d   Thumb Code   208  stm32_configuration.o(i.Uart3_Init)
    Uart4_Init                               0x08008605   Thumb Code   222  stm32_configuration.o(i.Uart4_Init)
    UsageFault_Handler                       0x080086ed   Thumb Code     2  stm32f10x_it.o(i.UsageFault_Handler)
    __ARM_fpclassify                         0x08008985   Thumb Code    40  fpclassify.o(i.__ARM_fpclassify)
    __kernel_poly                            0x080089ad   Thumb Code   170  poly.o(i.__kernel_poly)
    __mathlib_dbl_divzero                    0x08008a59   Thumb Code    12  dunder.o(i.__mathlib_dbl_divzero)
    __mathlib_dbl_infnan2                    0x08008a69   Thumb Code     4  dunder.o(i.__mathlib_dbl_infnan2)
    __mathlib_dbl_invalid                    0x08008a6d   Thumb Code    12  dunder.o(i.__mathlib_dbl_invalid)
    __mathlib_dbl_overflow                   0x08008a79   Thumb Code    14  dunder.o(i.__mathlib_dbl_overflow)
    __mathlib_dbl_underflow                  0x08008a89   Thumb Code    10  dunder.o(i.__mathlib_dbl_underflow)
    __scatterload_copy                       0x08008a99   Thumb Code    14  handlers.o(i.__scatterload_copy)
    __scatterload_null                       0x08008aa7   Thumb Code     2  handlers.o(i.__scatterload_null)
    __scatterload_zeroinit                   0x08008aa9   Thumb Code    14  handlers.o(i.__scatterload_zeroinit)
    __set_errno                              0x08008ab9   Thumb Code     6  errno.o(i.__set_errno)
    free                                     0x0800b37d   Thumb Code    76  malloc.o(i.free)
    get_light                                0x0800b3cd   Thumb Code    80  max44009.o(i.get_light)
    initialRealSendBuff                      0x0800bc61   Thumb Code    88  handletask.o(i.initialRealSendBuff)
    main                                     0x0800c1b1   Thumb Code    20  main.o(i.main)
    malloc                                   0x0800c1c9   Thumb Code    92  malloc.o(i.malloc)
    mqtt_connect                             0x0800c281   Thumb Code   234  handletask.o(i.mqtt_connect)
    mqtt_publish                             0x0800c389   Thumb Code   154  handletask.o(i.mqtt_publish)
    mqtt_publish1                            0x0800c435   Thumb Code    50  handletask.o(i.mqtt_publish1)
    mqtt_subscribe                           0x0800c475   Thumb Code   128  handletask.o(i.mqtt_subscribe)
    pow                                      0x0800c509   Thumb Code  2478  pow.o(i.pow)
    sqrt                                     0x0800d561   Thumb Code    76  sqrt.o(i.sqrt)
    wgfrist_init_readflash                   0x0800e549   Thumb Code    46  stm32_configuration.o(i.wgfrist_init_readflash)
    writeCString                             0x0800e581   Thumb Code    40  mqttpacket.o(i.writeCString)
    writeChar                                0x0800e5a9   Thumb Code    12  mqttpacket.o(i.writeChar)
    writeInt                                 0x0800e5b5   Thumb Code    30  mqttpacket.o(i.writeInt)
    writeMQTTString                          0x0800e5d3   Thumb Code    70  mqttpacket.o(i.writeMQTTString)
    uart1_cmd_csb                            0x0800e618   Data           1  handletask.o(.constdata)
    uart5_cmd_csb                            0x0800e619   Data           8  handletask.o(.constdata)
    uart5_cmd_dc                             0x0800e621   Data           8  handletask.o(.constdata)
    uart5_cmd_LEL                            0x0800e629   Data           8  handletask.o(.constdata)
    uart5_cmd_PM                             0x0800e631   Data           8  handletask.o(.constdata)
    uart5_cmd_FSFX                           0x0800e639   Data           8  handletask.o(.constdata)
    crc_lo                                   0x0800e641   Data         256  handletask.o(.constdata)
    crc_hi                                   0x0800e741   Data         256  handletask.o(.constdata)
    __mathlib_zero                           0x0800e928   Data           8  qnan.o(.constdata)
    Region$$Table$$Base                      0x0800e930   Number         0  anon$$obj.o(Region$$Table)
    Region$$Table$$Limit                     0x0800e950   Number         0  anon$$obj.o(Region$$Table)
    RxFlag2                                  0x20000018   Data           1  stm32f10x_it.o(.data)
    TxFlag2                                  0x20000019   Data           1  stm32f10x_it.o(.data)
    RecLen2                                  0x2000001a   Data           1  stm32f10x_it.o(.data)
    RxFlag1                                  0x2000001b   Data           1  stm32f10x_it.o(.data)
    TxFlag1                                  0x2000001c   Data           1  stm32f10x_it.o(.data)
    RecLen1                                  0x2000001d   Data           1  stm32f10x_it.o(.data)
    RxFlag3                                  0x2000001e   Data           1  stm32f10x_it.o(.data)
    TxFlag3                                  0x2000001f   Data           1  stm32f10x_it.o(.data)
    RecLen3                                  0x20000020   Data           1  stm32f10x_it.o(.data)
    RxFlag4                                  0x20000021   Data           1  stm32f10x_it.o(.data)
    TxFlag4                                  0x20000022   Data           1  stm32f10x_it.o(.data)
    RecLen4                                  0x20000023   Data           1  stm32f10x_it.o(.data)
    RxFlag5                                  0x20000024   Data           1  stm32f10x_it.o(.data)
    TxFlag5                                  0x20000025   Data           1  stm32f10x_it.o(.data)
    RecLen5                                  0x20000026   Data           1  stm32f10x_it.o(.data)
    TxCount5                                 0x20000027   Data           1  stm32f10x_it.o(.data)
    UART5BufferCNT                           0x20000028   Data           1  stm32f10x_it.o(.data)
    Capture_time                             0x20000034   Data           4  stm32f10x_it.o(.data)
    USART2BufferCNT                          0x20000038   Data           1  stm32f10x_it.o(.data)
    USART1BufferCNT                          0x20000039   Data           1  stm32f10x_it.o(.data)
    USART3BufferCNT                          0x2000003a   Data           1  stm32f10x_it.o(.data)
    UART4BufferCNT                           0x2000003b   Data           1  stm32f10x_it.o(.data)
    SI4463_RxLenth                           0x2000003c   Data           1  stm32f10x_it.o(.data)
    HSEStartUpStatus                         0x2000003f   Data           1  stm32_configuration.o(.data)
    ADC_ConvertedValue                       0x20000040   Data           4  stm32_configuration.o(.data)
    timerhead                                0x20000054   Data           4  systemclock.o(.data)
    close_433MHZ                             0x2000008a   Data           1  handletask.o(.data)
    TIM5_pulsePA1_NUM                        0x2000009b   Data           1  handletask.o(.data)
    level_num_err                            0x2000009c   Data           1  handletask.o(.data)
    freq_I                                   0x200000ab   Data           1  handletask.o(.data)
    level1_temperature                       0x200000d6   Data           2  handletask.o(.data)
    factory_gateway_set                      0x20000130   Data         255  handletask.o(.data)
    level2_temperature                       0x20000450   Data           2  handletask.o(.data)
    config_table                             0x2000045c   Data         364  si4463.o(.data)
    PADDING                                  0x200005c8   Data          64  password_md5.o(.data)
    __microlib_freelist                      0x20000608   Data           4  mvars.o(.data)
    __microlib_freelist_initialised          0x2000060c   Data           4  mvars.o(.data)
    SI4463_RxBUFF                            0x20000614   Data         128  stm32f10x_it.o(.bss)
    Int_BUFF                                 0x20000694   Data           9  stm32f10x_it.o(.bss)
    RecDataBuffer2                           0x2000069d   Data         256  stm32f10x_it.o(.bss)
    RecDataBuffer1                           0x2000079d   Data         256  stm32f10x_it.o(.bss)
    RecDataBuffer3                           0x2000089d   Data         128  stm32f10x_it.o(.bss)
    RecDataBuffer4                           0x2000091d   Data         256  stm32f10x_it.o(.bss)
    RecDataBuffer5                           0x20000a1d   Data         128  stm32f10x_it.o(.bss)
    UART5SendTCB                             0x20000a9d   Data         128  stm32f10x_it.o(.bss)
    USART2SendTCB                            0x20000b1d   Data         256  stm32f10x_it.o(.bss)
    USART1SendTCB                            0x20000c1d   Data         256  stm32f10x_it.o(.bss)
    USART3SendTCB                            0x20000d1d   Data         128  stm32f10x_it.o(.bss)
    UART4SendTCB                             0x20000d9d   Data         256  stm32f10x_it.o(.bss)
    fertigation52databuf                     0x20000ee9   Data          12  handletask.o(.bss)
    ReceiveData1                             0x20000f15   Data         256  handletask.o(.bss)
    ReceiveData2                             0x20001015   Data         256  handletask.o(.bss)
    ReceiveData3                             0x20001215   Data         128  handletask.o(.bss)
    ReceiveData4                             0x20001315   Data         256  handletask.o(.bss)
    First                                    0x200041fc   Data           9  si4463.o(.bss)
    __heap_base                              0x20004208   Data           0  startup_stm32f10x_hd.o(HEAP)
    __heap_limit                             0x20004408   Data           0  startup_stm32f10x_hd.o(HEAP)
    __initial_sp                             0x20004808   Data           0  startup_stm32f10x_hd.o(STACK)
    report_last_rain                         0x2000e836   Data         180  handletask.o(NO_INIT)
    absolute_pressure_zero                   0x2000e8ea   Data         100  handletask.o(NO_INIT)
    TIM2_FrequencyPA0                        0x2000e94e   Data         122  handletask.o(NO_INIT)
    TIM2_FrequencyPC0                        0x2000e9c8   Data         122  handletask.o(NO_INIT)
    TIM2_FrequencyPA1                        0x2000ea42   Data         122  handletask.o(NO_INIT)
    TIM5_pulsePA1                            0x2000eabc   Data         200  handletask.o(NO_INIT)



==============================================================================

Memory Map of the image

  Image Entry point : 0x08000131

  Load Region LR_IROM1 (Base: 0x08000000, Size: 0x0000ef64, Max: 0x00080000, ABSOLUTE, COMPRESSED[0x0000ec20])

    Execution Region ER_IROM1 (Base: 0x08000000, Size: 0x0000e950, Max: 0x00080000, ABSOLUTE)

    Base Addr    Size         Type   Attr      Idx    E Section Name        Object

    0x08000000   0x00000130   Data   RO            3    RESET               startup_stm32f10x_hd.o
    0x08000130   0x00000000   Code   RO         3939  * .ARM.Collect$$$$00000000  mc_w.l(entry.o)
    0x08000130   0x00000004   Code   RO         4298    .ARM.Collect$$$$00000001  mc_w.l(entry2.o)
    0x08000134   0x00000004   Code   RO         4301    .ARM.Collect$$$$00000004  mc_w.l(entry5.o)
    0x08000138   0x00000000   Code   RO         4303    .ARM.Collect$$$$00000008  mc_w.l(entry7b.o)
    0x08000138   0x00000000   Code   RO         4305    .ARM.Collect$$$$0000000A  mc_w.l(entry8b.o)
    0x08000138   0x00000008   Code   RO         4306    .ARM.Collect$$$$0000000B  mc_w.l(entry9a.o)
    0x08000140   0x00000000   Code   RO         4308    .ARM.Collect$$$$0000000D  mc_w.l(entry10a.o)
    0x08000140   0x00000000   Code   RO         4310    .ARM.Collect$$$$0000000F  mc_w.l(entry11a.o)
    0x08000140   0x00000004   Code   RO         4299    .ARM.Collect$$$$00002712  mc_w.l(entry2.o)
    0x08000144   0x00000024   Code   RO            4    .text               startup_stm32f10x_hd.o
    0x08000168   0x00000024   Code   RO         3942    .text               mc_w.l(memcpya.o)
    0x0800018c   0x00000024   Code   RO         3944    .text               mc_w.l(memseta.o)
    0x080001b0   0x00000024   Code   RO         3946    .text               mc_w.l(strstr.o)
    0x080001d4   0x0000000e   Code   RO         3948    .text               mc_w.l(strlen.o)
    0x080001e2   0x000000b0   Code   RO         4245    .text               mf_w.l(fadd.o)
    0x08000292   0x00000064   Code   RO         4247    .text               mf_w.l(fmul.o)
    0x080002f6   0x0000007c   Code   RO         4249    .text               mf_w.l(fdiv.o)
    0x08000372   0x000000e4   Code   RO         4251    .text               mf_w.l(dmul.o)
    0x08000456   0x000000de   Code   RO         4253    .text               mf_w.l(ddiv.o)
    0x08000534   0x00000012   Code   RO         4255    .text               mf_w.l(fflti.o)
    0x08000546   0x0000000a   Code   RO         4257    .text               mf_w.l(ffltui.o)
    0x08000550   0x0000001a   Code   RO         4259    .text               mf_w.l(dfltui.o)
    0x0800056a   0x00000032   Code   RO         4261    .text               mf_w.l(ffixi.o)
    0x0800059c   0x00000028   Code   RO         4263    .text               mf_w.l(ffixui.o)
    0x080005c4   0x00000032   Code   RO         4265    .text               mf_w.l(dfixui.o)
    0x080005f6   0x00000026   Code   RO         4267    .text               mf_w.l(f2d.o)
    0x0800061c   0x00000038   Code   RO         4269    .text               mf_w.l(d2f.o)
    0x08000654   0x00000020   Code   RO         4319    .text               mc_w.l(llushr.o)
    0x08000674   0x00000000   Code   RO         4330    .text               mc_w.l(iusefp.o)
    0x08000674   0x0000006e   Code   RO         4331    .text               mf_w.l(fepilogue.o)
    0x080006e2   0x000000ba   Code   RO         4333    .text               mf_w.l(depilogue.o)
    0x0800079c   0x0000014e   Code   RO         4335    .text               mf_w.l(dadd.o)
    0x080008ea   0x0000002e   Code   RO         4337    .text               mf_w.l(dscalb.o)
    0x08000918   0x00000022   Code   RO         4339    .text               mf_w.l(dflti.o)
    0x0800093a   0x00000002   PAD
    0x0800093c   0x00000030   Code   RO         4343    .text               mf_w.l(cdrcmple.o)
    0x0800096c   0x00000024   Code   RO         4345    .text               mc_w.l(init.o)
    0x08000990   0x0000001e   Code   RO         4348    .text               mc_w.l(llshl.o)
    0x080009ae   0x00000024   Code   RO         4350    .text               mc_w.l(llsshr.o)
    0x080009d2   0x000000a2   Code   RO         4353    .text               mf_w.l(dsqrt.o)
    0x08000a74   0x00000056   Code   RO         4365    .text               mc_w.l(__dczerorl2.o)
    0x08000aca   0x00000002   PAD
    0x08000acc   0x000000c8   Code   RO         2299    i.ADC1_Configuration  stm32_configuration.o
    0x08000b94   0x00000018   Code   RO          139    i.ADC_Cmd           stm32f10x_adc.o
    0x08000bac   0x00000018   Code   RO          140    i.ADC_DMACmd        stm32f10x_adc.o
    0x08000bc4   0x0000000e   Code   RO          147    i.ADC_GetCalibrationStatus  stm32f10x_adc.o
    0x08000bd2   0x0000000e   Code   RO          153    i.ADC_GetResetCalibrationStatus  stm32f10x_adc.o
    0x08000be0   0x00000048   Code   RO          157    i.ADC_Init          stm32f10x_adc.o
    0x08000c28   0x00000074   Code   RO          161    i.ADC_RegularChannelConfig  stm32f10x_adc.o
    0x08000c9c   0x0000000a   Code   RO          162    i.ADC_ResetCalibration  stm32f10x_adc.o
    0x08000ca6   0x00000018   Code   RO          164    i.ADC_SoftwareStartConvCmd  stm32f10x_adc.o
    0x08000cbe   0x0000000a   Code   RO          166    i.ADC_StartCalibration  stm32f10x_adc.o
    0x08000cc8   0x00000044   Code   RO         2462    i.AddTimer          systemclock.o
    0x08000d0c   0x00000002   Code   RO         2109    i.BusFault_Handler  stm32f10x_it.o
    0x08000d0e   0x00000002   PAD
    0x08000d10   0x000000cc   Code   RO         3227    i.CPS131_Read       si7021.o
    0x08000ddc   0x000000c4   Code   RO         3228    i.CPS131_Send       si7021.o
    0x08000ea0   0x0000005c   Code   RO         3229    i.CPS131_Transtart  si7021.o
    0x08000efc   0x00000064   Code   RO         3230    i.CPS131_Transtop   si7021.o
    0x08000f60   0x00000010   Code   RO         2569    i.Clear_Buf         handletask.o
    0x08000f70   0x00000070   Code   RO         2110    i.DMA1_Channel2_IRQHandler  stm32f10x_it.o
    0x08000fe0   0x00000058   Code   RO         2111    i.DMA1_Channel4_IRQHandler  stm32f10x_it.o
    0x08001038   0x00000058   Code   RO         2112    i.DMA1_Channel7_IRQHandler  stm32f10x_it.o
    0x08001090   0x0000006c   Code   RO         2113    i.DMA2_Channel4_5_IRQHandler  stm32f10x_it.o
    0x080010fc   0x00000018   Code   RO         1703    i.DMA_ClearFlag     stm32f10x_dma.o
    0x08001114   0x0000001a   Code   RO         1705    i.DMA_Cmd           stm32f10x_dma.o
    0x0800112e   0x00000002   PAD
    0x08001130   0x000000f8   Code   RO         1706    i.DMA_DeInit        stm32f10x_dma.o
    0x08001228   0x00000006   Code   RO         1707    i.DMA_GetCurrDataCounter  stm32f10x_dma.o
    0x0800122e   0x00000002   PAD
    0x08001230   0x00000024   Code   RO         1709    i.DMA_GetITStatus   stm32f10x_dma.o
    0x08001254   0x00000014   Code   RO         1710    i.DMA_ITConfig      stm32f10x_dma.o
    0x08001268   0x0000003a   Code   RO         1711    i.DMA_Init          stm32f10x_dma.o
    0x080012a2   0x00000002   PAD
    0x080012a4   0x000000c8   Code   RO         2303    i.DMA_Uart1_Init    stm32_configuration.o
    0x0800136c   0x000000c8   Code   RO         2304    i.DMA_Uart2_Init    stm32_configuration.o
    0x08001434   0x00000070   Code   RO         2305    i.DMA_Uart3_Init    stm32_configuration.o
    0x080014a4   0x000000a8   Code   RO         2306    i.DMA_Uart4_Init    stm32_configuration.o
    0x0800154c   0x00000002   Code   RO         2114    i.DebugMon_Handler  stm32f10x_it.o
    0x0800154e   0x00000010   Code   RO         3339    i.Delayms           si4463.o
    0x0800155e   0x00000010   Code   RO         2464    i.Delayus           systemclock.o
    0x0800156e   0x0000000a   Code   RO         2465    i.DeleteTimer       systemclock.o
    0x08001578   0x0000005c   Code   RO         2307    i.EXIT0_Enable      stm32_configuration.o
    0x080015d4   0x00000020   Code   RO         2115    i.EXTI0_IRQHandler  stm32f10x_it.o
    0x080015f4   0x00000002   Code   RO         2116    i.EXTI15_10_IRQHandler  stm32f10x_it.o
    0x080015f6   0x0000005e   Code   RO         2308    i.EXTI1_Enable      stm32_configuration.o
    0x08001654   0x0000002c   Code   RO         2117    i.EXTI1_IRQHandler  stm32f10x_it.o
    0x08001680   0x00000054   Code   RO         2118    i.EXTI4_IRQHandler  stm32f10x_it.o
    0x080016d4   0x00000002   Code   RO         2119    i.EXTI9_5_IRQHandler  stm32f10x_it.o
    0x080016d6   0x00000002   PAD
    0x080016d8   0x0000000c   Code   RO          434    i.EXTI_ClearITPendingBit  stm32f10x_exti.o
    0x080016e4   0x0000002e   Code   RO         2309    i.EXTI_Configuration  stm32_configuration.o
    0x08001712   0x00000002   PAD
    0x08001714   0x00000074   Code   RO          439    i.EXTI_Init         stm32f10x_exti.o
    0x08001788   0x00000002   Code   RO         2570    i.Ethernet_mqtt_receive  handletask.o
    0x0800178a   0x00000002   Code   RO         2571    i.Ethernet_mqtt_reply  handletask.o
    0x0800178c   0x0000000c   Code   RO         2572    i.Ethernet_mqtt_sdk_init  handletask.o
    0x08001798   0x0000000c   Code   RO         2573    i.Ethernet_mqtt_send  handletask.o
    0x080017a4   0x0000000c   Code   RO         2574    i.Ethernet_other_init  handletask.o
    0x080017b0   0x00000002   Code   RO         2575    i.Ethernet_other_receive  handletask.o
    0x080017b2   0x00000002   Code   RO         2576    i.Ethernet_other_reply  handletask.o
    0x080017b4   0x0000000c   Code   RO         2577    i.Ethernet_other_send  handletask.o
    0x080017c0   0x00000160   Code   RO         2578    i.Ethernet_sdk_receive  handletask.o
    0x08001920   0x000000a4   Code   RO         2579    i.Ethernet_sdk_reply  handletask.o
    0x080019c4   0x00000460   Code   RO         2580    i.Ethernet_sdk_send  handletask.o
    0x08001e24   0x00000024   Code   RO         2581    i.Ethernet_tcp_init  handletask.o
    0x08001e48   0x0000006c   Code   RO         2582    i.Ethernet_tcp_receive  handletask.o
    0x08001eb4   0x00000098   Code   RO         2583    i.Ethernet_tcp_reply  handletask.o
    0x08001f4c   0x00000390   Code   RO         2584    i.Ethernet_tcp_send  handletask.o
    0x080022dc   0x0000003c   Code   RO          492    i.FLASH_ErasePage   stm32f10x_flash.o
    0x08002318   0x00000028   Code   RO          493    i.FLASH_GetBank1Status  stm32f10x_flash.o
    0x08002340   0x00000010   Code   RO          503    i.FLASH_LockBank1   stm32f10x_flash.o
    0x08002350   0x00000018   Code   RO          504    i.FLASH_PrefetchBufferCmd  stm32f10x_flash.o
    0x08002368   0x00000034   Code   RO          505    i.FLASH_ProgramHalfWord  stm32f10x_flash.o
    0x0800239c   0x00000014   Code   RO          509    i.FLASH_SetLatency  stm32f10x_flash.o
    0x080023b0   0x00000018   Code   RO          511    i.FLASH_UnlockBank1  stm32f10x_flash.o
    0x080023c8   0x00000020   Code   RO          514    i.FLASH_WaitForLastOperation  stm32f10x_flash.o
    0x080023e8   0x0000001c   Code   RO         2466    i.FindTimer         systemclock.o
    0x08002404   0x0000002c   Code   RO         2585    i.First_Getaverage  handletask.o
    0x08002430   0x00000016   Code   RO         3127    i.Flash_Read        dataflash.o
    0x08002446   0x00000002   PAD
    0x08002448   0x0000008c   Code   RO         3128    i.Flash_Write       dataflash.o
    0x080024d4   0x00000032   Code   RO         3129    i.Flash_Write_Without_check  dataflash.o
    0x08002506   0x00000080   Code   RO         3153    i.GET_PRESSUE0      max44009.o
    0x08002586   0x00000080   Code   RO         3231    i.GET_PRESSUE1      si7021.o
    0x08002606   0x00000080   Code   RO         3232    i.GET_PRESSUE4      si7021.o
    0x08002686   0x00000072   Code   RO         3154    i.GET_level0        max44009.o
    0x080026f8   0x00000084   Code   RO         3233    i.GET_level1        si7021.o
    0x0800277c   0x00000072   Code   RO         3234    i.GET_level4        si7021.o
    0x080027ee   0x00000002   PAD
    0x080027f0   0x00000304   Code   RO         2310    i.GPIO_Configuration  stm32_configuration.o
    0x08002af4   0x00000028   Code   RO          664    i.GPIO_EXTILineConfig  stm32f10x_gpio.o
    0x08002b1c   0x000000a6   Code   RO          667    i.GPIO_Init         stm32f10x_gpio.o
    0x08002bc2   0x00000002   PAD
    0x08002bc4   0x0000005c   Code   RO          669    i.GPIO_PinRemapConfig  stm32f10x_gpio.o
    0x08002c20   0x0000000e   Code   RO          671    i.GPIO_ReadInputDataBit  stm32f10x_gpio.o
    0x08002c2e   0x0000000e   Code   RO          673    i.GPIO_ReadOutputDataBit  stm32f10x_gpio.o
    0x08002c3c   0x00000004   Code   RO          674    i.GPIO_ResetBits    stm32f10x_gpio.o
    0x08002c40   0x00000004   Code   RO          675    i.GPIO_SetBits      stm32f10x_gpio.o
    0x08002c44   0x0000000c   Code   RO          678    i.GPIO_WriteBit     stm32f10x_gpio.o
    0x08002c50   0x00000058   Code   RO         2586    i.GetCRC16          handletask.o
    0x08002ca8   0x00000074   Code   RO         2587    i.Get_Adclvbo       handletask.o
    0x08002d1c   0x0000005e   Code   RO         3235    i.Get_Carbon        si7021.o
    0x08002d7a   0x00000002   PAD
    0x08002d7c   0x00000068   Code   RO         3155    i.Get_Illuminance   max44009.o
    0x08002de4   0x00000002   Code   RO         2120    i.HardFault_Handler  stm32f10x_it.o
    0x08002de6   0x00000002   PAD
    0x08002de8   0x00000068   Code   RO         2588    i.IOxh_send_cmd     handletask.o
    0x08002e50   0x00000034   Code   RO         2311    i.IWDG_Configuration  stm32_configuration.o
    0x08002e84   0x00000010   Code   RO         1775    i.IWDG_Enable       stm32f10x_iwdg.o
    0x08002e94   0x00000010   Code   RO         1777    i.IWDG_ReloadCounter  stm32f10x_iwdg.o
    0x08002ea4   0x0000000c   Code   RO         1778    i.IWDG_SetPrescaler  stm32f10x_iwdg.o
    0x08002eb0   0x0000000c   Code   RO         1779    i.IWDG_SetReload    stm32f10x_iwdg.o
    0x08002ebc   0x0000000c   Code   RO         1780    i.IWDG_WriteAccessCmd  stm32f10x_iwdg.o
    0x08002ec8   0x000000bc   Code   RO         3157    i.MAX44009_Read     max44009.o
    0x08002f84   0x000000b4   Code   RO         3158    i.MAX44009_Send     max44009.o
    0x08003038   0x00000050   Code   RO         3159    i.MAX44009_Transtart  max44009.o
    0x08003088   0x00000054   Code   RO         3160    i.MAX44009_Transtop  max44009.o
    0x080030dc   0x0000002c   Code   RO         3482    i.MD5Decode         password_md5.o
    0x08003108   0x00000032   Code   RO         3483    i.MD5Encode         password_md5.o
    0x0800313a   0x00000002   PAD
    0x0800313c   0x0000004c   Code   RO         3484    i.MD5Final          password_md5.o
    0x08003188   0x00000024   Code   RO         3485    i.MD5Init           password_md5.o
    0x080031ac   0x0000073c   Code   RO         3486    i.MD5Transform      password_md5.o
    0x080038e8   0x0000007c   Code   RO         3487    i.MD5Update         password_md5.o
    0x08003964   0x0000002a   Code   RO         3691    i.MQTTPacket_encode  mqttpacket.o
    0x0800398e   0x00000002   PAD
    0x08003990   0x00000028   Code   RO         3693    i.MQTTPacket_len    mqttpacket.o
    0x080039b8   0x0000013c   Code   RO         3528    i.MQTTSerialize_connect  mqttconnectclient.o
    0x08003af4   0x00000072   Code   RO         3529    i.MQTTSerialize_connectLength  mqttconnectclient.o
    0x08003b66   0x00000088   Code   RO         3806    i.MQTTSerialize_publish  mqttserializepublish.o
    0x08003bee   0x0000001c   Code   RO         3807    i.MQTTSerialize_publishLength  mqttserializepublish.o
    0x08003c0a   0x00000094   Code   RO         3846    i.MQTTSerialize_subscribe  mqttsubscribeclient.o
    0x08003c9e   0x0000002c   Code   RO         3847    i.MQTTSerialize_subscribeLength  mqttsubscribeclient.o
    0x08003cca   0x00000016   Code   RO         3696    i.MQTTstrlen        mqttpacket.o
    0x08003ce0   0x00000002   Code   RO         2121    i.MemManage_Handler  stm32f10x_it.o
    0x08003ce2   0x00000002   Code   RO         2122    i.NMI_Handler       stm32f10x_it.o
    0x08003ce4   0x000000f4   Code   RO         2312    i.NVIC_Configuration  stm32_configuration.o
    0x08003dd8   0x00000064   Code   RO           10    i.NVIC_Init         misc.o
    0x08003e3c   0x00000014   Code   RO           11    i.NVIC_PriorityGroupConfig  misc.o
    0x08003e50   0x00000014   Code   RO           12    i.NVIC_SetVectorTable  misc.o
    0x08003e64   0x0000001c   Code   RO         2589    i.NVIC_SystemReset  handletask.o
    0x08003e80   0x000000d4   Code   RO         2590    i.Net_connect_init  handletask.o
    0x08003f54   0x00000098   Code   RO         3236    i.PRESSUE_level1    si7021.o
    0x08003fec   0x00000098   Code   RO         3161    i.PRESSUE_level2    max44009.o
    0x08004084   0x00000002   Code   RO         2123    i.PendSV_Handler    stm32f10x_it.o
    0x08004086   0x00000002   PAD
    0x08004088   0x0000073c   Code   RO         2591    i.Period_Events_Handle  handletask.o
    0x080047c4   0x00000014   Code   RO          775    i.RCC_ADCCLKConfig  stm32f10x_rcc.o
    0x080047d8   0x0000001c   Code   RO          776    i.RCC_AHBPeriphClockCmd  stm32f10x_rcc.o
    0x080047f4   0x0000001c   Code   RO          777    i.RCC_APB1PeriphClockCmd  stm32f10x_rcc.o
    0x08004810   0x0000001c   Code   RO          778    i.RCC_APB1PeriphResetCmd  stm32f10x_rcc.o
    0x0800482c   0x0000001c   Code   RO          779    i.RCC_APB2PeriphClockCmd  stm32f10x_rcc.o
    0x08004848   0x0000001c   Code   RO          780    i.RCC_APB2PeriphResetCmd  stm32f10x_rcc.o
    0x08004864   0x00000010   Code   RO          783    i.RCC_ClearFlag     stm32f10x_rcc.o
    0x08004874   0x00000074   Code   RO         2313    i.RCC_Configuration  stm32_configuration.o
    0x080048e8   0x00000040   Code   RO          786    i.RCC_DeInit        stm32f10x_rcc.o
    0x08004928   0x000000ac   Code   RO          787    i.RCC_GetClocksFreq  stm32f10x_rcc.o
    0x080049d4   0x00000030   Code   RO          788    i.RCC_GetFlagStatus  stm32f10x_rcc.o
    0x08004a04   0x00000010   Code   RO          790    i.RCC_GetSYSCLKSource  stm32f10x_rcc.o
    0x08004a14   0x00000014   Code   RO          791    i.RCC_HCLKConfig    stm32f10x_rcc.o
    0x08004a28   0x00000038   Code   RO          792    i.RCC_HSEConfig     stm32f10x_rcc.o
    0x08004a60   0x0000000c   Code   RO          796    i.RCC_LSICmd        stm32f10x_rcc.o
    0x08004a6c   0x00000014   Code   RO          798    i.RCC_PCLK1Config   stm32f10x_rcc.o
    0x08004a80   0x00000014   Code   RO          799    i.RCC_PCLK2Config   stm32f10x_rcc.o
    0x08004a94   0x0000000c   Code   RO          800    i.RCC_PLLCmd        stm32f10x_rcc.o
    0x08004aa0   0x00000014   Code   RO          801    i.RCC_PLLConfig     stm32f10x_rcc.o
    0x08004ab4   0x00000014   Code   RO          804    i.RCC_SYSCLKConfig  stm32f10x_rcc.o
    0x08004ac8   0x00000030   Code   RO          806    i.RCC_WaitForHSEStartUp  stm32f10x_rcc.o
    0x08004af8   0x00000030   Code   RO         2592    i.ReadData          handletask.o
    0x08004b28   0x00000030   Code   RO         2593    i.RxReport1         handletask.o
    0x08004b58   0x000000cc   Code   RO         2594    i.RxReport1_YANHUA_touch_screen  handletask.o
    0x08004c24   0x00000098   Code   RO         2595    i.RxReport1_csb_yw  handletask.o
    0x08004cbc   0x00000180   Code   RO         2596    i.RxReport2         handletask.o
    0x08004e3c   0x000000dc   Code   RO         2597    i.RxReport3         handletask.o
    0x08004f18   0x000012c8   Code   RO         2598    i.RxReport4         handletask.o
    0x080061e0   0x00000274   Code   RO         2599    i.RxReport5         handletask.o
    0x08006454   0x0000013c   Code   RO         2600    i.SI4463Receive     handletask.o
    0x08006590   0x00000034   Code   RO         3340    i.SI4463_CMD        si4463.o
    0x080065c4   0x00000038   Code   RO         3341    i.SI4463_CONFIG_INIT  si4463.o
    0x080065fc   0x0000003a   Code   RO         3344    i.SI4463_GPIO_CONFIG  si4463.o
    0x08006636   0x0000002a   Code   RO         3345    i.SI4463_INT_STATUS  si4463.o
    0x08006660   0x00000018   Code   RO         3347    i.SI4463_Init       si4463.o
    0x08006678   0x0000004c   Code   RO         3349    i.SI4463_READ_PACKET  si4463.o
    0x080066c4   0x0000003c   Code   RO         3350    i.SI4463_READ_RESPONSE  si4463.o
    0x08006700   0x00000034   Code   RO         3351    i.SI4463_RESET      si4463.o
    0x08006734   0x00000018   Code   RO         3352    i.SI4463_RX_FIFO_RESET  si4463.o
    0x0800674c   0x000002bc   Code   RO         2601    i.SI4463_SENDZZ     handletask.o
    0x08006a08   0x00000074   Code   RO         3354    i.SI4463_SEND_PACKET  si4463.o
    0x08006a7c   0x00000026   Code   RO         3355    i.SI4463_SET_PROPERTY_1  si4463.o
    0x08006aa2   0x00000018   Code   RO         3356    i.SI4463_SPI_Active  si4463.o
    0x08006aba   0x00000048   Code   RO         3357    i.SI4463_START_RX   si4463.o
    0x08006b02   0x00000018   Code   RO         3358    i.SI4463_TX_FIFO_RESET  si4463.o
    0x08006b1a   0x00000002   PAD
    0x08006b1c   0x00000054   Code   RO         3359    i.SI4463_WAIT_CTS   si4463.o
    0x08006b70   0x00000048   Code   RO         3237    i.SI7021_HumiMeasurement  si7021.o
    0x08006bb8   0x000000c4   Code   RO         3239    i.SI7021_ReadByte   si7021.o
    0x08006c7c   0x00000036   Code   RO         3240    i.SI7021_TempMeasurement  si7021.o
    0x08006cb2   0x00000002   PAD
    0x08006cb4   0x00000060   Code   RO         3241    i.SI7021_TransStart  si7021.o
    0x08006d14   0x00000068   Code   RO         3242    i.SI7021_TransStop  si7021.o
    0x08006d7c   0x000000bc   Code   RO         3243    i.SI7021_WriteByte  si7021.o
    0x08006e38   0x000000c8   Code   RO         2314    i.SPI1_Configuration  stm32_configuration.o
    0x08006f00   0x00000018   Code   RO         1897    i.SPI_Cmd           stm32f10x_spi.o
    0x08006f18   0x0000000e   Code   RO         1905    i.SPI_I2S_GetFlagStatus  stm32f10x_spi.o
    0x08006f26   0x00000004   Code   RO         1908    i.SPI_I2S_ReceiveData  stm32f10x_spi.o
    0x08006f2a   0x00000004   Code   RO         1909    i.SPI_I2S_SendData  stm32f10x_spi.o
    0x08006f2e   0x00000038   Code   RO         1910    i.SPI_Init          stm32f10x_spi.o
    0x08006f66   0x00000018   Code   RO         1912    i.SPI_SSOutputCmd   stm32f10x_spi.o
    0x08006f7e   0x00000002   PAD
    0x08006f80   0x0000009c   Code   RO         3360    i.SPI_WriteByte     si4463.o
    0x0800701c   0x00000002   Code   RO         2124    i.SVC_Handler       stm32f10x_it.o
    0x0800701e   0x00000002   PAD
    0x08007020   0x000000a0   Code   RO         2315    i.SYS_Confgiuration  stm32_configuration.o
    0x080070c0   0x00000004   Code   RO         2602    i.Scan_Events_Handle  handletask.o
    0x080070c4   0x000002bc   Code   RO         2603    i.Send_slave_cmd    handletask.o
    0x08007380   0x00000004   Code   RO         2046    i.SetSysClock       system_stm32f10x.o
    0x08007384   0x000000b0   Code   RO         2047    i.SetSysClockTo72   system_stm32f10x.o
    0x08007434   0x00000010   Code   RO         2469    i.Set_Event         systemclock.o
    0x08007444   0x0000001c   Code   RO         2471    i.Start_timerEx     systemclock.o
    0x08007460   0x00000026   Code   RO         2472    i.Stop_timerEx      systemclock.o
    0x08007486   0x00000002   PAD
    0x08007488   0x00000094   Code   RO         2473    i.SysClock          systemclock.o
    0x0800751c   0x0000001c   Code   RO         2474    i.SysHandleEvent    systemclock.o
    0x08007538   0x00000002   Code   RO         2125    i.SysTick_Handler   stm32f10x_it.o
    0x0800753a   0x00000002   PAD
    0x0800753c   0x00000050   Code   RO         2049    i.SystemInit        system_stm32f10x.o
    0x0800758c   0x0000003c   Code   RO         2604    i.TD_Getaverage     handletask.o
    0x080075c8   0x00000074   Code   RO          975    i.TI1_Config        stm32f10x_tim.o
    0x0800763c   0x0000007c   Code   RO          976    i.TI2_Config        stm32f10x_tim.o
    0x080076b8   0x00000078   Code   RO          977    i.TI3_Config        stm32f10x_tim.o
    0x08007730   0x0000007c   Code   RO          978    i.TI4_Config        stm32f10x_tim.o
    0x080077ac   0x00000070   Code   RO         2316    i.TIM2_Configuration  stm32_configuration.o
    0x0800781c   0x00000094   Code   RO         2126    i.TIM2_IRQHandler   stm32f10x_it.o
    0x080078b0   0x00000074   Code   RO         2317    i.TIM5_Configuration  stm32_configuration.o
    0x08007924   0x000000f0   Code   RO         2127    i.TIM5_IRQHandler   stm32f10x_it.o
    0x08007a14   0x00000006   Code   RO          986    i.TIM_ClearITPendingBit  stm32f10x_tim.o
    0x08007a1a   0x00000018   Code   RO          991    i.TIM_Cmd           stm32f10x_tim.o
    0x08007a32   0x00000002   PAD
    0x08007a34   0x00000210   Code   RO          996    i.TIM_DeInit        stm32f10x_tim.o
    0x08007c44   0x00000004   Code   RO         1007    i.TIM_GetCapture2   stm32f10x_tim.o
    0x08007c48   0x00000018   Code   RO         1012    i.TIM_GetITStatus   stm32f10x_tim.o
    0x08007c60   0x0000008c   Code   RO         1014    i.TIM_ICInit        stm32f10x_tim.o
    0x08007cec   0x00000014   Code   RO         1016    i.TIM_ITConfig      stm32f10x_tim.o
    0x08007d00   0x00000010   Code   RO         1057    i.TIM_SetIC1Prescaler  stm32f10x_tim.o
    0x08007d10   0x00000018   Code   RO         1058    i.TIM_SetIC2Prescaler  stm32f10x_tim.o
    0x08007d28   0x00000010   Code   RO         1059    i.TIM_SetIC3Prescaler  stm32f10x_tim.o
    0x08007d38   0x00000018   Code   RO         1060    i.TIM_SetIC4Prescaler  stm32f10x_tim.o
    0x08007d50   0x0000009c   Code   RO         1062    i.TIM_TimeBaseInit  stm32f10x_tim.o
    0x08007dec   0x0000000c   Code   RO         2475    i.TimerInit         systemclock.o
    0x08007df8   0x00000084   Code   RO         2476    i.TimerUpdate       systemclock.o
    0x08007e7c   0x00000078   Code   RO         2128    i.UART4_IRQHandler  stm32f10x_it.o
    0x08007ef4   0x0000008c   Code   RO         2318    i.UART5_Configuration  stm32_configuration.o
    0x08007f80   0x000000e0   Code   RO         2129    i.UART5_IRQHandler  stm32f10x_it.o
    0x08008060   0x00000078   Code   RO         2130    i.USART1_IRQHandler  stm32f10x_it.o
    0x080080d8   0x00000078   Code   RO         2131    i.USART2_IRQHandler  stm32f10x_it.o
    0x08008150   0x0000004c   Code   RO         2132    i.USART3_IRQHandler  stm32f10x_it.o
    0x0800819c   0x00000008   Code   RO         1523    i.USART_ClearFlag   stm32f10x_usart.o
    0x080081a4   0x00000010   Code   RO         1524    i.USART_ClearITPendingBit  stm32f10x_usart.o
    0x080081b4   0x00000018   Code   RO         1527    i.USART_Cmd         stm32f10x_usart.o
    0x080081cc   0x00000014   Code   RO         1528    i.USART_DMACmd      stm32f10x_usart.o
    0x080081e0   0x0000000e   Code   RO         1530    i.USART_GetFlagStatus  stm32f10x_usart.o
    0x080081ee   0x00000040   Code   RO         1531    i.USART_GetITStatus  stm32f10x_usart.o
    0x0800822e   0x00000036   Code   RO         1533    i.USART_ITConfig    stm32f10x_usart.o
    0x08008264   0x000000bc   Code   RO         1534    i.USART_Init        stm32f10x_usart.o
    0x08008320   0x00000018   Code   RO         1541    i.USART_ReceiveData  stm32f10x_usart.o
    0x08008338   0x00000028   Code   RO         1544    i.USART_SendData    stm32f10x_usart.o
    0x08008360   0x000000ec   Code   RO         2319    i.Uart1_Init        stm32_configuration.o
    0x0800844c   0x000000e0   Code   RO         2320    i.Uart2_Init        stm32_configuration.o
    0x0800852c   0x000000d8   Code   RO         2321    i.Uart3_Init        stm32_configuration.o
    0x08008604   0x000000e8   Code   RO         2322    i.Uart4_Init        stm32_configuration.o
    0x080086ec   0x00000002   Code   RO         2133    i.UsageFault_Handler  stm32f10x_it.o
    0x080086ee   0x00000002   PAD
    0x080086f0   0x00000130   Code   RO         2605    i.WriteDataToBuffer  handletask.o
    0x08008820   0x00000030   Code   RO         2606    i.WriteDataToDMA_BufferTX1  handletask.o
    0x08008850   0x00000030   Code   RO         2607    i.WriteDataToDMA_BufferTX2  handletask.o
    0x08008880   0x00000040   Code   RO         2608    i.WriteDataToDMA_BufferTX3  handletask.o
    0x080088c0   0x00000040   Code   RO         2609    i.WriteDataToDMA_BufferTX4  handletask.o
    0x08008900   0x00000050   Code   RO         2610    i.WriteMultipleRegister  handletask.o
    0x08008950   0x00000034   Code   RO         2611    i.WriteSingleRegister  handletask.o
    0x08008984   0x00000028   Code   RO         4285    i.__ARM_fpclassify  m_ws.l(fpclassify.o)
    0x080089ac   0x000000aa   Code   RO         4287    i.__kernel_poly     m_ws.l(poly.o)
    0x08008a56   0x00000002   PAD
    0x08008a58   0x00000010   Code   RO         4271    i.__mathlib_dbl_divzero  m_ws.l(dunder.o)
    0x08008a68   0x00000004   Code   RO         4273    i.__mathlib_dbl_infnan2  m_ws.l(dunder.o)
    0x08008a6c   0x0000000c   Code   RO         4274    i.__mathlib_dbl_invalid  m_ws.l(dunder.o)
    0x08008a78   0x0000000e   Code   RO         4275    i.__mathlib_dbl_overflow  m_ws.l(dunder.o)
    0x08008a86   0x00000002   PAD
    0x08008a88   0x00000010   Code   RO         4277    i.__mathlib_dbl_underflow  m_ws.l(dunder.o)
    0x08008a98   0x0000000e   Code   RO         4359    i.__scatterload_copy  mc_w.l(handlers.o)
    0x08008aa6   0x00000002   Code   RO         4360    i.__scatterload_null  mc_w.l(handlers.o)
    0x08008aa8   0x0000000e   Code   RO         4361    i.__scatterload_zeroinit  mc_w.l(handlers.o)
    0x08008ab6   0x00000002   PAD
    0x08008ab8   0x0000000c   Code   RO         4325    i.__set_errno       mc_w.l(errno.o)
    0x08008ac4   0x0000006c   Code   RO         2612    i.alter_hand_auto   handletask.o
    0x08008b30   0x0000006c   Code   RO         2613    i.alter_send        handletask.o
    0x08008b9c   0x00000024   Code   RO         2614    i.byte_to_asc       handletask.o
    0x08008bc0   0x00000020   Code   RO         2615    i.bytelen_to_asc    handletask.o
    0x08008be0   0x000005f4   Code   RO         2616    i.cdma_SMS_receive  handletask.o
    0x080091d4   0x000002e4   Code   RO         2617    i.cdma_cmd_receive  handletask.o
    0x080094b8   0x00000184   Code   RO         2618    i.cdma_mqtt_receive  handletask.o
    0x0800963c   0x000000ec   Code   RO         2619    i.cdma_mqtt_reply   handletask.o
    0x08009728   0x000004c4   Code   RO         2620    i.cdma_mqtt_send    handletask.o
    0x08009bec   0x00000002   Code   RO         2621    i.cdma_other_reply  handletask.o
    0x08009bee   0x00000002   PAD
    0x08009bf0   0x00000240   Code   RO         2622    i.cdma_sdk_receive  handletask.o
    0x08009e30   0x000001bc   Code   RO         2623    i.cdma_sdk_reply    handletask.o
    0x08009fec   0x000005a4   Code   RO         2624    i.cdma_sdk_send     handletask.o
    0x0800a590   0x00000410   Code   RO         2625    i.cdma_tcp_init     handletask.o
    0x0800a9a0   0x000000b4   Code   RO         2626    i.cdma_tcp_receive  handletask.o
    0x0800aa54   0x000000bc   Code   RO         2627    i.cdma_tcp_reply    handletask.o
    0x0800ab10   0x00000604   Code   RO         2628    i.cdma_tcp_send     handletask.o
    0x0800b114   0x00000060   Code   RO         2629    i.chge_coltsnd      handletask.o
    0x0800b174   0x00000060   Code   RO         2630    i.chge_fertisnd     handletask.o
    0x0800b1d4   0x00000040   Code   RO         2631    i.cycle_cmd         handletask.o
    0x0800b214   0x00000046   Code   RO         2632    i.dword_asc_hex     handletask.o
    0x0800b25a   0x00000002   PAD
    0x0800b25c   0x00000120   Code   RO         2633    i.float_to_string   handletask.o
    0x0800b37c   0x00000050   Code   RO         4217    i.free              mc_w.l(malloc.o)
    0x0800b3cc   0x00000050   Code   RO         3162    i.get_light         max44009.o
    0x0800b41c   0x00000300   Code   RO         2634    i.gprs_cmd_receive  handletask.o
    0x0800b71c   0x0000000c   Code   RO         2635    i.gprs_other_init   handletask.o
    0x0800b728   0x00000002   Code   RO         2636    i.gprs_other_receive  handletask.o
    0x0800b72a   0x00000002   Code   RO         2637    i.gprs_other_reply  handletask.o
    0x0800b72c   0x0000000c   Code   RO         2638    i.gprs_other_send   handletask.o
    0x0800b738   0x000004c4   Code   RO         2639    i.gprs_tcp_init     handletask.o
    0x0800bbfc   0x00000064   Code   RO         2640    i.handlecmd         handletask.o
    0x0800bc60   0x00000060   Code   RO         2641    i.initialRealSendBuff  handletask.o
    0x0800bcc0   0x00000032   Code   RO         2642    i.is_number         handletask.o
    0x0800bcf2   0x00000002   PAD
    0x0800bcf4   0x000000e4   Code   RO         2643    i.jm_platform_reply  handletask.o
    0x0800bdd8   0x000000b6   Code   RO         2644    i.made_keyX_value   handletask.o
    0x0800be8e   0x000000b2   Code   RO         2645    i.made_keyX_value4  handletask.o
    0x0800bf40   0x00000138   Code   RO         2646    i.made_keyX_valueF  handletask.o
    0x0800c078   0x00000138   Code   RO         2647    i.made_keyX_valueF4  handletask.o
    0x0800c1b0   0x00000018   Code   RO         2080    i.main              main.o
    0x0800c1c8   0x0000006c   Code   RO         4218    i.malloc            mc_w.l(malloc.o)
    0x0800c234   0x0000004a   Code   RO         2648    i.match_str         handletask.o
    0x0800c27e   0x00000002   PAD
    0x0800c280   0x00000108   Code   RO         2649    i.mqtt_connect      handletask.o
    0x0800c388   0x000000ac   Code   RO         2650    i.mqtt_publish      handletask.o
    0x0800c434   0x00000040   Code   RO         2651    i.mqtt_publish1     handletask.o
    0x0800c474   0x00000094   Code   RO         2652    i.mqtt_subscribe    handletask.o
    0x0800c508   0x000009b8   Code   RO         3930    i.pow               m_ws.l(pow.o)
    0x0800cec0   0x00000040   Code   RO         2653    i.send_Ethernet_module  handletask.o
    0x0800cf00   0x00000030   Code   RO         2654    i.send_at_cdma      handletask.o
    0x0800cf30   0x00000030   Code   RO         2655    i.send_at_gprs      handletask.o
    0x0800cf60   0x00000040   Code   RO         2656    i.send_data_module  handletask.o
    0x0800cfa0   0x000000f0   Code   RO         2657    i.send_platform     handletask.o
    0x0800d090   0x00000098   Code   RO         2658    i.set_ctrl_data     handletask.o
    0x0800d128   0x0000021c   Code   RO         2659    i.set_slave_param   handletask.o
    0x0800d344   0x0000021c   Code   RO         2660    i.set_slave_paramWX  handletask.o
    0x0800d560   0x0000004c   Code   RO         4291    i.sqrt              m_ws.l(sqrt.o)
    0x0800d5ac   0x00000020   Code   RO         2661    i.startadc          handletask.o
    0x0800d5cc   0x00000248   Code   RO         2662    i.uart5_send_cmd    handletask.o
    0x0800d814   0x00000120   Code   RO         2663    i.wg_init_readflash  handletask.o
    0x0800d934   0x00000078   Code   RO         2664    i.wg_reply_cmd      handletask.o
    0x0800d9ac   0x00000b9c   Code   RO         2665    i.wgcollector_data  handletask.o
    0x0800e548   0x00000038   Code   RO         2323    i.wgfrist_init_readflash  stm32_configuration.o
    0x0800e580   0x00000028   Code   RO         3702    i.writeCString      mqttpacket.o
    0x0800e5a8   0x0000000c   Code   RO         3703    i.writeChar         mqttpacket.o
    0x0800e5b4   0x0000001e   Code   RO         3704    i.writeInt          mqttpacket.o
    0x0800e5d2   0x00000046   Code   RO         3705    i.writeMQTTString   mqttpacket.o
    0x0800e618   0x00000284   Data   RO         2667    .constdata          handletask.o
    0x0800e89c   0x00000004   PAD
    0x0800e8a0   0x00000088   Data   RO         3931    .constdata          m_ws.l(pow.o)
    0x0800e928   0x00000008   Data   RO         4289    .constdata          m_ws.l(qnan.o)
    0x0800e930   0x00000020   Data   RO         4357    Region$$Table       anon$$obj.o


    Execution Region RW_IRAM1 (Base: 0x20000000, Size: 0x00004808, Max: 0x0000e000, ABSOLUTE, COMPRESSED[0x000002d0])

    Base Addr    Size         Type   Attr      Idx    E Section Name        Object

    0x20000000   0x00000014   Data   RW          807    .data               stm32f10x_rcc.o
    0x20000014   0x00000001   Data   RW         2081    .data               main.o
    0x20000015   0x00000003   PAD
    0x20000018   0x00000020   Data   RW         2140    .data               stm32f10x_it.o
    0x20000038   0x00000001   Data   RW         2142    .data               stm32f10x_it.o
    0x20000039   0x00000001   Data   RW         2144    .data               stm32f10x_it.o
    0x2000003a   0x00000001   Data   RW         2146    .data               stm32f10x_it.o
    0x2000003b   0x00000001   Data   RW         2148    .data               stm32f10x_it.o
    0x2000003c   0x00000001   Data   RW         2151    .data               stm32f10x_it.o
    0x2000003d   0x00000001   PAD
    0x2000003e   0x00000006   Data   RW         2324    .data               stm32_configuration.o
    0x20000044   0x00000014   Data   RW         2478    .data               systemclock.o
    0x20000058   0x000003f8   Data   RW         2670    .data               handletask.o
    0x20000450   0x00000002   Data   RW         2671    .data               handletask.o
    0x20000452   0x00000002   PAD
    0x20000454   0x00000174   Data   RW         3362    .data               si4463.o
    0x200005c8   0x00000040   Data   RW         3488    .data               password_md5.o
    0x20000608   0x00000004   Data   RW         4321    .data               mc_w.l(mvars.o)
    0x2000060c   0x00000004   Data   RW         4322    .data               mc_w.l(mvars.o)
    0x20000610   0x00000004   Data   RW         4326    .data               mc_w.l(errno.o)
    0x20000614   0x00000080   Zero   RW         2134    .bss                stm32f10x_it.o
    0x20000694   0x00000489   Zero   RW         2135    .bss                stm32f10x_it.o
    0x20000b1d   0x00000100   Zero   RW         2136    .bss                stm32f10x_it.o
    0x20000c1d   0x00000100   Zero   RW         2137    .bss                stm32f10x_it.o
    0x20000d1d   0x00000080   Zero   RW         2138    .bss                stm32f10x_it.o
    0x20000d9d   0x00000100   Zero   RW         2139    .bss                stm32f10x_it.o
    0x20000e9d   0x00000003   PAD
    0x20000ea0   0x00002b5c   Zero   RW         2666    .bss                handletask.o
    0x200039fc   0x00000800   Zero   RW         3130    .bss                dataflash.o
    0x200041fc   0x00000009   Zero   RW         3361    .bss                si4463.o
    0x20004205   0x00000003   PAD
    0x20004208   0x00000200   Zero   RW            2    HEAP                startup_stm32f10x_hd.o
    0x20004408   0x00000400   Zero   RW            1    STACK               startup_stm32f10x_hd.o


    Execution Region MYRAM (Base: 0x2000e000, Size: 0x00000b84, Max: 0x00002000, ABSOLUTE, UNINIT)

    Base Addr    Size         Type   Attr      Idx    E Section Name        Object

    0x2000e000   0x00000b84   Zero   RW         2672    NO_INIT             handletask.o


==============================================================================

Image component sizes


      Code (inc. data)   RO Data    RW Data    ZI Data      Debug   Object Name

       212          4          0          0       2048       3055   dataflash.o
     34600       2520        644       1018      14048     118427   handletask.o
        24          4          0          1          0       9975   main.o
      1110         56          0          0          0       5760   max44009.o
       140         22          0          0          0     289989   misc.o
       430         18          0          0          0       2134   mqttconnectclient.o
       256          6          0          0          0       4338   mqttpacket.o
       164          0          0          0          0       1806   mqttserializepublish.o
       192          0          0          0          0       2298   mqttsubscribeclient.o
      2182        270          0         64          0       6138   password_md5.o
       974         56          0        372          9      11065   si4463.o
      2050        112          0          0          0      10041   si7021.o
        36          8        304          0       1536        864   startup_stm32f10x_hd.o
      3988        208          0          6          0      16544   stm32_configuration.o
       308         10          0          0          0       7877   stm32f10x_adc.o
       418         28          0          0          0       6148   stm32f10x_dma.o
       128         12          0          0          0       1657   stm32f10x_exti.o
       268         42          0          0          0       4781   stm32f10x_flash.o
       346         12          0          0          0       6605   stm32f10x_gpio.o
      1626        246          0         37       2185      16662   stm32f10x_it.o
        68         30          0          0          0       2562   stm32f10x_iwdg.o
       704        128          0         20          0      14464   stm32f10x_rcc.o
       126          0          0          0          0       4572   stm32f10x_spi.o
      1466        212          0          0          0      12506   stm32f10x_tim.o
       452         12          0          0          0       8576   stm32f10x_usart.o
       260         26          0          0          0       2257   system_stm32f10x.o
       524         48          0         20          0      23199   systemclock.o

    ----------------------------------------------------------------------
     53104       4090        984       1544      19832     594300   Object Totals
         0          0         32          0          0          0   (incl. Generated)
        52          0          4          6          6          0   (incl. Padding)

    ----------------------------------------------------------------------

      Code (inc. data)   RO Data    RW Data    ZI Data      Debug   Library Member Name

        62         10          0          0          0        340   dunder.o
        40          0          0          0          0         68   fpclassify.o
       170          0          0          0          0         96   poly.o
      2488        190        136          0          0        300   pow.o
         0          0          8          0          0          0   qnan.o
        76          0          0          0          0         84   sqrt.o
        86          0          0          0          0          0   __dczerorl2.o
         0          0          0          0          0          0   entry.o
         0          0          0          0          0          0   entry10a.o
         0          0          0          0          0          0   entry11a.o
         8          4          0          0          0          0   entry2.o
         4          0          0          0          0          0   entry5.o
         0          0          0          0          0          0   entry7b.o
         0          0          0          0          0          0   entry8b.o
         8          4          0          0          0          0   entry9a.o
        12          6          0          4          0         68   errno.o
        30          0          0          0          0          0   handlers.o
        36          8          0          0          0         68   init.o
         0          0          0          0          0          0   iusefp.o
        30          0          0          0          0         68   llshl.o
        36          0          0          0          0         68   llsshr.o
        32          0          0          0          0         68   llushr.o
       188         20          0          0          0        160   malloc.o
        36          0          0          0          0         68   memcpya.o
        36          0          0          0          0        108   memseta.o
         0          0          0          8          0          0   mvars.o
        14          0          0          0          0         68   strlen.o
        36          0          0          0          0         80   strstr.o
        48          0          0          0          0         68   cdrcmple.o
        56          0          0          0          0         88   d2f.o
       334          0          0          0          0        148   dadd.o
       222          0          0          0          0        100   ddiv.o
       186          0          0          0          0        176   depilogue.o
        50          0          0          0          0         76   dfixui.o
        34          0          0          0          0         76   dflti.o
        26          0          0          0          0         76   dfltui.o
       228          0          0          0          0         96   dmul.o
        46          0          0          0          0         80   dscalb.o
       162          0          0          0          0        100   dsqrt.o
        38          0          0          0          0         68   f2d.o
       176          0          0          0          0        140   fadd.o
       124          0          0          0          0         88   fdiv.o
       110          0          0          0          0        168   fepilogue.o
        50          0          0          0          0         68   ffixi.o
        40          0          0          0          0         68   ffixui.o
        18          0          0          0          0         68   fflti.o
        10          0          0          0          0         68   ffltui.o
       100          0          0          0          0         76   fmul.o

    ----------------------------------------------------------------------
      5496        242        144         12          0       3608   Library Totals
        10          0          0          0          0          0   (incl. Padding)

    ----------------------------------------------------------------------

      Code (inc. data)   RO Data    RW Data    ZI Data      Debug   Library Name

      2836        200        144          0          0        888   m_ws.l
       592         42          0         12          0        824   mc_w.l
      2058          0          0          0          0       1896   mf_w.l

    ----------------------------------------------------------------------
      5496        242        144         12          0       3608   Library Totals

    ----------------------------------------------------------------------

==============================================================================


      Code (inc. data)   RO Data    RW Data    ZI Data      Debug   

     58600       4332       1128       1556      19832     579940   Grand Totals
     58600       4332       1128        720      19832     579940   ELF Image Totals (compressed)
     58600       4332       1128        720          0          0   ROM Totals

==============================================================================

    Total RO  Size (Code + RO Data)                59728 (  58.33kB)
    Total RW  Size (RW Data + ZI Data)             21388 (  20.89kB)
    Total ROM Size (Code + RO Data + RW Data)      60448 (  59.03kB)

==============================================================================

